<?xml version="1.0" encoding="ISO-8859-1" ?>
<link_info>
   <banner>TMS320C2000 Linker PC v21.6.0.LTS</banner>
   <copyright>Copyright (c) 1996-2018 Texas Instruments Incorporated</copyright>
   <link_time>0x627ce27c</link_time>
   <link_errors>0x0</link_errors>
   <output_file>allDemo.out</output_file>
   <entry_point>
      <name>_c_int00</name>
      <address>0x101da1</address>
   </entry_point>
   <input_file_list>
      <input_file id="fl-2">
         <path>.\</path>
         <kind>object</kind>
         <file>DSP281x_GlobalVariableDefs.obj</file>
         <name>DSP281x_GlobalVariableDefs.obj</name>
      </input_file>
      <input_file id="fl-3">
         <path>.\</path>
         <kind>object</kind>
         <file>main.obj</file>
         <name>main.obj</name>
      </input_file>
      <input_file id="fl-4">
         <path>.\demos\</path>
         <kind>object</kind>
         <file>demo1.obj</file>
         <name>demo1.obj</name>
      </input_file>
      <input_file id="fl-5">
         <path>.\demos\</path>
         <kind>object</kind>
         <file>demo2.obj</file>
         <name>demo2.obj</name>
      </input_file>
      <input_file id="fl-6">
         <path>.\demos\</path>
         <kind>object</kind>
         <file>demo3.obj</file>
         <name>demo3.obj</name>
      </input_file>
      <input_file id="fl-7">
         <path>.\demos\</path>
         <kind>object</kind>
         <file>demo4.obj</file>
         <name>demo4.obj</name>
      </input_file>
      <input_file id="fl-8">
         <path>.\demos\</path>
         <kind>object</kind>
         <file>demo5.obj</file>
         <name>demo5.obj</name>
      </input_file>
      <input_file id="fl-9">
         <path>.\demos\</path>
         <kind>object</kind>
         <file>demo6.obj</file>
         <name>demo6.obj</name>
      </input_file>
      <input_file id="fl-a">
         <path>.\demos\</path>
         <kind>object</kind>
         <file>demo7.obj</file>
         <name>demo7.obj</name>
      </input_file>
      <input_file id="fl-b">
         <path>.\helper\</path>
         <kind>object</kind>
         <file>helper.obj</file>
         <name>helper.obj</name>
      </input_file>
      <input_file id="fl-c">
         <path>.\source\</path>
         <kind>object</kind>
         <file>DSP281x_Adc.obj</file>
         <name>DSP281x_Adc.obj</name>
      </input_file>
      <input_file id="fl-d">
         <path>.\source\</path>
         <kind>object</kind>
         <file>DSP281x_CSMPasswords.obj</file>
         <name>DSP281x_CSMPasswords.obj</name>
      </input_file>
      <input_file id="fl-e">
         <path>.\source\</path>
         <kind>object</kind>
         <file>DSP281x_CodeStartBranch.obj</file>
         <name>DSP281x_CodeStartBranch.obj</name>
      </input_file>
      <input_file id="fl-f">
         <path>.\source\</path>
         <kind>object</kind>
         <file>DSP281x_CpuTimers.obj</file>
         <name>DSP281x_CpuTimers.obj</name>
      </input_file>
      <input_file id="fl-10">
         <path>.\source\</path>
         <kind>object</kind>
         <file>DSP281x_DBGIER.obj</file>
         <name>DSP281x_DBGIER.obj</name>
      </input_file>
      <input_file id="fl-11">
         <path>.\source\</path>
         <kind>object</kind>
         <file>DSP281x_DefaultIsr.obj</file>
         <name>DSP281x_DefaultIsr.obj</name>
      </input_file>
      <input_file id="fl-12">
         <path>.\source\</path>
         <kind>object</kind>
         <file>DSP281x_ECan.obj</file>
         <name>DSP281x_ECan.obj</name>
      </input_file>
      <input_file id="fl-13">
         <path>.\source\</path>
         <kind>object</kind>
         <file>DSP281x_Ev.obj</file>
         <name>DSP281x_Ev.obj</name>
      </input_file>
      <input_file id="fl-14">
         <path>.\source\</path>
         <kind>object</kind>
         <file>DSP281x_Gpio.obj</file>
         <name>DSP281x_Gpio.obj</name>
      </input_file>
      <input_file id="fl-15">
         <path>.\source\</path>
         <kind>object</kind>
         <file>DSP281x_InitPeripherals.obj</file>
         <name>DSP281x_InitPeripherals.obj</name>
      </input_file>
      <input_file id="fl-16">
         <path>.\source\</path>
         <kind>object</kind>
         <file>DSP281x_MemCopy.obj</file>
         <name>DSP281x_MemCopy.obj</name>
      </input_file>
      <input_file id="fl-17">
         <path>.\source\</path>
         <kind>object</kind>
         <file>DSP281x_PieCtrl.obj</file>
         <name>DSP281x_PieCtrl.obj</name>
      </input_file>
      <input_file id="fl-18">
         <path>.\source\</path>
         <kind>object</kind>
         <file>DSP281x_PieVect.obj</file>
         <name>DSP281x_PieVect.obj</name>
      </input_file>
      <input_file id="fl-19">
         <path>.\source\</path>
         <kind>object</kind>
         <file>DSP281x_Sci.obj</file>
         <name>DSP281x_Sci.obj</name>
      </input_file>
      <input_file id="fl-1a">
         <path>.\source\</path>
         <kind>object</kind>
         <file>DSP281x_Spi.obj</file>
         <name>DSP281x_Spi.obj</name>
      </input_file>
      <input_file id="fl-1b">
         <path>.\source\</path>
         <kind>object</kind>
         <file>DSP281x_SysCtrl.obj</file>
         <name>DSP281x_SysCtrl.obj</name>
      </input_file>
      <input_file id="fl-1c">
         <path>.\source\</path>
         <kind>object</kind>
         <file>DSP281x_XIntrupt.obj</file>
         <name>DSP281x_XIntrupt.obj</name>
      </input_file>
      <input_file id="fl-1d">
         <path>.\source\</path>
         <kind>object</kind>
         <file>DSP281x_Xintf.obj</file>
         <name>DSP281x_Xintf.obj</name>
      </input_file>
      <input_file id="fl-1e">
         <path>.\source\</path>
         <kind>object</kind>
         <file>DSP281x_XintfBootReset.obj</file>
         <name>DSP281x_XintfBootReset.obj</name>
      </input_file>
      <input_file id="fl-1f">
         <path>.\source\</path>
         <kind>object</kind>
         <file>DSP281x_usDelay.obj</file>
         <name>DSP281x_usDelay.obj</name>
      </input_file>
      <input_file id="fl-24">
         <kind>object</kind>
         <file>&lt;internal&gt;</file>
         <name>&lt;internal&gt;</name>
      </input_file>
      <input_file id="fl-30">
         <path>E:\ccs11.2\installDir\ccs\tools\compiler\ti-cgt-c2000_21.6.0.LTS\lib\</path>
         <kind>archive</kind>
         <file>rts2800_ml.lib</file>
         <name>printf.c.obj</name>
      </input_file>
      <input_file id="fl-31">
         <path>E:\ccs11.2\installDir\ccs\tools\compiler\ti-cgt-c2000_21.6.0.LTS\lib\</path>
         <kind>archive</kind>
         <file>rts2800_ml.lib</file>
         <name>_printfi.c.obj</name>
      </input_file>
      <input_file id="fl-32">
         <path>E:\ccs11.2\installDir\ccs\tools\compiler\ti-cgt-c2000_21.6.0.LTS\lib\</path>
         <kind>archive</kind>
         <file>rts2800_ml.lib</file>
         <name>fputc.c.obj</name>
      </input_file>
      <input_file id="fl-33">
         <path>E:\ccs11.2\installDir\ccs\tools\compiler\ti-cgt-c2000_21.6.0.LTS\lib\</path>
         <kind>archive</kind>
         <file>rts2800_ml.lib</file>
         <name>fputs.c.obj</name>
      </input_file>
      <input_file id="fl-34">
         <path>E:\ccs11.2\installDir\ccs\tools\compiler\ti-cgt-c2000_21.6.0.LTS\lib\</path>
         <kind>archive</kind>
         <file>rts2800_ml.lib</file>
         <name>_io_perm.c.obj</name>
      </input_file>
      <input_file id="fl-35">
         <path>E:\ccs11.2\installDir\ccs\tools\compiler\ti-cgt-c2000_21.6.0.LTS\lib\</path>
         <kind>archive</kind>
         <file>rts2800_ml.lib</file>
         <name>setvbuf.c.obj</name>
      </input_file>
      <input_file id="fl-36">
         <path>E:\ccs11.2\installDir\ccs\tools\compiler\ti-cgt-c2000_21.6.0.LTS\lib\</path>
         <kind>archive</kind>
         <file>rts2800_ml.lib</file>
         <name>s_frexp.c.obj</name>
      </input_file>
      <input_file id="fl-37">
         <path>E:\ccs11.2\installDir\ccs\tools\compiler\ti-cgt-c2000_21.6.0.LTS\lib\</path>
         <kind>archive</kind>
         <file>rts2800_ml.lib</file>
         <name>s_scalbn.c.obj</name>
      </input_file>
      <input_file id="fl-38">
         <path>E:\ccs11.2\installDir\ccs\tools\compiler\ti-cgt-c2000_21.6.0.LTS\lib\</path>
         <kind>archive</kind>
         <file>rts2800_ml.lib</file>
         <name>boot28.asm.obj</name>
      </input_file>
      <input_file id="fl-39">
         <path>E:\ccs11.2\installDir\ccs\tools\compiler\ti-cgt-c2000_21.6.0.LTS\lib\</path>
         <kind>archive</kind>
         <file>rts2800_ml.lib</file>
         <name>fd_add28.asm.obj</name>
      </input_file>
      <input_file id="fl-3a">
         <path>E:\ccs11.2\installDir\ccs\tools\compiler\ti-cgt-c2000_21.6.0.LTS\lib\</path>
         <kind>archive</kind>
         <file>rts2800_ml.lib</file>
         <name>fd_cmp28.asm.obj</name>
      </input_file>
      <input_file id="fl-3b">
         <path>E:\ccs11.2\installDir\ccs\tools\compiler\ti-cgt-c2000_21.6.0.LTS\lib\</path>
         <kind>archive</kind>
         <file>rts2800_ml.lib</file>
         <name>fd_mpy28.asm.obj</name>
      </input_file>
      <input_file id="fl-3c">
         <path>E:\ccs11.2\installDir\ccs\tools\compiler\ti-cgt-c2000_21.6.0.LTS\lib\</path>
         <kind>archive</kind>
         <file>rts2800_ml.lib</file>
         <name>fd_neg28.asm.obj</name>
      </input_file>
      <input_file id="fl-3d">
         <path>E:\ccs11.2\installDir\ccs\tools\compiler\ti-cgt-c2000_21.6.0.LTS\lib\</path>
         <kind>archive</kind>
         <file>rts2800_ml.lib</file>
         <name>fd_sub28.asm.obj</name>
      </input_file>
      <input_file id="fl-3e">
         <path>E:\ccs11.2\installDir\ccs\tools\compiler\ti-cgt-c2000_21.6.0.LTS\lib\</path>
         <kind>archive</kind>
         <file>rts2800_ml.lib</file>
         <name>fd_toi28.asm.obj</name>
      </input_file>
      <input_file id="fl-3f">
         <path>E:\ccs11.2\installDir\ccs\tools\compiler\ti-cgt-c2000_21.6.0.LTS\lib\</path>
         <kind>archive</kind>
         <file>rts2800_ml.lib</file>
         <name>fd_tol28.asm.obj</name>
      </input_file>
      <input_file id="fl-40">
         <path>E:\ccs11.2\installDir\ccs\tools\compiler\ti-cgt-c2000_21.6.0.LTS\lib\</path>
         <kind>archive</kind>
         <file>rts2800_ml.lib</file>
         <name>fs_mpy28.asm.obj</name>
      </input_file>
      <input_file id="fl-41">
         <path>E:\ccs11.2\installDir\ccs\tools\compiler\ti-cgt-c2000_21.6.0.LTS\lib\</path>
         <kind>archive</kind>
         <file>rts2800_ml.lib</file>
         <name>fs_tol28.asm.obj</name>
      </input_file>
      <input_file id="fl-42">
         <path>E:\ccs11.2\installDir\ccs\tools\compiler\ti-cgt-c2000_21.6.0.LTS\lib\</path>
         <kind>archive</kind>
         <file>rts2800_ml.lib</file>
         <name>ll_aox28.asm.obj</name>
      </input_file>
      <input_file id="fl-43">
         <path>E:\ccs11.2\installDir\ccs\tools\compiler\ti-cgt-c2000_21.6.0.LTS\lib\</path>
         <kind>archive</kind>
         <file>rts2800_ml.lib</file>
         <name>ll_cmp28.asm.obj</name>
      </input_file>
      <input_file id="fl-44">
         <path>E:\ccs11.2\installDir\ccs\tools\compiler\ti-cgt-c2000_21.6.0.LTS\lib\</path>
         <kind>archive</kind>
         <file>rts2800_ml.lib</file>
         <name>ll_div28.asm.obj</name>
      </input_file>
      <input_file id="fl-45">
         <path>E:\ccs11.2\installDir\ccs\tools\compiler\ti-cgt-c2000_21.6.0.LTS\lib\</path>
         <kind>archive</kind>
         <file>rts2800_ml.lib</file>
         <name>i_tofd28.asm.obj</name>
      </input_file>
      <input_file id="fl-46">
         <path>E:\ccs11.2\installDir\ccs\tools\compiler\ti-cgt-c2000_21.6.0.LTS\lib\</path>
         <kind>archive</kind>
         <file>rts2800_ml.lib</file>
         <name>i_div28.asm.obj</name>
      </input_file>
      <input_file id="fl-47">
         <path>E:\ccs11.2\installDir\ccs\tools\compiler\ti-cgt-c2000_21.6.0.LTS\lib\</path>
         <kind>archive</kind>
         <file>rts2800_ml.lib</file>
         <name>u_div28.asm.obj</name>
      </input_file>
      <input_file id="fl-48">
         <path>E:\ccs11.2\installDir\ccs\tools\compiler\ti-cgt-c2000_21.6.0.LTS\lib\</path>
         <kind>archive</kind>
         <file>rts2800_ml.lib</file>
         <name>l_tofd28.asm.obj</name>
      </input_file>
      <input_file id="fl-49">
         <path>E:\ccs11.2\installDir\ccs\tools\compiler\ti-cgt-c2000_21.6.0.LTS\lib\</path>
         <kind>archive</kind>
         <file>rts2800_ml.lib</file>
         <name>fs_tofd28.asm.obj</name>
      </input_file>
      <input_file id="fl-4a">
         <path>E:\ccs11.2\installDir\ccs\tools\compiler\ti-cgt-c2000_21.6.0.LTS\lib\</path>
         <kind>archive</kind>
         <file>rts2800_ml.lib</file>
         <name>fd_div28.asm.obj</name>
      </input_file>
      <input_file id="fl-4b">
         <path>E:\ccs11.2\installDir\ccs\tools\compiler\ti-cgt-c2000_21.6.0.LTS\lib\</path>
         <kind>archive</kind>
         <file>rts2800_ml.lib</file>
         <name>cpy_tbl.c.obj</name>
      </input_file>
      <input_file id="fl-4c">
         <path>E:\ccs11.2\installDir\ccs\tools\compiler\ti-cgt-c2000_21.6.0.LTS\lib\</path>
         <kind>archive</kind>
         <file>rts2800_ml.lib</file>
         <name>memcpy.c.obj</name>
      </input_file>
      <input_file id="fl-4d">
         <path>E:\ccs11.2\installDir\ccs\tools\compiler\ti-cgt-c2000_21.6.0.LTS\lib\</path>
         <kind>archive</kind>
         <file>rts2800_ml.lib</file>
         <name>pre_init.c.obj</name>
      </input_file>
      <input_file id="fl-4e">
         <path>E:\ccs11.2\installDir\ccs\tools\compiler\ti-cgt-c2000_21.6.0.LTS\lib\</path>
         <kind>archive</kind>
         <file>rts2800_ml.lib</file>
         <name>startup.c.obj</name>
      </input_file>
      <input_file id="fl-4f">
         <path>E:\ccs11.2\installDir\ccs\tools\compiler\ti-cgt-c2000_21.6.0.LTS\lib\</path>
         <kind>archive</kind>
         <file>rts2800_ml.lib</file>
         <name>exit.c.obj</name>
      </input_file>
      <input_file id="fl-50">
         <path>E:\ccs11.2\installDir\ccs\tools\compiler\ti-cgt-c2000_21.6.0.LTS\lib\</path>
         <kind>archive</kind>
         <file>rts2800_ml.lib</file>
         <name>_lock.c.obj</name>
      </input_file>
      <input_file id="fl-51">
         <path>E:\ccs11.2\installDir\ccs\tools\compiler\ti-cgt-c2000_21.6.0.LTS\lib\</path>
         <kind>archive</kind>
         <file>rts2800_ml.lib</file>
         <name>_ltoa.c.obj</name>
      </input_file>
      <input_file id="fl-52">
         <path>E:\ccs11.2\installDir\ccs\tools\compiler\ti-cgt-c2000_21.6.0.LTS\lib\</path>
         <kind>archive</kind>
         <file>rts2800_ml.lib</file>
         <name>args_main.c.obj</name>
      </input_file>
      <input_file id="fl-53">
         <path>E:\ccs11.2\installDir\ccs\tools\compiler\ti-cgt-c2000_21.6.0.LTS\lib\</path>
         <kind>archive</kind>
         <file>rts2800_ml.lib</file>
         <name>atoi.c.obj</name>
      </input_file>
      <input_file id="fl-54">
         <path>E:\ccs11.2\installDir\ccs\tools\compiler\ti-cgt-c2000_21.6.0.LTS\lib\</path>
         <kind>archive</kind>
         <file>rts2800_ml.lib</file>
         <name>ctype.c.obj</name>
      </input_file>
      <input_file id="fl-55">
         <path>E:\ccs11.2\installDir\ccs\tools\compiler\ti-cgt-c2000_21.6.0.LTS\lib\</path>
         <kind>archive</kind>
         <file>rts2800_ml.lib</file>
         <name>defs.c.obj</name>
      </input_file>
      <input_file id="fl-56">
         <path>E:\ccs11.2\installDir\ccs\tools\compiler\ti-cgt-c2000_21.6.0.LTS\lib\</path>
         <kind>archive</kind>
         <file>rts2800_ml.lib</file>
         <name>memccpy.c.obj</name>
      </input_file>
      <input_file id="fl-57">
         <path>E:\ccs11.2\installDir\ccs\tools\compiler\ti-cgt-c2000_21.6.0.LTS\lib\</path>
         <kind>archive</kind>
         <file>rts2800_ml.lib</file>
         <name>memchr.c.obj</name>
      </input_file>
      <input_file id="fl-58">
         <path>E:\ccs11.2\installDir\ccs\tools\compiler\ti-cgt-c2000_21.6.0.LTS\lib\</path>
         <kind>archive</kind>
         <file>rts2800_ml.lib</file>
         <name>memory.c.obj</name>
      </input_file>
      <input_file id="fl-59">
         <path>E:\ccs11.2\installDir\ccs\tools\compiler\ti-cgt-c2000_21.6.0.LTS\lib\</path>
         <kind>archive</kind>
         <file>rts2800_ml.lib</file>
         <name>memset.c.obj</name>
      </input_file>
      <input_file id="fl-5a">
         <path>E:\ccs11.2\installDir\ccs\tools\compiler\ti-cgt-c2000_21.6.0.LTS\lib\</path>
         <kind>archive</kind>
         <file>rts2800_ml.lib</file>
         <name>strchr.c.obj</name>
      </input_file>
      <input_file id="fl-5b">
         <path>E:\ccs11.2\installDir\ccs\tools\compiler\ti-cgt-c2000_21.6.0.LTS\lib\</path>
         <kind>archive</kind>
         <file>rts2800_ml.lib</file>
         <name>strcpy.c.obj</name>
      </input_file>
      <input_file id="fl-5c">
         <path>E:\ccs11.2\installDir\ccs\tools\compiler\ti-cgt-c2000_21.6.0.LTS\lib\</path>
         <kind>archive</kind>
         <file>rts2800_ml.lib</file>
         <name>strlen.c.obj</name>
      </input_file>
      <input_file id="fl-5d">
         <path>E:\ccs11.2\installDir\ccs\tools\compiler\ti-cgt-c2000_21.6.0.LTS\lib\</path>
         <kind>archive</kind>
         <file>rts2800_ml.lib</file>
         <name>write.c.obj</name>
      </input_file>
      <input_file id="fl-5e">
         <path>E:\ccs11.2\installDir\ccs\tools\compiler\ti-cgt-c2000_21.6.0.LTS\lib\</path>
         <kind>archive</kind>
         <file>rts2800_ml.lib</file>
         <name>host_device.c.obj</name>
      </input_file>
      <input_file id="fl-5f">
         <path>E:\ccs11.2\installDir\ccs\tools\compiler\ti-cgt-c2000_21.6.0.LTS\lib\</path>
         <kind>archive</kind>
         <file>rts2800_ml.lib</file>
         <name>errno.c.obj</name>
      </input_file>
      <input_file id="fl-60">
         <path>E:\ccs11.2\installDir\ccs\tools\compiler\ti-cgt-c2000_21.6.0.LTS\lib\</path>
         <kind>archive</kind>
         <file>rts2800_ml.lib</file>
         <name>wcslen.c.obj</name>
      </input_file>
      <input_file id="fl-61">
         <path>E:\ccs11.2\installDir\ccs\tools\compiler\ti-cgt-c2000_21.6.0.LTS\lib\</path>
         <kind>archive</kind>
         <file>rts2800_ml.lib</file>
         <name>fflush.c.obj</name>
      </input_file>
      <input_file id="fl-62">
         <path>E:\ccs11.2\installDir\ccs\tools\compiler\ti-cgt-c2000_21.6.0.LTS\lib\</path>
         <kind>archive</kind>
         <file>rts2800_ml.lib</file>
         <name>fopen.c.obj</name>
      </input_file>
      <input_file id="fl-63">
         <path>E:\ccs11.2\installDir\ccs\tools\compiler\ti-cgt-c2000_21.6.0.LTS\lib\</path>
         <kind>archive</kind>
         <file>rts2800_ml.lib</file>
         <name>fseek.c.obj</name>
      </input_file>
      <input_file id="fl-64">
         <path>E:\ccs11.2\installDir\ccs\tools\compiler\ti-cgt-c2000_21.6.0.LTS\lib\</path>
         <kind>archive</kind>
         <file>rts2800_ml.lib</file>
         <name>s_copysign.c.obj</name>
      </input_file>
      <input_file id="fl-65">
         <path>E:\ccs11.2\installDir\ccs\tools\compiler\ti-cgt-c2000_21.6.0.LTS\lib\</path>
         <kind>archive</kind>
         <file>rts2800_ml.lib</file>
         <name>l_div28.asm.obj</name>
      </input_file>
      <input_file id="fl-66">
         <path>E:\ccs11.2\installDir\ccs\tools\compiler\ti-cgt-c2000_21.6.0.LTS\lib\</path>
         <kind>archive</kind>
         <file>rts2800_ml.lib</file>
         <name>hostclose.c.obj</name>
      </input_file>
      <input_file id="fl-67">
         <path>E:\ccs11.2\installDir\ccs\tools\compiler\ti-cgt-c2000_21.6.0.LTS\lib\</path>
         <kind>archive</kind>
         <file>rts2800_ml.lib</file>
         <name>hostlseek.c.obj</name>
      </input_file>
      <input_file id="fl-68">
         <path>E:\ccs11.2\installDir\ccs\tools\compiler\ti-cgt-c2000_21.6.0.LTS\lib\</path>
         <kind>archive</kind>
         <file>rts2800_ml.lib</file>
         <name>hostopen.c.obj</name>
      </input_file>
      <input_file id="fl-69">
         <path>E:\ccs11.2\installDir\ccs\tools\compiler\ti-cgt-c2000_21.6.0.LTS\lib\</path>
         <kind>archive</kind>
         <file>rts2800_ml.lib</file>
         <name>hostread.c.obj</name>
      </input_file>
      <input_file id="fl-6a">
         <path>E:\ccs11.2\installDir\ccs\tools\compiler\ti-cgt-c2000_21.6.0.LTS\lib\</path>
         <kind>archive</kind>
         <file>rts2800_ml.lib</file>
         <name>hostrename.c.obj</name>
      </input_file>
      <input_file id="fl-6b">
         <path>E:\ccs11.2\installDir\ccs\tools\compiler\ti-cgt-c2000_21.6.0.LTS\lib\</path>
         <kind>archive</kind>
         <file>rts2800_ml.lib</file>
         <name>hostunlink.c.obj</name>
      </input_file>
      <input_file id="fl-6c">
         <path>E:\ccs11.2\installDir\ccs\tools\compiler\ti-cgt-c2000_21.6.0.LTS\lib\</path>
         <kind>archive</kind>
         <file>rts2800_ml.lib</file>
         <name>hostwrite.c.obj</name>
      </input_file>
      <input_file id="fl-6d">
         <path>E:\ccs11.2\installDir\ccs\tools\compiler\ti-cgt-c2000_21.6.0.LTS\lib\</path>
         <kind>archive</kind>
         <file>rts2800_ml.lib</file>
         <name>trgmsg.c.obj</name>
      </input_file>
      <input_file id="fl-6e">
         <path>E:\ccs11.2\installDir\ccs\tools\compiler\ti-cgt-c2000_21.6.0.LTS\lib\</path>
         <kind>archive</kind>
         <file>rts2800_ml.lib</file>
         <name>open.c.obj</name>
      </input_file>
      <input_file id="fl-6f">
         <path>E:\ccs11.2\installDir\ccs\tools\compiler\ti-cgt-c2000_21.6.0.LTS\lib\</path>
         <kind>archive</kind>
         <file>rts2800_ml.lib</file>
         <name>lseek.c.obj</name>
      </input_file>
      <input_file id="fl-70">
         <path>E:\ccs11.2\installDir\ccs\tools\compiler\ti-cgt-c2000_21.6.0.LTS\lib\</path>
         <kind>archive</kind>
         <file>rts2800_ml.lib</file>
         <name>fclose.c.obj</name>
      </input_file>
      <input_file id="fl-71">
         <path>E:\ccs11.2\installDir\ccs\tools\compiler\ti-cgt-c2000_21.6.0.LTS\lib\</path>
         <kind>archive</kind>
         <file>rts2800_ml.lib</file>
         <name>getdevice.c.obj</name>
      </input_file>
      <input_file id="fl-72">
         <path>E:\ccs11.2\installDir\ccs\tools\compiler\ti-cgt-c2000_21.6.0.LTS\lib\</path>
         <kind>archive</kind>
         <file>rts2800_ml.lib</file>
         <name>strcmp.c.obj</name>
      </input_file>
      <input_file id="fl-73">
         <path>E:\ccs11.2\installDir\ccs\tools\compiler\ti-cgt-c2000_21.6.0.LTS\lib\</path>
         <kind>archive</kind>
         <file>rts2800_ml.lib</file>
         <name>strncpy.c.obj</name>
      </input_file>
      <input_file id="fl-74">
         <path>E:\ccs11.2\installDir\ccs\tools\compiler\ti-cgt-c2000_21.6.0.LTS\lib\</path>
         <kind>archive</kind>
         <file>rts2800_ml.lib</file>
         <name>remove.c.obj</name>
      </input_file>
      <input_file id="fl-75">
         <path>E:\ccs11.2\installDir\ccs\tools\compiler\ti-cgt-c2000_21.6.0.LTS\lib\</path>
         <kind>archive</kind>
         <file>rts2800_ml.lib</file>
         <name>close.c.obj</name>
      </input_file>
      <input_file id="fl-76">
         <path>E:\ccs11.2\installDir\ccs\tools\compiler\ti-cgt-c2000_21.6.0.LTS\lib\</path>
         <kind>archive</kind>
         <file>rts2800_ml.lib</file>
         <name>unlink.c.obj</name>
      </input_file>
   </input_file_list>
   <object_component_list>
      <object_component id="oc-43">
         <name>PieVectTableFile</name>
         <uninitialized>true</uninitialized>
         <run_address>0xd00</run_address>
         <size>0x100</size>
         <input_file_ref idref="fl-2"/>
      </object_component>
      <object_component id="oc-41">
         <name>DevEmuRegsFile</name>
         <uninitialized>true</uninitialized>
         <run_address>0x880</run_address>
         <size>0xd0</size>
         <input_file_ref idref="fl-2"/>
      </object_component>
      <object_component id="oc-2e">
         <name>FlashRegsFile</name>
         <uninitialized>true</uninitialized>
         <run_address>0xa80</run_address>
         <size>0x8</size>
         <input_file_ref idref="fl-2"/>
      </object_component>
      <object_component id="oc-32">
         <name>CsmRegsFile</name>
         <uninitialized>true</uninitialized>
         <run_address>0xae0</run_address>
         <size>0x10</size>
         <input_file_ref idref="fl-2"/>
      </object_component>
      <object_component id="oc-39">
         <name>XintfRegsFile</name>
         <uninitialized>true</uninitialized>
         <run_address>0xb20</run_address>
         <size>0x20</size>
         <input_file_ref idref="fl-2"/>
      </object_component>
      <object_component id="oc-2a">
         <name>CpuTimer0RegsFile</name>
         <uninitialized>true</uninitialized>
         <run_address>0xc00</run_address>
         <size>0x8</size>
         <input_file_ref idref="fl-2"/>
      </object_component>
      <object_component id="oc-2b">
         <name>CpuTimer1RegsFile</name>
         <uninitialized>true</uninitialized>
         <run_address>0xc08</run_address>
         <size>0x8</size>
         <input_file_ref idref="fl-2"/>
      </object_component>
      <object_component id="oc-2c">
         <name>CpuTimer2RegsFile</name>
         <uninitialized>true</uninitialized>
         <run_address>0xc10</run_address>
         <size>0x8</size>
         <input_file_ref idref="fl-2"/>
      </object_component>
      <object_component id="oc-35">
         <name>PieCtrlRegsFile</name>
         <uninitialized>true</uninitialized>
         <run_address>0xce0</run_address>
         <size>0x1a</size>
         <input_file_ref idref="fl-2"/>
      </object_component>
      <object_component id="oc-3d">
         <name>ECanaRegsFile</name>
         <uninitialized>true</uninitialized>
         <run_address>0x6000</run_address>
         <size>0x34</size>
         <input_file_ref idref="fl-2"/>
      </object_component>
      <object_component id="oc-3e">
         <name>ECanaLAMRegsFile</name>
         <uninitialized>true</uninitialized>
         <run_address>0x6040</run_address>
         <size>0x40</size>
         <input_file_ref idref="fl-2"/>
      </object_component>
      <object_component id="oc-42">
         <name>ECanaMboxesFile</name>
         <uninitialized>true</uninitialized>
         <run_address>0x6100</run_address>
         <size>0x100</size>
         <input_file_ref idref="fl-2"/>
      </object_component>
      <object_component id="oc-3f">
         <name>ECanaMOTSRegsFile</name>
         <uninitialized>true</uninitialized>
         <run_address>0x6080</run_address>
         <size>0x40</size>
         <input_file_ref idref="fl-2"/>
      </object_component>
      <object_component id="oc-40">
         <name>ECanaMOTORegsFile</name>
         <uninitialized>true</uninitialized>
         <run_address>0x60c0</run_address>
         <size>0x40</size>
         <input_file_ref idref="fl-2"/>
      </object_component>
      <object_component id="oc-38">
         <name>SysCtrlRegsFile</name>
         <uninitialized>true</uninitialized>
         <run_address>0x7010</run_address>
         <size>0x20</size>
         <input_file_ref idref="fl-2"/>
      </object_component>
      <object_component id="oc-31">
         <name>SpiaRegsFile</name>
         <uninitialized>true</uninitialized>
         <run_address>0x7040</run_address>
         <size>0x10</size>
         <input_file_ref idref="fl-2"/>
      </object_component>
      <object_component id="oc-2f">
         <name>SciaRegsFile</name>
         <uninitialized>true</uninitialized>
         <run_address>0x7050</run_address>
         <size>0x10</size>
         <input_file_ref idref="fl-2"/>
      </object_component>
      <object_component id="oc-33">
         <name>XIntruptRegsFile</name>
         <uninitialized>true</uninitialized>
         <run_address>0x7070</run_address>
         <size>0x10</size>
         <input_file_ref idref="fl-2"/>
      </object_component>
      <object_component id="oc-37">
         <name>GpioMuxRegsFile</name>
         <uninitialized>true</uninitialized>
         <run_address>0x70c0</run_address>
         <size>0x20</size>
         <input_file_ref idref="fl-2"/>
      </object_component>
      <object_component id="oc-36">
         <name>GpioDataRegsFile</name>
         <uninitialized>true</uninitialized>
         <run_address>0x70e0</run_address>
         <size>0x20</size>
         <input_file_ref idref="fl-2"/>
      </object_component>
      <object_component id="oc-34">
         <name>AdcRegsFile</name>
         <uninitialized>true</uninitialized>
         <run_address>0x7100</run_address>
         <size>0x1a</size>
         <input_file_ref idref="fl-2"/>
      </object_component>
      <object_component id="oc-3b">
         <name>EvaRegsFile</name>
         <uninitialized>true</uninitialized>
         <run_address>0x7400</run_address>
         <size>0x32</size>
         <input_file_ref idref="fl-2"/>
      </object_component>
      <object_component id="oc-3c">
         <name>EvbRegsFile</name>
         <uninitialized>true</uninitialized>
         <run_address>0x7500</run_address>
         <size>0x32</size>
         <input_file_ref idref="fl-2"/>
      </object_component>
      <object_component id="oc-30">
         <name>ScibRegsFile</name>
         <uninitialized>true</uninitialized>
         <run_address>0x7750</run_address>
         <size>0x10</size>
         <input_file_ref idref="fl-2"/>
      </object_component>
      <object_component id="oc-3a">
         <name>McbspaRegsFile</name>
         <uninitialized>true</uninitialized>
         <run_address>0x7800</run_address>
         <size>0x25</size>
         <input_file_ref idref="fl-2"/>
      </object_component>
      <object_component id="oc-2d">
         <name>CsmPwlFile</name>
         <uninitialized>true</uninitialized>
         <run_address>0x3f7ff8</run_address>
         <size>0x8</size>
         <input_file_ref idref="fl-2"/>
      </object_component>
      <object_component id="oc-8a">
         <name>codestart</name>
         <load_address>0x3f8000</load_address>
         <run_address>0x3f8000</run_address>
         <size>0x2</size>
         <input_file_ref idref="fl-e"/>
      </object_component>
      <object_component id="oc-e2">
         <name>ramfuncs</name>
         <load_address>0x3f80c7</load_address>
         <run_address>0x3f80c7</run_address>
         <size>0x4</size>
         <input_file_ref idref="fl-1f"/>
      </object_component>
      <object_component id="oc-26d">
         <name>.text</name>
         <load_address>0x100000</load_address>
         <run_address>0x100000</run_address>
         <size>0x69c</size>
         <input_file_ref idref="fl-31"/>
      </object_component>
      <object_component id="oc-262">
         <name>.text:__TI_printfi</name>
         <load_address>0x10069c</load_address>
         <run_address>0x10069c</run_address>
         <size>0x5fc</size>
         <input_file_ref idref="fl-31"/>
      </object_component>
      <object_component id="oc-28a">
         <name>.text</name>
         <load_address>0x100c98</load_address>
         <run_address>0x100c98</run_address>
         <size>0x289</size>
         <input_file_ref idref="fl-58"/>
      </object_component>
      <object_component id="oc-271">
         <name>.text</name>
         <load_address>0x100f21</load_address>
         <run_address>0x100f21</run_address>
         <size>0x14f</size>
         <input_file_ref idref="fl-6"/>
      </object_component>
      <object_component id="oc-9b">
         <name>.text:retain</name>
         <load_address>0x101070</load_address>
         <run_address>0x101070</run_address>
         <size>0x14f</size>
         <input_file_ref idref="fl-11"/>
      </object_component>
      <object_component id="oc-28b">
         <name>.text</name>
         <load_address>0x1011bf</load_address>
         <run_address>0x1011bf</run_address>
         <size>0x11e</size>
         <input_file_ref idref="fl-62"/>
      </object_component>
      <object_component id="oc-263">
         <name>.text</name>
         <load_address>0x1012dd</load_address>
         <run_address>0x1012dd</run_address>
         <size>0x11b</size>
         <input_file_ref idref="fl-a"/>
      </object_component>
      <object_component id="oc-151">
         <name>.text</name>
         <load_address>0x1013f8</load_address>
         <run_address>0x1013f8</run_address>
         <size>0x107</size>
         <input_file_ref idref="fl-44"/>
      </object_component>
      <object_component id="oc-272">
         <name>.text</name>
         <load_address>0x1014ff</load_address>
         <run_address>0x1014ff</run_address>
         <size>0xfd</size>
         <input_file_ref idref="fl-5"/>
      </object_component>
      <object_component id="oc-281">
         <name>.text</name>
         <load_address>0x1015fc</load_address>
         <run_address>0x1015fc</run_address>
         <size>0xac</size>
         <input_file_ref idref="fl-37"/>
      </object_component>
      <object_component id="oc-25d">
         <name>.text</name>
         <load_address>0x1016a8</load_address>
         <run_address>0x1016a8</run_address>
         <size>0xa3</size>
         <input_file_ref idref="fl-33"/>
      </object_component>
      <object_component id="oc-11a">
         <name>.text</name>
         <load_address>0x10174b</load_address>
         <run_address>0x10174b</run_address>
         <size>0x9c</size>
         <input_file_ref idref="fl-39"/>
      </object_component>
      <object_component id="oc-29d">
         <name>.text</name>
         <load_address>0x1017e7</load_address>
         <run_address>0x1017e7</run_address>
         <size>0x94</size>
         <input_file_ref idref="fl-6d"/>
      </object_component>
      <object_component id="oc-16f">
         <name>.text</name>
         <load_address>0x10187b</load_address>
         <run_address>0x10187b</run_address>
         <size>0x8b</size>
         <input_file_ref idref="fl-4a"/>
      </object_component>
      <object_component id="oc-270">
         <name>.text</name>
         <load_address>0x101906</load_address>
         <run_address>0x101906</run_address>
         <size>0x86</size>
         <input_file_ref idref="fl-1b"/>
      </object_component>
      <object_component id="oc-124">
         <name>.text</name>
         <load_address>0x10198c</load_address>
         <run_address>0x10198c</run_address>
         <size>0x83</size>
         <input_file_ref idref="fl-3b"/>
      </object_component>
      <object_component id="oc-27b">
         <name>.text</name>
         <load_address>0x101a0f</load_address>
         <run_address>0x101a0f</run_address>
         <size>0x79</size>
         <input_file_ref idref="fl-35"/>
      </object_component>
      <object_component id="oc-28f">
         <name>.text</name>
         <load_address>0x101a88</load_address>
         <run_address>0x101a88</run_address>
         <size>0x6f</size>
         <input_file_ref idref="fl-6e"/>
      </object_component>
      <object_component id="oc-266">
         <name>.text</name>
         <load_address>0x101af7</load_address>
         <run_address>0x101af7</run_address>
         <size>0x6b</size>
         <input_file_ref idref="fl-61"/>
      </object_component>
      <object_component id="oc-275">
         <name>.text</name>
         <load_address>0x101b62</load_address>
         <run_address>0x101b62</run_address>
         <size>0x6a</size>
         <input_file_ref idref="fl-f"/>
      </object_component>
      <object_component id="oc-265">
         <name>.text</name>
         <load_address>0x101bcc</load_address>
         <run_address>0x101bcc</run_address>
         <size>0x67</size>
         <input_file_ref idref="fl-34"/>
      </object_component>
      <object_component id="oc-295">
         <name>.text</name>
         <load_address>0x101c33</load_address>
         <run_address>0x101c33</run_address>
         <size>0x5d</size>
         <input_file_ref idref="fl-67"/>
      </object_component>
      <object_component id="oc-280">
         <name>.text</name>
         <load_address>0x101c90</load_address>
         <run_address>0x101c90</run_address>
         <size>0x5c</size>
         <input_file_ref idref="fl-36"/>
      </object_component>
      <object_component id="oc-290">
         <name>.text</name>
         <load_address>0x101cec</load_address>
         <run_address>0x101cec</run_address>
         <size>0x5b</size>
         <input_file_ref idref="fl-70"/>
      </object_component>
      <object_component id="oc-13d">
         <name>.text</name>
         <load_address>0x101d47</load_address>
         <run_address>0x101d47</run_address>
         <size>0x5a</size>
         <input_file_ref idref="fl-40"/>
      </object_component>
      <object_component id="oc-28">
         <name>.text</name>
         <load_address>0x101da1</load_address>
         <run_address>0x101da1</run_address>
         <size>0x54</size>
         <input_file_ref idref="fl-38"/>
      </object_component>
      <object_component id="oc-298">
         <name>.text</name>
         <load_address>0x101df5</load_address>
         <run_address>0x101df5</run_address>
         <size>0x50</size>
         <input_file_ref idref="fl-71"/>
      </object_component>
      <object_component id="oc-25c">
         <name>.text</name>
         <load_address>0x101e45</load_address>
         <run_address>0x101e45</run_address>
         <size>0x4f</size>
         <input_file_ref idref="fl-32"/>
      </object_component>
      <object_component id="oc-297">
         <name>.text</name>
         <load_address>0x101e94</load_address>
         <run_address>0x101e94</run_address>
         <size>0x3f</size>
         <input_file_ref idref="fl-6a"/>
      </object_component>
      <object_component id="oc-27a">
         <name>.text</name>
         <load_address>0x101ed3</load_address>
         <run_address>0x101ed3</run_address>
         <size>0x3d</size>
         <input_file_ref idref="fl-63"/>
      </object_component>
      <object_component id="oc-291">
         <name>.text</name>
         <load_address>0x101f10</load_address>
         <run_address>0x101f10</run_address>
         <size>0x39</size>
         <input_file_ref idref="fl-68"/>
      </object_component>
      <object_component id="oc-293">
         <name>.text</name>
         <load_address>0x101f49</load_address>
         <run_address>0x101f49</run_address>
         <size>0x38</size>
         <input_file_ref idref="fl-69"/>
      </object_component>
      <object_component id="oc-294">
         <name>.text</name>
         <load_address>0x101f81</load_address>
         <run_address>0x101f81</run_address>
         <size>0x38</size>
         <input_file_ref idref="fl-6c"/>
      </object_component>
      <object_component id="oc-62">
         <name>.text:retain</name>
         <load_address>0x101fb9</load_address>
         <run_address>0x101fb9</run_address>
         <size>0x35</size>
         <input_file_ref idref="fl-7"/>
      </object_component>
      <object_component id="oc-257">
         <name>.text</name>
         <load_address>0x101fee</load_address>
         <run_address>0x101fee</run_address>
         <size>0x34</size>
         <input_file_ref idref="fl-30"/>
      </object_component>
      <object_component id="oc-299">
         <name>.text</name>
         <load_address>0x102022</load_address>
         <run_address>0x102022</run_address>
         <size>0x33</size>
         <input_file_ref idref="fl-75"/>
      </object_component>
      <object_component id="oc-26a">
         <name>.text</name>
         <load_address>0x102055</load_address>
         <run_address>0x102055</run_address>
         <size>0x31</size>
         <input_file_ref idref="fl-53"/>
      </object_component>
      <object_component id="oc-27f">
         <name>.text</name>
         <load_address>0x102086</load_address>
         <run_address>0x102086</run_address>
         <size>0x2e</size>
         <input_file_ref idref="fl-51"/>
      </object_component>
      <object_component id="oc-11f">
         <name>.text</name>
         <load_address>0x1020b4</load_address>
         <run_address>0x1020b4</run_address>
         <size>0x2a</size>
         <input_file_ref idref="fl-3a"/>
      </object_component>
      <object_component id="oc-1f5">
         <name>.text</name>
         <load_address>0x1020de</load_address>
         <run_address>0x1020de</run_address>
         <size>0x2a</size>
         <input_file_ref idref="fl-65"/>
      </object_component>
      <object_component id="oc-256">
         <name>.text</name>
         <load_address>0x102108</load_address>
         <run_address>0x102108</run_address>
         <size>0x29</size>
         <input_file_ref idref="fl-4f"/>
      </object_component>
      <object_component id="oc-142">
         <name>.text</name>
         <load_address>0x102131</load_address>
         <run_address>0x102131</run_address>
         <size>0x29</size>
         <input_file_ref idref="fl-41"/>
      </object_component>
      <object_component id="oc-273">
         <name>.text</name>
         <load_address>0x10215a</load_address>
         <run_address>0x10215a</run_address>
         <size>0x28</size>
         <input_file_ref idref="fl-17"/>
      </object_component>
      <object_component id="oc-292">
         <name>.text</name>
         <load_address>0x102182</load_address>
         <run_address>0x102182</run_address>
         <size>0x27</size>
         <input_file_ref idref="fl-66"/>
      </object_component>
      <object_component id="oc-7a">
         <name>.text:retain</name>
         <load_address>0x1021a9</load_address>
         <run_address>0x1021a9</run_address>
         <size>0x25</size>
         <input_file_ref idref="fl-a"/>
      </object_component>
      <object_component id="oc-296">
         <name>.text</name>
         <load_address>0x1021ce</load_address>
         <run_address>0x1021ce</run_address>
         <size>0x25</size>
         <input_file_ref idref="fl-6b"/>
      </object_component>
      <object_component id="oc-253">
         <name>.text</name>
         <load_address>0x1021f3</load_address>
         <run_address>0x1021f3</run_address>
         <size>0x24</size>
         <input_file_ref idref="fl-4b"/>
      </object_component>
      <object_component id="oc-28e">
         <name>.text</name>
         <load_address>0x102217</load_address>
         <run_address>0x102217</run_address>
         <size>0x23</size>
         <input_file_ref idref="fl-64"/>
      </object_component>
      <object_component id="oc-15b">
         <name>.text</name>
         <load_address>0x10223a</load_address>
         <run_address>0x10223a</run_address>
         <size>0x22</size>
         <input_file_ref idref="fl-46"/>
      </object_component>
      <object_component id="oc-133">
         <name>.text</name>
         <load_address>0x10225c</load_address>
         <run_address>0x10225c</run_address>
         <size>0x21</size>
         <input_file_ref idref="fl-3e"/>
      </object_component>
      <object_component id="oc-274">
         <name>.text</name>
         <load_address>0x10227d</load_address>
         <run_address>0x10227d</run_address>
         <size>0x20</size>
         <input_file_ref idref="fl-18"/>
      </object_component>
      <object_component id="oc-138">
         <name>.text</name>
         <load_address>0x10229d</load_address>
         <run_address>0x10229d</run_address>
         <size>0x1f</size>
         <input_file_ref idref="fl-3f"/>
      </object_component>
      <object_component id="oc-14c">
         <name>.text</name>
         <load_address>0x1022bc</load_address>
         <run_address>0x1022bc</run_address>
         <size>0x1e</size>
         <input_file_ref idref="fl-43"/>
      </object_component>
      <object_component id="oc-156">
         <name>.text</name>
         <load_address>0x1022da</load_address>
         <run_address>0x1022da</run_address>
         <size>0x1d</size>
         <input_file_ref idref="fl-45"/>
      </object_component>
      <object_component id="oc-258">
         <name>.text</name>
         <load_address>0x1022f7</load_address>
         <run_address>0x1022f7</run_address>
         <size>0x1d</size>
         <input_file_ref idref="fl-4c"/>
      </object_component>
      <object_component id="oc-16a">
         <name>.text</name>
         <load_address>0x102314</load_address>
         <run_address>0x102314</run_address>
         <size>0x1c</size>
         <input_file_ref idref="fl-49"/>
      </object_component>
      <object_component id="oc-165">
         <name>.text</name>
         <load_address>0x102330</load_address>
         <run_address>0x102330</run_address>
         <size>0x1c</size>
         <input_file_ref idref="fl-48"/>
      </object_component>
      <object_component id="oc-2a0">
         <name>.text</name>
         <load_address>0x10234c</load_address>
         <run_address>0x10234c</run_address>
         <size>0x19</size>
         <input_file_ref idref="fl-76"/>
      </object_component>
      <object_component id="oc-147">
         <name>.text</name>
         <load_address>0x102365</load_address>
         <run_address>0x102365</run_address>
         <size>0x18</size>
         <input_file_ref idref="fl-42"/>
      </object_component>
      <object_component id="oc-289">
         <name>.text</name>
         <load_address>0x10237d</load_address>
         <run_address>0x10237d</run_address>
         <size>0x18</size>
         <input_file_ref idref="fl-6f"/>
      </object_component>
      <object_component id="oc-267">
         <name>.text</name>
         <load_address>0x102395</load_address>
         <run_address>0x102395</run_address>
         <size>0x18</size>
         <input_file_ref idref="fl-5d"/>
      </object_component>
      <object_component id="oc-29f">
         <name>.text</name>
         <load_address>0x1023ad</load_address>
         <run_address>0x1023ad</run_address>
         <size>0x15</size>
         <input_file_ref idref="fl-73"/>
      </object_component>
      <object_component id="oc-255">
         <name>.text</name>
         <load_address>0x1023c2</load_address>
         <run_address>0x1023c2</run_address>
         <size>0x11</size>
         <input_file_ref idref="fl-52"/>
      </object_component>
      <object_component id="oc-26e">
         <name>.text</name>
         <load_address>0x1023d3</load_address>
         <run_address>0x1023d3</run_address>
         <size>0x10</size>
         <input_file_ref idref="fl-56"/>
      </object_component>
      <object_component id="oc-72">
         <name>.text:retain</name>
         <load_address>0x1023e3</load_address>
         <run_address>0x1023e3</run_address>
         <size>0xe</size>
         <input_file_ref idref="fl-9"/>
      </object_component>
      <object_component id="oc-12e">
         <name>.text</name>
         <load_address>0x1023f1</load_address>
         <run_address>0x1023f1</run_address>
         <size>0xe</size>
         <input_file_ref idref="fl-3d"/>
      </object_component>
      <object_component id="oc-269">
         <name>.text</name>
         <load_address>0x1023ff</load_address>
         <run_address>0x1023ff</run_address>
         <size>0xd</size>
         <input_file_ref idref="fl-57"/>
      </object_component>
      <object_component id="oc-282">
         <name>.text</name>
         <load_address>0x10240c</load_address>
         <run_address>0x10240c</run_address>
         <size>0xb</size>
         <input_file_ref idref="fl-5a"/>
      </object_component>
      <object_component id="oc-160">
         <name>.text</name>
         <load_address>0x102417</load_address>
         <run_address>0x102417</run_address>
         <size>0xb</size>
         <input_file_ref idref="fl-47"/>
      </object_component>
      <object_component id="oc-29e">
         <name>.text</name>
         <load_address>0x102422</load_address>
         <run_address>0x102422</run_address>
         <size>0xa</size>
         <input_file_ref idref="fl-72"/>
      </object_component>
      <object_component id="oc-264">
         <name>.text</name>
         <load_address>0x10242c</load_address>
         <run_address>0x10242c</run_address>
         <size>0x9</size>
         <input_file_ref idref="fl-50"/>
      </object_component>
      <object_component id="oc-129">
         <name>.text</name>
         <load_address>0x102435</load_address>
         <run_address>0x102435</run_address>
         <size>0x9</size>
         <input_file_ref idref="fl-3c"/>
      </object_component>
      <object_component id="oc-89">
         <name>.text</name>
         <load_address>0x10243e</load_address>
         <run_address>0x10243e</run_address>
         <size>0x8</size>
         <input_file_ref idref="fl-e"/>
      </object_component>
      <object_component id="oc-dc">
         <name>.text</name>
         <load_address>0x102446</load_address>
         <run_address>0x102446</run_address>
         <size>0x8</size>
         <input_file_ref idref="fl-1e"/>
      </object_component>
      <object_component id="oc-268">
         <name>.text</name>
         <load_address>0x10244e</load_address>
         <run_address>0x10244e</run_address>
         <size>0x8</size>
         <input_file_ref idref="fl-5c"/>
      </object_component>
      <object_component id="oc-26f">
         <name>.text</name>
         <load_address>0x102456</load_address>
         <run_address>0x102456</run_address>
         <size>0x8</size>
         <input_file_ref idref="fl-60"/>
      </object_component>
      <object_component id="oc-26b">
         <name>.text</name>
         <load_address>0x10245e</load_address>
         <run_address>0x10245e</run_address>
         <size>0x7</size>
         <input_file_ref idref="fl-59"/>
      </object_component>
      <object_component id="oc-26c">
         <name>.text</name>
         <load_address>0x102465</load_address>
         <run_address>0x102465</run_address>
         <size>0x5</size>
         <input_file_ref idref="fl-5b"/>
      </object_component>
      <object_component id="oc-259">
         <name>.text</name>
         <load_address>0x10246a</load_address>
         <run_address>0x10246a</run_address>
         <size>0x4</size>
         <input_file_ref idref="fl-3"/>
      </object_component>
      <object_component id="oc-95">
         <name>.text</name>
         <load_address>0x10246e</load_address>
         <run_address>0x10246e</run_address>
         <size>0x3</size>
         <input_file_ref idref="fl-10"/>
      </object_component>
      <object_component id="oc-29b">
         <name>.text</name>
         <load_address>0x102471</load_address>
         <run_address>0x102471</run_address>
         <size>0x3</size>
         <input_file_ref idref="fl-74"/>
      </object_component>
      <object_component id="oc-252">
         <name>.text</name>
         <load_address>0x102474</load_address>
         <run_address>0x102474</run_address>
         <size>0x2</size>
         <input_file_ref idref="fl-4d"/>
      </object_component>
      <object_component id="oc-254">
         <name>.text</name>
         <load_address>0x102476</load_address>
         <run_address>0x102476</run_address>
         <size>0x1</size>
         <input_file_ref idref="fl-4e"/>
      </object_component>
      <object_component id="oc-25f">
         <name>.cinit:__ftable</name>
         <load_address>0x3f8002</load_address>
         <run_address>0x3f8002</run_address>
         <size>0x26</size>
         <input_file_ref idref="fl-55"/>
      </object_component>
      <object_component id="oc-28d">
         <name>.cinit:__device</name>
         <load_address>0x3f8028</load_address>
         <run_address>0x3f8028</run_address>
         <size>0x1b</size>
         <input_file_ref idref="fl-5e"/>
      </object_component>
      <object_component id="oc-27d">
         <name>.cinit:__stream</name>
         <load_address>0x3f8043</load_address>
         <run_address>0x3f8043</run_address>
         <size>0xe</size>
         <input_file_ref idref="fl-5e"/>
      </object_component>
      <object_component id="oc-189">
         <name>.cinit</name>
         <load_address>0x3f8051</load_address>
         <run_address>0x3f8051</run_address>
         <size>0xe</size>
         <input_file_ref idref="fl-4f"/>
      </object_component>
      <object_component id="oc-286">
         <name>.cinit:_msg</name>
         <load_address>0x3f805f</load_address>
         <run_address>0x3f805f</run_address>
         <size>0xd</size>
         <input_file_ref idref="fl-6"/>
      </object_component>
      <object_component id="oc-279">
         <name>.cinit:_msg</name>
         <load_address>0x3f806c</load_address>
         <run_address>0x3f806c</run_address>
         <size>0xd</size>
         <input_file_ref idref="fl-a"/>
      </object_component>
      <object_component id="oc-60">
         <name>.cinit</name>
         <load_address>0x3f8079</load_address>
         <run_address>0x3f8079</run_address>
         <size>0xd</size>
         <input_file_ref idref="fl-7"/>
      </object_component>
      <object_component id="oc-59">
         <name>.cinit</name>
         <load_address>0x3f8086</load_address>
         <run_address>0x3f8086</run_address>
         <size>0x8</size>
         <input_file_ref idref="fl-6"/>
      </object_component>
      <object_component id="oc-78">
         <name>.cinit</name>
         <load_address>0x3f808e</load_address>
         <run_address>0x3f808e</run_address>
         <size>0x8</size>
         <input_file_ref idref="fl-a"/>
      </object_component>
      <object_component id="oc-25b">
         <name>.cinit:__lock</name>
         <load_address>0x3f8096</load_address>
         <run_address>0x3f8096</run_address>
         <size>0x5</size>
         <input_file_ref idref="fl-50"/>
      </object_component>
      <object_component id="oc-261">
         <name>.cinit:__unlock</name>
         <load_address>0x3f809b</load_address>
         <run_address>0x3f809b</run_address>
         <size>0x5</size>
         <input_file_ref idref="fl-50"/>
      </object_component>
      <object_component id="oc-4b">
         <name>.cinit</name>
         <load_address>0x3f80a0</load_address>
         <run_address>0x3f80a0</run_address>
         <size>0x5</size>
         <input_file_ref idref="fl-4"/>
      </object_component>
      <object_component id="oc-284">
         <name>.cinit:_DisData_Bit</name>
         <load_address>0x3f80a5</load_address>
         <run_address>0x3f80a5</run_address>
         <size>0x4</size>
         <input_file_ref idref="fl-6"/>
      </object_component>
      <object_component id="oc-277">
         <name>.cinit:_DisData_Bit</name>
         <load_address>0x3f80a9</load_address>
         <run_address>0x3f80a9</run_address>
         <size>0x4</size>
         <input_file_ref idref="fl-a"/>
      </object_component>
      <object_component id="oc-69">
         <name>.cinit</name>
         <load_address>0x3f80ad</load_address>
         <run_address>0x3f80ad</run_address>
         <size>0x4</size>
         <input_file_ref idref="fl-8"/>
      </object_component>
      <object_component id="oc-1a6">
         <name>.cinit</name>
         <load_address>0x3f80b1</load_address>
         <run_address>0x3f80b1</run_address>
         <size>0x4</size>
         <input_file_ref idref="fl-55"/>
      </object_component>
      <object_component id="oc-1d7">
         <name>.cinit</name>
         <load_address>0x3f80b5</load_address>
         <run_address>0x3f80b5</run_address>
         <size>0x4</size>
         <input_file_ref idref="fl-5f"/>
      </object_component>
      <object_component id="oc-1e5">
         <name>.cinit</name>
         <load_address>0x3f80b9</load_address>
         <run_address>0x3f80b9</run_address>
         <size>0x4</size>
         <input_file_ref idref="fl-62"/>
      </object_component>
      <object_component id="oc-1b4">
         <name>.cinit</name>
         <load_address>0x3f80bd</load_address>
         <run_address>0x3f80bd</run_address>
         <size>0x4</size>
         <input_file_ref idref="fl-58"/>
      </object_component>
      <object_component id="oc-224">
         <name>.cinit</name>
         <load_address>0x3f80c1</load_address>
         <run_address>0x3f80c1</run_address>
         <size>0x4</size>
         <input_file_ref idref="fl-6e"/>
      </object_component>
      <object_component id="oc-115">
         <name>.reset</name>
         <load_address>0x3fffc0</load_address>
         <run_address>0x3fffc0</run_address>
         <size>0x2</size>
         <input_file_ref idref="fl-38"/>
      </object_component>
      <object_component id="oc-114">
         <name>.stack</name>
         <uninitialized>true</uninitialized>
         <run_address>0x400</run_address>
         <size>0x0</size>
         <input_file_ref idref="fl-38"/>
      </object_component>
      <object_component id="oc-2da">
         <name>.stack</name>
         <uninitialized>true</uninitialized>
         <run_address>0x400</run_address>
         <size>0x0</size>
      </object_component>
      <object_component id="oc-4c">
         <name>.ebss</name>
         <uninitialized>true</uninitialized>
         <run_address>0x10263e</run_address>
         <size>0x2</size>
         <input_file_ref idref="fl-4"/>
      </object_component>
      <object_component id="oc-52">
         <name>.ebss</name>
         <uninitialized>true</uninitialized>
         <run_address>0x102667</run_address>
         <size>0x2</size>
         <input_file_ref idref="fl-5"/>
      </object_component>
      <object_component id="oc-287">
         <name>.ebss:_key_press</name>
         <uninitialized>true</uninitialized>
         <run_address>0x10264a</run_address>
         <size>0x9</size>
         <input_file_ref idref="fl-5"/>
      </object_component>
      <object_component id="oc-5a">
         <name>.ebss</name>
         <uninitialized>true</uninitialized>
         <run_address>0x102669</run_address>
         <size>0x2</size>
         <input_file_ref idref="fl-6"/>
      </object_component>
      <object_component id="oc-283">
         <name>.ebss:_DisData_Bit</name>
         <uninitialized>true</uninitialized>
         <run_address>0x10263a</run_address>
         <size>0x4</size>
         <input_file_ref idref="fl-6"/>
      </object_component>
      <object_component id="oc-285">
         <name>.ebss:_msg</name>
         <uninitialized>true</uninitialized>
         <run_address>0x102630</run_address>
         <size>0xa</size>
         <input_file_ref idref="fl-6"/>
      </object_component>
      <object_component id="oc-61">
         <name>.ebss</name>
         <uninitialized>true</uninitialized>
         <run_address>0x102658</run_address>
         <size>0x4</size>
         <input_file_ref idref="fl-7"/>
      </object_component>
      <object_component id="oc-6a">
         <name>.ebss</name>
         <uninitialized>true</uninitialized>
         <run_address>0x102538</run_address>
         <size>0x6</size>
         <input_file_ref idref="fl-8"/>
      </object_component>
      <object_component id="oc-71">
         <name>.ebss</name>
         <uninitialized>true</uninitialized>
         <run_address>0x10265c</run_address>
         <size>0x4</size>
         <input_file_ref idref="fl-9"/>
      </object_component>
      <object_component id="oc-79">
         <name>.ebss</name>
         <uninitialized>true</uninitialized>
         <run_address>0x102664</run_address>
         <size>0x3</size>
         <input_file_ref idref="fl-a"/>
      </object_component>
      <object_component id="oc-276">
         <name>.ebss:_DisData_Bit</name>
         <uninitialized>true</uninitialized>
         <run_address>0x102653</run_address>
         <size>0x4</size>
         <input_file_ref idref="fl-a"/>
      </object_component>
      <object_component id="oc-278">
         <name>.ebss:_msg</name>
         <uninitialized>true</uninitialized>
         <run_address>0x102640</run_address>
         <size>0xa</size>
         <input_file_ref idref="fl-a"/>
      </object_component>
      <object_component id="oc-90">
         <name>.ebss</name>
         <uninitialized>true</uninitialized>
         <run_address>0x102520</run_address>
         <size>0x18</size>
         <input_file_ref idref="fl-f"/>
      </object_component>
      <object_component id="oc-18a">
         <name>.ebss</name>
         <uninitialized>true</uninitialized>
         <run_address>0x1025b8</run_address>
         <size>0x6</size>
         <input_file_ref idref="fl-4f"/>
      </object_component>
      <object_component id="oc-25a">
         <name>.ebss:__lock</name>
         <uninitialized>true</uninitialized>
         <run_address>0x10253e</run_address>
         <size>0x2</size>
         <input_file_ref idref="fl-50"/>
      </object_component>
      <object_component id="oc-260">
         <name>.ebss:__unlock</name>
         <uninitialized>true</uninitialized>
         <run_address>0x1025be</run_address>
         <size>0x2</size>
         <input_file_ref idref="fl-50"/>
      </object_component>
      <object_component id="oc-1a7">
         <name>.ebss</name>
         <uninitialized>true</uninitialized>
         <run_address>0x102657</run_address>
         <size>0x1</size>
         <input_file_ref idref="fl-55"/>
      </object_component>
      <object_component id="oc-25e">
         <name>.ebss:__ftable</name>
         <uninitialized>true</uninitialized>
         <run_address>0x102540</run_address>
         <size>0x78</size>
         <input_file_ref idref="fl-55"/>
      </object_component>
      <object_component id="oc-29a">
         <name>.ebss:___TI_tmpnams</name>
         <uninitialized>true</uninitialized>
         <run_address>0x102480</run_address>
         <size>0xa0</size>
         <input_file_ref idref="fl-55"/>
      </object_component>
      <object_component id="oc-1b5">
         <name>.ebss</name>
         <uninitialized>true</uninitialized>
         <run_address>0x102660</run_address>
         <size>0x4</size>
         <input_file_ref idref="fl-58"/>
      </object_component>
      <object_component id="oc-27c">
         <name>.ebss:__stream</name>
         <uninitialized>true</uninitialized>
         <run_address>0x102608</run_address>
         <size>0x28</size>
         <input_file_ref idref="fl-5e"/>
      </object_component>
      <object_component id="oc-28c">
         <name>.ebss:__device</name>
         <uninitialized>true</uninitialized>
         <run_address>0x1025c0</run_address>
         <size>0x48</size>
         <input_file_ref idref="fl-5e"/>
      </object_component>
      <object_component id="oc-1d8">
         <name>.ebss</name>
         <uninitialized>true</uninitialized>
         <run_address>0x10266b</run_address>
         <size>0x1</size>
         <input_file_ref idref="fl-5f"/>
      </object_component>
      <object_component id="oc-1e6">
         <name>.ebss</name>
         <uninitialized>true</uninitialized>
         <run_address>0x10266c</run_address>
         <size>0x1</size>
         <input_file_ref idref="fl-62"/>
      </object_component>
      <object_component id="oc-29c">
         <name>.ebss:_parmbuf</name>
         <uninitialized>true</uninitialized>
         <run_address>0x102478</run_address>
         <size>0x8</size>
         <input_file_ref idref="fl-68"/>
      </object_component>
      <object_component id="oc-225">
         <name>.ebss</name>
         <uninitialized>true</uninitialized>
         <run_address>0x10266d</run_address>
         <size>0x1</size>
         <input_file_ref idref="fl-6e"/>
      </object_component>
      <object_component id="oc-27e">
         <name>.econst:.string:__ctypes_</name>
         <load_address>0x3f9400</load_address>
         <run_address>0x3f9400</run_address>
         <size>0x101</size>
         <input_file_ref idref="fl-54"/>
      </object_component>
      <object_component id="oc-288">
         <name>.econst:_PieVectTableInit</name>
         <load_address>0x3f9502</load_address>
         <run_address>0x3f9502</run_address>
         <size>0x100</size>
         <input_file_ref idref="fl-18"/>
      </object_component>
      <object_component id="oc-6b">
         <name>.econst:.string</name>
         <load_address>0x3f9602</load_address>
         <run_address>0x3f9602</run_address>
         <size>0x2e</size>
         <input_file_ref idref="fl-8"/>
      </object_component>
      <object_component id="oc-ee">
         <name>.econst:.string</name>
         <load_address>0x3f9630</load_address>
         <run_address>0x3f9630</run_address>
         <size>0x26</size>
         <input_file_ref idref="fl-31"/>
      </object_component>
      <object_component id="oc-7b">
         <name>.econst:.string</name>
         <load_address>0x3f9656</load_address>
         <run_address>0x3f9656</run_address>
         <size>0x20</size>
         <input_file_ref idref="fl-a"/>
      </object_component>
      <object_component id="oc-ed">
         <name>.econst</name>
         <load_address>0x3f9676</load_address>
         <run_address>0x3f9676</run_address>
         <size>0x1c</size>
         <input_file_ref idref="fl-31"/>
      </object_component>
      <object_component id="oc-10f">
         <name>.econst</name>
         <load_address>0x3f9692</load_address>
         <run_address>0x3f9692</run_address>
         <size>0x1c</size>
         <input_file_ref idref="fl-37"/>
      </object_component>
      <object_component id="oc-53">
         <name>.econst:.string</name>
         <load_address>0x3f96ae</load_address>
         <run_address>0x3f96ae</run_address>
         <size>0x14</size>
         <input_file_ref idref="fl-5"/>
      </object_component>
      <object_component id="oc-63">
         <name>.econst:.string</name>
         <load_address>0x3f96c2</load_address>
         <run_address>0x3f96c2</run_address>
         <size>0xb</size>
         <input_file_ref idref="fl-7"/>
      </object_component>
      <object_component id="oc-109">
         <name>.econst</name>
         <load_address>0x3f96ce</load_address>
         <run_address>0x3f96ce</run_address>
         <size>0x8</size>
         <input_file_ref idref="fl-36"/>
      </object_component>
      <object_component id="oc-f9">
         <name>.econst:.string</name>
         <load_address>0x3f96d6</load_address>
         <run_address>0x3f96d6</run_address>
         <size>0x2</size>
         <input_file_ref idref="fl-33"/>
      </object_component>
      <object_component id="oc-1b6">
         <name>.esysmem</name>
         <uninitialized>true</uninitialized>
         <run_address>0x3f9000</run_address>
         <size>0x4</size>
         <input_file_ref idref="fl-58"/>
      </object_component>
      <object_component id="oc-2db">
         <name>.esysmem</name>
         <uninitialized>true</uninitialized>
         <run_address>0x3f9000</run_address>
         <size>0x0</size>
      </object_component>
      <object_component id="oc-29">
         <name>.debug_info</name>
         <load_address>0x0</load_address>
         <run_address>0x0</run_address>
         <size>0x1357d</size>
         <input_file_ref idref="fl-2"/>
      </object_component>
      <object_component id="oc-45">
         <name>.debug_info</name>
         <load_address>0x1357d</load_address>
         <run_address>0x1357d</run_address>
         <size>0x2fd</size>
         <input_file_ref idref="fl-3"/>
      </object_component>
      <object_component id="oc-4a">
         <name>.debug_info</name>
         <load_address>0x1387a</load_address>
         <run_address>0x1387a</run_address>
         <size>0x3eca</size>
         <input_file_ref idref="fl-4"/>
      </object_component>
      <object_component id="oc-51">
         <name>.debug_info</name>
         <load_address>0x17744</load_address>
         <run_address>0x17744</run_address>
         <size>0x4408</size>
         <input_file_ref idref="fl-5"/>
      </object_component>
      <object_component id="oc-58">
         <name>.debug_info</name>
         <load_address>0x1bb4c</load_address>
         <run_address>0x1bb4c</run_address>
         <size>0x4c6d</size>
         <input_file_ref idref="fl-6"/>
      </object_component>
      <object_component id="oc-5f">
         <name>.debug_info</name>
         <load_address>0x207b9</load_address>
         <run_address>0x207b9</run_address>
         <size>0x596b</size>
         <input_file_ref idref="fl-7"/>
      </object_component>
      <object_component id="oc-68">
         <name>.debug_info</name>
         <load_address>0x26124</load_address>
         <run_address>0x26124</run_address>
         <size>0x3fba</size>
         <input_file_ref idref="fl-8"/>
      </object_component>
      <object_component id="oc-70">
         <name>.debug_info</name>
         <load_address>0x2a0de</load_address>
         <run_address>0x2a0de</run_address>
         <size>0x2048</size>
         <input_file_ref idref="fl-9"/>
      </object_component>
      <object_component id="oc-77">
         <name>.debug_info</name>
         <load_address>0x2c126</load_address>
         <run_address>0x2c126</run_address>
         <size>0x5e9b</size>
         <input_file_ref idref="fl-a"/>
      </object_component>
      <object_component id="oc-80">
         <name>.debug_info</name>
         <load_address>0x31fc1</load_address>
         <run_address>0x31fc1</run_address>
         <size>0x174</size>
         <input_file_ref idref="fl-b"/>
      </object_component>
      <object_component id="oc-82">
         <name>.debug_info</name>
         <load_address>0x32135</load_address>
         <run_address>0x32135</run_address>
         <size>0x10c3</size>
         <input_file_ref idref="fl-c"/>
      </object_component>
      <object_component id="oc-8c">
         <name>.debug_info</name>
         <load_address>0x331f8</load_address>
         <run_address>0x331f8</run_address>
         <size>0x127</size>
         <input_file_ref idref="fl-e"/>
      </object_component>
      <object_component id="oc-8f">
         <name>.debug_info</name>
         <load_address>0x3331f</load_address>
         <run_address>0x3331f</run_address>
         <size>0x911</size>
         <input_file_ref idref="fl-f"/>
      </object_component>
      <object_component id="oc-97">
         <name>.debug_info</name>
         <load_address>0x33c30</load_address>
         <run_address>0x33c30</run_address>
         <size>0xe8</size>
         <input_file_ref idref="fl-10"/>
      </object_component>
      <object_component id="oc-9a">
         <name>.debug_info</name>
         <load_address>0x33d18</load_address>
         <run_address>0x33d18</run_address>
         <size>0x1dc9</size>
         <input_file_ref idref="fl-11"/>
      </object_component>
      <object_component id="oc-a0">
         <name>.debug_info</name>
         <load_address>0x35ae1</load_address>
         <run_address>0x35ae1</run_address>
         <size>0x5c63</size>
         <input_file_ref idref="fl-12"/>
      </object_component>
      <object_component id="oc-a5">
         <name>.debug_info</name>
         <load_address>0x3b744</load_address>
         <run_address>0x3b744</run_address>
         <size>0x2ac</size>
         <input_file_ref idref="fl-13"/>
      </object_component>
      <object_component id="oc-aa">
         <name>.debug_info</name>
         <load_address>0x3b9f0</load_address>
         <run_address>0x3b9f0</run_address>
         <size>0x1aa0</size>
         <input_file_ref idref="fl-14"/>
      </object_component>
      <object_component id="oc-af">
         <name>.debug_info</name>
         <load_address>0x3d490</load_address>
         <run_address>0x3d490</run_address>
         <size>0x36d</size>
         <input_file_ref idref="fl-15"/>
      </object_component>
      <object_component id="oc-b4">
         <name>.debug_info</name>
         <load_address>0x3d7fd</load_address>
         <run_address>0x3d7fd</run_address>
         <size>0x2c4</size>
         <input_file_ref idref="fl-16"/>
      </object_component>
      <object_component id="oc-b9">
         <name>.debug_info</name>
         <load_address>0x3dac1</load_address>
         <run_address>0x3dac1</run_address>
         <size>0xab5</size>
         <input_file_ref idref="fl-17"/>
      </object_component>
      <object_component id="oc-be">
         <name>.debug_info</name>
         <load_address>0x3e576</load_address>
         <run_address>0x3e576</run_address>
         <size>0x1fdd</size>
         <input_file_ref idref="fl-18"/>
      </object_component>
      <object_component id="oc-c3">
         <name>.debug_info</name>
         <load_address>0x40553</load_address>
         <run_address>0x40553</run_address>
         <size>0x2ad</size>
         <input_file_ref idref="fl-19"/>
      </object_component>
      <object_component id="oc-c8">
         <name>.debug_info</name>
         <load_address>0x40800</load_address>
         <run_address>0x40800</run_address>
         <size>0x22c8</size>
         <input_file_ref idref="fl-1a"/>
      </object_component>
      <object_component id="oc-cd">
         <name>.debug_info</name>
         <load_address>0x42ac8</load_address>
         <run_address>0x42ac8</run_address>
         <size>0x1563</size>
         <input_file_ref idref="fl-1b"/>
      </object_component>
      <object_component id="oc-d2">
         <name>.debug_info</name>
         <load_address>0x4402b</load_address>
         <run_address>0x4402b</run_address>
         <size>0x2b2</size>
         <input_file_ref idref="fl-1c"/>
      </object_component>
      <object_component id="oc-d7">
         <name>.debug_info</name>
         <load_address>0x442dd</load_address>
         <run_address>0x442dd</run_address>
         <size>0x81c</size>
         <input_file_ref idref="fl-1d"/>
      </object_component>
      <object_component id="oc-df">
         <name>.debug_info</name>
         <load_address>0x44af9</load_address>
         <run_address>0x44af9</run_address>
         <size>0xed</size>
         <input_file_ref idref="fl-1e"/>
      </object_component>
      <object_component id="oc-e4">
         <name>.debug_info</name>
         <load_address>0x44be6</load_address>
         <run_address>0x44be6</run_address>
         <size>0xea</size>
         <input_file_ref idref="fl-1f"/>
      </object_component>
      <object_component id="oc-e7">
         <name>.debug_info</name>
         <load_address>0x44cd0</load_address>
         <run_address>0x44cd0</run_address>
         <size>0x6ad</size>
         <input_file_ref idref="fl-30"/>
      </object_component>
      <object_component id="oc-ec">
         <name>.debug_info</name>
         <load_address>0x4537d</load_address>
         <run_address>0x4537d</run_address>
         <size>0x29bd</size>
         <input_file_ref idref="fl-31"/>
      </object_component>
      <object_component id="oc-f3">
         <name>.debug_info</name>
         <load_address>0x47d3a</load_address>
         <run_address>0x47d3a</run_address>
         <size>0x5da</size>
         <input_file_ref idref="fl-32"/>
      </object_component>
      <object_component id="oc-f8">
         <name>.debug_info</name>
         <load_address>0x48314</load_address>
         <run_address>0x48314</run_address>
         <size>0x790</size>
         <input_file_ref idref="fl-33"/>
      </object_component>
      <object_component id="oc-fe">
         <name>.debug_info</name>
         <load_address>0x48aa4</load_address>
         <run_address>0x48aa4</run_address>
         <size>0x559</size>
         <input_file_ref idref="fl-34"/>
      </object_component>
      <object_component id="oc-103">
         <name>.debug_info</name>
         <load_address>0x48ffd</load_address>
         <run_address>0x48ffd</run_address>
         <size>0x5a2</size>
         <input_file_ref idref="fl-35"/>
      </object_component>
      <object_component id="oc-108">
         <name>.debug_info</name>
         <load_address>0x4959f</load_address>
         <run_address>0x4959f</run_address>
         <size>0x43f</size>
         <input_file_ref idref="fl-36"/>
      </object_component>
      <object_component id="oc-10e">
         <name>.debug_info</name>
         <load_address>0x499de</load_address>
         <run_address>0x499de</run_address>
         <size>0x4cb</size>
         <input_file_ref idref="fl-37"/>
      </object_component>
      <object_component id="oc-116">
         <name>.debug_info</name>
         <load_address>0x49ea9</load_address>
         <run_address>0x49ea9</run_address>
         <size>0x173</size>
         <input_file_ref idref="fl-38"/>
      </object_component>
      <object_component id="oc-11b">
         <name>.debug_info</name>
         <load_address>0x4a01c</load_address>
         <run_address>0x4a01c</run_address>
         <size>0x114</size>
         <input_file_ref idref="fl-39"/>
      </object_component>
      <object_component id="oc-120">
         <name>.debug_info</name>
         <load_address>0x4a130</load_address>
         <run_address>0x4a130</run_address>
         <size>0x120</size>
         <input_file_ref idref="fl-3a"/>
      </object_component>
      <object_component id="oc-125">
         <name>.debug_info</name>
         <load_address>0x4a250</load_address>
         <run_address>0x4a250</run_address>
         <size>0x114</size>
         <input_file_ref idref="fl-3b"/>
      </object_component>
      <object_component id="oc-12a">
         <name>.debug_info</name>
         <load_address>0x4a364</load_address>
         <run_address>0x4a364</run_address>
         <size>0x114</size>
         <input_file_ref idref="fl-3c"/>
      </object_component>
      <object_component id="oc-12f">
         <name>.debug_info</name>
         <load_address>0x4a478</load_address>
         <run_address>0x4a478</run_address>
         <size>0x122</size>
         <input_file_ref idref="fl-3d"/>
      </object_component>
      <object_component id="oc-134">
         <name>.debug_info</name>
         <load_address>0x4a59a</load_address>
         <run_address>0x4a59a</run_address>
         <size>0x114</size>
         <input_file_ref idref="fl-3e"/>
      </object_component>
      <object_component id="oc-139">
         <name>.debug_info</name>
         <load_address>0x4a6ae</load_address>
         <run_address>0x4a6ae</run_address>
         <size>0x114</size>
         <input_file_ref idref="fl-3f"/>
      </object_component>
      <object_component id="oc-13e">
         <name>.debug_info</name>
         <load_address>0x4a7c2</load_address>
         <run_address>0x4a7c2</run_address>
         <size>0x114</size>
         <input_file_ref idref="fl-40"/>
      </object_component>
      <object_component id="oc-143">
         <name>.debug_info</name>
         <load_address>0x4a8d6</load_address>
         <run_address>0x4a8d6</run_address>
         <size>0x120</size>
         <input_file_ref idref="fl-41"/>
      </object_component>
      <object_component id="oc-148">
         <name>.debug_info</name>
         <load_address>0x4a9f6</load_address>
         <run_address>0x4a9f6</run_address>
         <size>0x176</size>
         <input_file_ref idref="fl-42"/>
      </object_component>
      <object_component id="oc-14d">
         <name>.debug_info</name>
         <load_address>0x4ab6c</load_address>
         <run_address>0x4ab6c</run_address>
         <size>0x14e</size>
         <input_file_ref idref="fl-43"/>
      </object_component>
      <object_component id="oc-152">
         <name>.debug_info</name>
         <load_address>0x4acba</load_address>
         <run_address>0x4acba</run_address>
[...]
         <value>0x10227d</value>
         <object_component_ref idref="oc-274"/>
      </symbol>
      <symbol id="sm-34f">
         <name>_InitPll</name>
         <value>0x101920</value>
         <object_component_ref idref="oc-270"/>
      </symbol>
      <symbol id="sm-351">
         <name>_DisableDog</name>
         <value>0x101918</value>
         <object_component_ref idref="oc-270"/>
      </symbol>
      <symbol id="sm-353">
         <name>_InitPeripheralClocks</name>
         <value>0x101941</value>
         <object_component_ref idref="oc-270"/>
      </symbol>
      <symbol id="sm-355">
         <name>_KickDog</name>
         <value>0x10190e</value>
         <object_component_ref idref="oc-270"/>
      </symbol>
      <symbol id="sm-357">
         <name>_CsmUnlock</name>
         <value>0x10195b</value>
         <object_component_ref idref="oc-270"/>
      </symbol>
      <symbol id="sm-359">
         <name>_InitSysCtrl</name>
         <value>0x101906</value>
         <object_component_ref idref="oc-270"/>
      </symbol>
      <symbol id="sm-388">
         <name>_DSP28x_usDelay</name>
         <value>0x3f80c7</value>
         <object_component_ref idref="oc-e2"/>
      </symbol>
      <symbol id="sm-398">
         <name>_printf</name>
         <value>0x101ff4</value>
         <object_component_ref idref="oc-257"/>
      </symbol>
      <symbol id="sm-4fd">
         <name>___TI_printfi</name>
         <value>0x100b12</value>
         <object_component_ref idref="oc-262"/>
      </symbol>
      <symbol id="sm-510">
         <name>_putchar</name>
         <value>0x101e8f</value>
         <object_component_ref idref="oc-25c"/>
      </symbol>
      <symbol id="sm-512">
         <name>_putc</name>
         <value>0x101e45</value>
         <object_component_ref idref="oc-25c"/>
      </symbol>
      <symbol id="sm-513">
         <name>_fputc</name>
         <value>0x101e45</value>
         <object_component_ref idref="oc-25c"/>
      </symbol>
      <symbol id="sm-530">
         <name>_puts</name>
         <value>0x101738</value>
         <object_component_ref idref="oc-25d"/>
      </symbol>
      <symbol id="sm-532">
         <name>_fputs</name>
         <value>0x1016a8</value>
         <object_component_ref idref="oc-25d"/>
      </symbol>
      <symbol id="sm-54a">
         <name>___TI_rd_ok</name>
         <value>0x101c07</value>
         <object_component_ref idref="oc-265"/>
      </symbol>
      <symbol id="sm-54c">
         <name>___TI_wrt_ok</name>
         <value>0x101bcc</value>
         <object_component_ref idref="oc-265"/>
      </symbol>
      <symbol id="sm-564">
         <name>_setvbuf</name>
         <value>0x101a0f</value>
         <object_component_ref idref="oc-27b"/>
      </symbol>
      <symbol id="sm-578">
         <name>_frexpl</name>
         <value>0x101c90</value>
         <object_component_ref idref="oc-280"/>
      </symbol>
      <symbol id="sm-597">
         <name>_scalbnl</name>
         <value>0x1015fc</value>
         <object_component_ref idref="oc-281"/>
      </symbol>
      <symbol id="sm-599">
         <name>_ldexpl</name>
         <value>0x1015fc</value>
         <object_component_ref idref="oc-281"/>
      </symbol>
      <symbol id="sm-5b4">
         <name>_c_int00</name>
         <value>0x101da1</value>
         <object_component_ref idref="oc-28"/>
      </symbol>
      <symbol id="sm-5b5">
         <name>__stack</name>
         <value>0x400</value>
         <object_component_ref idref="oc-114"/>
      </symbol>
      <symbol id="sm-5d0">
         <name>FD$$ADD</name>
         <value>0x10174b</value>
         <object_component_ref idref="oc-11a"/>
      </symbol>
      <symbol id="sm-5e0">
         <name>FD$$CMP</name>
         <value>0x1020b4</value>
         <object_component_ref idref="oc-11f"/>
      </symbol>
      <symbol id="sm-5f2">
         <name>FD$$MPY</name>
         <value>0x10198c</value>
         <object_component_ref idref="oc-124"/>
      </symbol>
      <symbol id="sm-5ff">
         <name>FD$$NEG</name>
         <value>0x102435</value>
         <object_component_ref idref="oc-129"/>
      </symbol>
      <symbol id="sm-60b">
         <name>FD$$SUB</name>
         <value>0x1023f1</value>
         <object_component_ref idref="oc-12e"/>
      </symbol>
      <symbol id="sm-61a">
         <name>FD$$TOI</name>
         <value>0x10225c</value>
         <object_component_ref idref="oc-133"/>
      </symbol>
      <symbol id="sm-629">
         <name>FD$$TOL</name>
         <value>0x10229d</value>
         <object_component_ref idref="oc-138"/>
      </symbol>
      <symbol id="sm-63a">
         <name>FS$$MPY</name>
         <value>0x101d47</value>
         <object_component_ref idref="oc-13d"/>
      </symbol>
      <symbol id="sm-64d">
         <name>FS$$TOL</name>
         <value>0x102131</value>
         <object_component_ref idref="oc-142"/>
      </symbol>
      <symbol id="sm-659">
         <name>LL$$AND</name>
         <value>0x102365</value>
         <object_component_ref idref="oc-147"/>
      </symbol>
      <symbol id="sm-65a">
         <name>LL$$OR</name>
         <value>0x10236d</value>
         <object_component_ref idref="oc-147"/>
      </symbol>
      <symbol id="sm-65b">
         <name>LL$$XOR</name>
         <value>0x102375</value>
         <object_component_ref idref="oc-147"/>
      </symbol>
      <symbol id="sm-669">
         <name>ULL$$CMP</name>
         <value>0x1022ce</value>
         <object_component_ref idref="oc-14c"/>
      </symbol>
      <symbol id="sm-66a">
         <name>LL$$CMP</name>
         <value>0x1022bc</value>
         <object_component_ref idref="oc-14c"/>
      </symbol>
      <symbol id="sm-696">
         <name>ULL$$MOD</name>
         <value>0x10149d</value>
         <object_component_ref idref="oc-151"/>
      </symbol>
      <symbol id="sm-697">
         <name>ULL$$DIV</name>
         <value>0x10146e</value>
         <object_component_ref idref="oc-151"/>
      </symbol>
      <symbol id="sm-698">
         <name>LL$$MOD</name>
         <value>0x101434</value>
         <object_component_ref idref="oc-151"/>
      </symbol>
      <symbol id="sm-699">
         <name>LL$$DIV</name>
         <value>0x1013f8</value>
         <object_component_ref idref="oc-151"/>
      </symbol>
      <symbol id="sm-6a9">
         <name>I$$TOFD</name>
         <value>0x1022da</value>
         <object_component_ref idref="oc-156"/>
      </symbol>
      <symbol id="sm-6b7">
         <name>I$$MOD</name>
         <value>0x10224b</value>
         <object_component_ref idref="oc-15b"/>
      </symbol>
      <symbol id="sm-6b8">
         <name>I$$DIV</name>
         <value>0x10223a</value>
         <object_component_ref idref="oc-15b"/>
      </symbol>
      <symbol id="sm-6c4">
         <name>U$$MOD</name>
         <value>0x10241c</value>
         <object_component_ref idref="oc-160"/>
      </symbol>
      <symbol id="sm-6c5">
         <name>U$$DIV</name>
         <value>0x102417</value>
         <object_component_ref idref="oc-160"/>
      </symbol>
      <symbol id="sm-6d5">
         <name>L$$TOFD</name>
         <value>0x102330</value>
         <object_component_ref idref="oc-165"/>
      </symbol>
      <symbol id="sm-6e5">
         <name>FS$$TOFD</name>
         <value>0x102314</value>
         <object_component_ref idref="oc-16a"/>
      </symbol>
      <symbol id="sm-6fc">
         <name>FD$$DIV</name>
         <value>0x10187b</value>
         <object_component_ref idref="oc-16f"/>
      </symbol>
      <symbol id="sm-70b">
         <name>_copy_in</name>
         <value>0x1021f3</value>
         <object_component_ref idref="oc-253"/>
      </symbol>
      <symbol id="sm-71d">
         <name>_memcpy</name>
         <value>0x1022f7</value>
         <object_component_ref idref="oc-258"/>
      </symbol>
      <symbol id="sm-72a">
         <name>__system_pre_init</name>
         <value>0x102474</value>
         <object_component_ref idref="oc-252"/>
      </symbol>
      <symbol id="sm-738">
         <name>__system_post_cinit</name>
         <value>0x102476</value>
         <object_component_ref idref="oc-254"/>
      </symbol>
      <symbol id="sm-74d">
         <name>C$$EXIT</name>
         <value>0x102108</value>
         <object_component_ref idref="oc-256"/>
      </symbol>
      <symbol id="sm-74e">
         <name>_exit</name>
         <value>0x10210a</value>
         <object_component_ref idref="oc-256"/>
      </symbol>
      <symbol id="sm-750">
         <name>___TI_cleanup_ptr</name>
         <value>0x1025ba</value>
         <object_component_ref idref="oc-18a"/>
      </symbol>
      <symbol id="sm-751">
         <name>___TI_enable_exit_profile_output</name>
         <value>0x1025b8</value>
         <object_component_ref idref="oc-18a"/>
      </symbol>
      <symbol id="sm-752">
         <name>_abort</name>
         <value>0x102108</value>
         <object_component_ref idref="oc-256"/>
      </symbol>
      <symbol id="sm-754">
         <name>___TI_dtors_ptr</name>
         <value>0x1025bc</value>
         <object_component_ref idref="oc-18a"/>
      </symbol>
      <symbol id="sm-768">
         <name>__unlock</name>
         <value>0x1025be</value>
         <object_component_ref idref="oc-260"/>
      </symbol>
      <symbol id="sm-769">
         <name>__lock</name>
         <value>0x10253e</value>
         <object_component_ref idref="oc-25a"/>
      </symbol>
      <symbol id="sm-76a">
         <name>__register_lock</name>
         <value>0x102430</value>
         <object_component_ref idref="oc-264"/>
      </symbol>
      <symbol id="sm-76c">
         <name>__nop</name>
         <value>0x102434</value>
         <object_component_ref idref="oc-264"/>
      </symbol>
      <symbol id="sm-76e">
         <name>__register_unlock</name>
         <value>0x10242c</value>
         <object_component_ref idref="oc-264"/>
      </symbol>
      <symbol id="sm-77d">
         <name>___TI_ltoa</name>
         <value>0x102086</value>
         <object_component_ref idref="oc-27f"/>
      </symbol>
      <symbol id="sm-78d">
         <name>__args_main</name>
         <value>0x1023c2</value>
         <object_component_ref idref="oc-255"/>
      </symbol>
      <symbol id="sm-7a2">
         <name>_atoi</name>
         <value>0x102055</value>
         <object_component_ref idref="oc-26a"/>
      </symbol>
      <symbol id="sm-7ab">
         <name>__ctypes_</name>
         <value>0x3f9400</value>
         <object_component_ref idref="oc-27e"/>
      </symbol>
      <symbol id="sm-7bc">
         <name>___TI_ft_end</name>
         <value>0x102657</value>
         <object_component_ref idref="oc-1a7"/>
      </symbol>
      <symbol id="sm-7bd">
         <name>___TI_tmpnams</name>
         <value>0x102480</value>
         <object_component_ref idref="oc-29a"/>
      </symbol>
      <symbol id="sm-7be">
         <name>__ftable</name>
         <value>0x102540</value>
         <object_component_ref idref="oc-25e"/>
      </symbol>
      <symbol id="sm-7cd">
         <name>_memccpy</name>
         <value>0x1023d3</value>
         <object_component_ref idref="oc-26e"/>
      </symbol>
      <symbol id="sm-7dd">
         <name>_memchr</name>
         <value>0x1023ff</value>
         <object_component_ref idref="oc-269"/>
      </symbol>
      <symbol id="sm-83c">
         <name>__sys_memory</name>
         <value>0x3f9000</value>
         <object_component_ref idref="oc-1b6"/>
      </symbol>
      <symbol id="sm-83d">
         <name>___TI_heap_total_available</name>
         <value>0x100ee5</value>
         <object_component_ref idref="oc-28a"/>
      </symbol>
      <symbol id="sm-83f">
         <name>_realloc</name>
         <value>0x100d8b</value>
         <object_component_ref idref="oc-28a"/>
      </symbol>
      <symbol id="sm-841">
         <name>___TI_heap_check</name>
         <value>0x100f1f</value>
         <object_component_ref idref="oc-28a"/>
      </symbol>
      <symbol id="sm-843">
         <name>_free</name>
         <value>0x100cc3</value>
         <object_component_ref idref="oc-28a"/>
      </symbol>
      <symbol id="sm-845">
         <name>_memalign</name>
         <value>0x100e3f</value>
         <object_component_ref idref="oc-28a"/>
      </symbol>
      <symbol id="sm-846">
         <name>_calloc</name>
         <value>0x100e12</value>
         <object_component_ref idref="oc-28a"/>
      </symbol>
      <symbol id="sm-848">
         <name>_malloc</name>
         <value>0x100c98</value>
         <object_component_ref idref="oc-28a"/>
      </symbol>
      <symbol id="sm-84a">
         <name>_aligned_alloc</name>
         <value>0x100e3f</value>
         <object_component_ref idref="oc-28a"/>
      </symbol>
      <symbol id="sm-84c">
         <name>_minit</name>
         <value>0x100e0e</value>
         <object_component_ref idref="oc-28a"/>
      </symbol>
      <symbol id="sm-84e">
         <name>___TI_heap_largest_available</name>
         <value>0x100f02</value>
         <object_component_ref idref="oc-28a"/>
      </symbol>
      <symbol id="sm-85d">
         <name>_memset</name>
         <value>0x10245e</value>
         <object_component_ref idref="oc-26b"/>
      </symbol>
      <symbol id="sm-86d">
         <name>_strchr</name>
         <value>0x10240c</value>
         <object_component_ref idref="oc-282"/>
      </symbol>
      <symbol id="sm-87b">
         <name>_strcpy</name>
         <value>0x102465</value>
         <object_component_ref idref="oc-26c"/>
      </symbol>
      <symbol id="sm-889">
         <name>_strlen</name>
         <value>0x10244e</value>
         <object_component_ref idref="oc-268"/>
      </symbol>
      <symbol id="sm-897">
         <name>_write</name>
         <value>0x102395</value>
         <object_component_ref idref="oc-267"/>
      </symbol>
      <symbol id="sm-8a8">
         <name>__device</name>
         <value>0x1025c0</value>
         <object_component_ref idref="oc-28c"/>
      </symbol>
      <symbol id="sm-8a9">
         <name>__stream</name>
         <value>0x102608</value>
         <object_component_ref idref="oc-27c"/>
      </symbol>
      <symbol id="sm-8b3">
         <name>_errno</name>
         <value>0x10266b</value>
         <object_component_ref idref="oc-1d8"/>
      </symbol>
      <symbol id="sm-8c1">
         <name>_wcslen</name>
         <value>0x102456</value>
         <object_component_ref idref="oc-26f"/>
      </symbol>
      <symbol id="sm-8d7">
         <name>___TI_doflush</name>
         <value>0x101af7</value>
         <object_component_ref idref="oc-266"/>
      </symbol>
      <symbol id="sm-8d9">
         <name>_fflush</name>
         <value>0x101b26</value>
         <object_component_ref idref="oc-266"/>
      </symbol>
      <symbol id="sm-916">
         <name>_fopen</name>
         <value>0x101297</value>
         <object_component_ref idref="oc-28b"/>
      </symbol>
      <symbol id="sm-918">
         <name>___TI_cleanup</name>
         <value>0x10125c</value>
         <object_component_ref idref="oc-28b"/>
      </symbol>
      <symbol id="sm-91a">
         <name>_freopen</name>
         <value>0x101279</value>
         <object_component_ref idref="oc-28b"/>
      </symbol>
      <symbol id="sm-92b">
         <name>_fseek</name>
         <value>0x101ed3</value>
         <object_component_ref idref="oc-27a"/>
      </symbol>
      <symbol id="sm-92c">
         <name>_fseeko</name>
         <value>0x101ed3</value>
         <object_component_ref idref="oc-27a"/>
      </symbol>
      <symbol id="sm-93a">
         <name>_copysignl</name>
         <value>0x102217</value>
         <object_component_ref idref="oc-28e"/>
      </symbol>
      <symbol id="sm-947">
         <name>UL$$MOD</name>
         <value>0x102102</value>
         <object_component_ref idref="oc-1f5"/>
      </symbol>
      <symbol id="sm-948">
         <name>L$$MOD</name>
         <value>0x1020ed</value>
         <object_component_ref idref="oc-1f5"/>
      </symbol>
      <symbol id="sm-949">
         <name>L$$DIV</name>
         <value>0x1020de</value>
         <object_component_ref idref="oc-1f5"/>
      </symbol>
      <symbol id="sm-94a">
         <name>UL$$DIV</name>
         <value>0x1020fb</value>
         <object_component_ref idref="oc-1f5"/>
      </symbol>
      <symbol id="sm-956">
         <name>_HOSTclose</name>
         <value>0x102182</value>
         <object_component_ref idref="oc-292"/>
      </symbol>
      <symbol id="sm-963">
         <name>_HOSTlseek</name>
         <value>0x101c33</value>
         <object_component_ref idref="oc-295"/>
      </symbol>
      <symbol id="sm-973">
         <name>_parmbuf</name>
         <value>0x102478</value>
         <object_component_ref idref="oc-29c"/>
      </symbol>
      <symbol id="sm-974">
         <name>_HOSTopen</name>
         <value>0x101f10</value>
         <object_component_ref idref="oc-291"/>
      </symbol>
      <symbol id="sm-982">
         <name>_HOSTread</name>
         <value>0x101f49</value>
         <object_component_ref idref="oc-293"/>
      </symbol>
      <symbol id="sm-98f">
         <name>_HOSTrename</name>
         <value>0x101e94</value>
         <object_component_ref idref="oc-297"/>
      </symbol>
      <symbol id="sm-99c">
         <name>_HOSTunlink</name>
         <value>0x1021ce</value>
         <object_component_ref idref="oc-296"/>
      </symbol>
      <symbol id="sm-9aa">
         <name>_HOSTwrite</name>
         <value>0x101f81</value>
         <object_component_ref idref="oc-294"/>
      </symbol>
      <symbol id="sm-9c3">
         <name>___TI_readmsg</name>
         <value>0x10183f</value>
         <object_component_ref idref="oc-29d"/>
      </symbol>
      <symbol id="sm-9c5">
         <name>C$$IO$$</name>
         <value>0x10183a</value>
         <object_component_ref idref="oc-29d"/>
      </symbol>
      <symbol id="sm-9c6">
         <name>__CIOBUF_</name>
         <value>0x102680</value>
         <object_component_ref idref="oc-21e"/>
      </symbol>
      <symbol id="sm-9c7">
         <name>___TI_writemsg</name>
         <value>0x1017e7</value>
         <object_component_ref idref="oc-29d"/>
      </symbol>
      <symbol id="sm-9e3">
         <name>_open</name>
         <value>0x101a88</value>
         <object_component_ref idref="oc-28f"/>
      </symbol>
      <symbol id="sm-9f1">
         <name>_lseek</name>
         <value>0x10237d</value>
         <object_component_ref idref="oc-289"/>
      </symbol>
      <symbol id="sm-a03">
         <name>___TI_closefile</name>
         <value>0x101cec</value>
         <object_component_ref idref="oc-290"/>
      </symbol>
      <symbol id="sm-a05">
         <name>_fclose</name>
         <value>0x101d2e</value>
         <object_component_ref idref="oc-290"/>
      </symbol>
      <symbol id="sm-a17">
         <name>_finddevice</name>
         <value>0x101df5</value>
         <object_component_ref idref="oc-298"/>
      </symbol>
      <symbol id="sm-a19">
         <name>_getdevice</name>
         <value>0x101e10</value>
         <object_component_ref idref="oc-298"/>
      </symbol>
      <symbol id="sm-a28">
         <name>_strcmp</name>
         <value>0x102422</value>
         <object_component_ref idref="oc-29e"/>
      </symbol>
      <symbol id="sm-a39">
         <name>_strncpy</name>
         <value>0x1023ad</value>
         <object_component_ref idref="oc-29f"/>
      </symbol>
      <symbol id="sm-a46">
         <name>_remove</name>
         <value>0x102471</value>
         <object_component_ref idref="oc-29b"/>
      </symbol>
      <symbol id="sm-a57">
         <name>_close</name>
         <value>0x102022</value>
         <object_component_ref idref="oc-299"/>
      </symbol>
      <symbol id="sm-a64">
         <name>_unlink</name>
         <value>0x10234c</value>
         <object_component_ref idref="oc-2a0"/>
      </symbol>
   </symbol_table>
   <title>Link successful</title>
</link_info>
