******************************************************************************
             TMS320C2000 Linker PC v21.6.0                     
******************************************************************************
>> Linked Fri May 13 19:24:44 2022

OUTPUT FILE NAME:   <allDemo.out>
ENTRY POINT SYMBOL: "_c_int00"  address: 00101b59


MEMORY CONFIGURATION

         name            origin    length      used     unused   attr    fill
----------------------  --------  ---------  --------  --------  ----  --------
PAGE 0:
  RAMM0                 00000000   00000400  00000080  00000380  RWIX
  BEGIN                 003f8000   00000002  00000002  00000000  RWIX
  PRAMH0                003f8002   00000ffe  000000c8  00000f36  RWIX
  RESET                 003fffc0   00000002  00000000  00000002  RWIX

PAGE 1:
  RAMM1                 00000400   00000400  00000400  00000000  RWIX
  DEV_EMU               00000880   00000180  000000d0  000000b0  RWIX
  FLASH_REGS            00000a80   00000060  00000008  00000058  RWIX
  CSM                   00000ae0   00000010  00000010  00000000  RWIX
  XINTF                 00000b20   00000020  00000020  00000000  RWIX
  CPU_TIMER0            00000c00   00000008  00000008  00000000  RWIX
  CPU_TIMER1            00000c08   00000008  00000008  00000000  RWIX
  CPU_TIMER2            00000c10   00000008  00000008  00000000  RWIX
  PIE_CTRL              00000ce0   00000020  0000001a  00000006  RWIX
  PIE_VECT              00000d00   00000100  00000100  00000000  RWIX
  ECANA                 00006000   00000040  00000034  0000000c  RWIX
  ECANA_LAM             00006040   00000040  00000040  00000000  RWIX
  ECANA_MOTS            00006080   00000040  00000040  00000000  RWIX
  ECANA_MOTO            000060c0   00000040  00000040  00000000  RWIX
  ECANA_MBOX            00006100   00000100  00000100  00000000  RWIX
  SYSTEM                00007010   00000020  00000020  00000000  RWIX
  SPIA                  00007040   00000010  00000010  00000000  RWIX
  SCIA                  00007050   00000010  00000010  00000000  RWIX
  XINTRUPT              00007070   00000010  00000010  00000000  RWIX
  GPIOMUX               000070c0   00000020  00000020  00000000  RWIX
  GPIODAT               000070e0   00000020  00000020  00000000  RWIX
  ADC                   00007100   00000020  0000001a  00000006  RWIX
  EVA                   00007400   00000040  00000032  0000000e  RWIX
  EVB                   00007500   00000040  00000032  0000000e  RWIX
  SCIB                  00007750   00000010  00000010  00000000  RWIX
  MCBSPA                00007800   00000040  00000025  0000001b  RWIX
  DRAMH1                00100000   0000ffff  000025a3  0000da5c  RWIX
  CSM_PWL               003f7ff8   00000008  00000008  00000000  RWIX
  DRAMH0                003f9000   00001000  00000728  000008d8  RWIX


SECTION ALLOCATION MAP

 output                                  attributes/
section   page    origin      length       input sections
--------  ----  ----------  ----------   ----------------
csm_rsvd   0    00000000    00000076     
                  00000000    00000076     DSP281x_CSMPasswords.obj (csm_rsvd)

codestart 
*          0    003f8000    00000002     
                  003f8000    00000002     DSP281x_CodeStartBranch.obj (codestart)

.cinit     0    003f8002    000000c4     
                  003f8002    00000026     rts2800_ml.lib : defs.c.obj (.cinit:__ftable)
                  003f8028    0000001b                    : host_device.c.obj (.cinit:__device)
                  003f8043    0000000e                    : host_device.c.obj (.cinit:__stream)
                  003f8051    0000000e                    : exit.c.obj (.cinit)
                  003f805f    0000000d     demo9.obj (.cinit:_msg)
                  003f806c    0000000d     demo4.obj (.cinit)
                  003f8079    0000000c     demo9.obj (.cinit)
                  003f8085    00000008     demo3.obj (.cinit)
                  003f808d    00000008     demo7.obj (.cinit)
                  003f8095    00000005     rts2800_ml.lib : _lock.c.obj (.cinit:__lock)
                  003f809a    00000005                    : _lock.c.obj (.cinit:__unlock)
                  003f809f    00000005     demo1.obj (.cinit)
                  003f80a4    00000004     demo9.obj (.cinit:_DisData_Bit)
                  003f80a8    00000004     demo5.obj (.cinit)
                  003f80ac    00000004     demo8.obj (.cinit)
                  003f80b0    00000004     rts2800_ml.lib : defs.c.obj (.cinit)
                  003f80b4    00000004                    : errno.c.obj (.cinit)
                  003f80b8    00000004                    : fopen.c.obj (.cinit)
                  003f80bc    00000004                    : memory.c.obj (.cinit)
                  003f80c0    00000004                    : open.c.obj (.cinit)
                  003f80c4    00000002     --HOLE-- [fill = 0]

ramfuncs   0    003f80c6    00000004     
                  003f80c6    00000004     DSP281x_usDelay.obj (ramfuncs)

DevEmuRegsFile 
*          1    00000880    000000d0     UNINITIALIZED
                  00000880    000000d0     DSP281x_GlobalVariableDefs.obj (DevEmuRegsFile)

FlashRegsFile 
*          1    00000a80    00000008     UNINITIALIZED
                  00000a80    00000008     DSP281x_GlobalVariableDefs.obj (FlashRegsFile)

CsmRegsFile 
*          1    00000ae0    00000010     UNINITIALIZED
                  00000ae0    00000010     DSP281x_GlobalVariableDefs.obj (CsmRegsFile)

XintfRegsFile 
*          1    00000b20    00000020     UNINITIALIZED
                  00000b20    00000020     DSP281x_GlobalVariableDefs.obj (XintfRegsFile)

CpuTimer0RegsFile 
*          1    00000c00    00000008     UNINITIALIZED
                  00000c00    00000008     DSP281x_GlobalVariableDefs.obj (CpuTimer0RegsFile)

CpuTimer1RegsFile 
*          1    00000c08    00000008     UNINITIALIZED
                  00000c08    00000008     DSP281x_GlobalVariableDefs.obj (CpuTimer1RegsFile)

CpuTimer2RegsFile 
*          1    00000c10    00000008     UNINITIALIZED
                  00000c10    00000008     DSP281x_GlobalVariableDefs.obj (CpuTimer2RegsFile)

PieCtrlRegsFile 
*          1    00000ce0    0000001a     UNINITIALIZED
                  00000ce0    0000001a     DSP281x_GlobalVariableDefs.obj (PieCtrlRegsFile)

PieVectTableFile 
*          1    00000d00    00000100     UNINITIALIZED
                  00000d00    00000100     DSP281x_GlobalVariableDefs.obj (PieVectTableFile)

ECanaRegsFile 
*          1    00006000    00000034     UNINITIALIZED
                  00006000    00000034     DSP281x_GlobalVariableDefs.obj (ECanaRegsFile)

ECanaLAMRegsFile 
*          1    00006040    00000040     UNINITIALIZED
                  00006040    00000040     DSP281x_GlobalVariableDefs.obj (ECanaLAMRegsFile)

ECanaMOTSRegsFile 
*          1    00006080    00000040     UNINITIALIZED
                  00006080    00000040     DSP281x_GlobalVariableDefs.obj (ECanaMOTSRegsFile)

ECanaMOTORegsFile 
*          1    000060c0    00000040     UNINITIALIZED
                  000060c0    00000040     DSP281x_GlobalVariableDefs.obj (ECanaMOTORegsFile)

ECanaMboxesFile 
*          1    00006100    00000100     UNINITIALIZED
                  00006100    00000100     DSP281x_GlobalVariableDefs.obj (ECanaMboxesFile)

SysCtrlRegsFile 
*          1    00007010    00000020     UNINITIALIZED
                  00007010    00000020     DSP281x_GlobalVariableDefs.obj (SysCtrlRegsFile)

SpiaRegsFile 
*          1    00007040    00000010     UNINITIALIZED
                  00007040    00000010     DSP281x_GlobalVariableDefs.obj (SpiaRegsFile)

SciaRegsFile 
*          1    00007050    00000010     UNINITIALIZED
                  00007050    00000010     DSP281x_GlobalVariableDefs.obj (SciaRegsFile)

XIntruptRegsFile 
*          1    00007070    00000010     UNINITIALIZED
                  00007070    00000010     DSP281x_GlobalVariableDefs.obj (XIntruptRegsFile)

GpioMuxRegsFile 
*          1    000070c0    00000020     UNINITIALIZED
                  000070c0    00000020     DSP281x_GlobalVariableDefs.obj (GpioMuxRegsFile)

GpioDataRegsFile 
*          1    000070e0    00000020     UNINITIALIZED
                  000070e0    00000020     DSP281x_GlobalVariableDefs.obj (GpioDataRegsFile)

AdcRegsFile 
*          1    00007100    0000001a     UNINITIALIZED
                  00007100    0000001a     DSP281x_GlobalVariableDefs.obj (AdcRegsFile)

EvaRegsFile 
*          1    00007400    00000032     UNINITIALIZED
                  00007400    00000032     DSP281x_GlobalVariableDefs.obj (EvaRegsFile)

EvbRegsFile 
*          1    00007500    00000032     UNINITIALIZED
                  00007500    00000032     DSP281x_GlobalVariableDefs.obj (EvbRegsFile)

ScibRegsFile 
*          1    00007750    00000010     UNINITIALIZED
                  00007750    00000010     DSP281x_GlobalVariableDefs.obj (ScibRegsFile)

McbspaRegsFile 
*          1    00007800    00000025     UNINITIALIZED
                  00007800    00000025     DSP281x_GlobalVariableDefs.obj (McbspaRegsFile)

.text      1    00100000    0000229f     
                  00100000    0000069c     rts2800_ml.lib : _printfi.c.obj (.text)
                  0010069c    000005fc                    : _printfi.c.obj (.text:__TI_printfi)
                  00100c98    00000289                    : memory.c.obj (.text)
                  00100f21    00000189     demo9.obj (.text)
                  001010aa    0000014f     DSP281x_DefaultIsr.obj (.text:retain)
                  001011f9    0000011e     rts2800_ml.lib : fopen.c.obj (.text)
                  00101317    00000107                    : ll_div28.asm.obj (.text)
                  0010141e    000000ac                    : s_scalbn.c.obj (.text)
                  001014ca    000000a3                    : fputs.c.obj (.text)
                  0010156d    0000009c                    : fd_add28.asm.obj (.text)
                  00101609    00000094                    : trgmsg.c.obj (.text)
                  0010169d    0000008b                    : fd_div28.asm.obj (.text)
                  00101728    00000086     DSP281x_SysCtrl.obj (.text)
                  001017ae    00000083     rts2800_ml.lib : fd_mpy28.asm.obj (.text)
                  00101831    00000079                    : setvbuf.c.obj (.text)
                  001018aa    0000006f                    : open.c.obj (.text)
                  00101919    0000006b                    : fflush.c.obj (.text)
                  00101984    00000067                    : _io_perm.c.obj (.text)
                  001019eb    0000005d                    : hostlseek.c.obj (.text)
                  00101a48    0000005c                    : s_frexp.c.obj (.text)
                  00101aa4    0000005b                    : fclose.c.obj (.text)
                  00101aff    0000005a                    : fs_mpy28.asm.obj (.text)
                  00101b59    00000054                    : boot28.asm.obj (.text)
                  00101bad    00000050                    : getdevice.c.obj (.text)
                  00101bfd    0000004f                    : fputc.c.obj (.text)
                  00101c4c    0000003f                    : hostrename.c.obj (.text)
                  00101c8b    0000003d                    : fseek.c.obj (.text)
                  00101cc8    00000039                    : hostopen.c.obj (.text)
                  00101d01    00000038                    : hostread.c.obj (.text)
                  00101d39    00000038                    : hostwrite.c.obj (.text)
                  00101d71    00000035     demo4.obj (.text:retain)
                  00101da6    00000034     rts2800_ml.lib : printf.c.obj (.text)
                  00101dda    00000033     demo9.obj (.text:retain)
                  00101e0d    00000033     rts2800_ml.lib : close.c.obj (.text)
                  00101e40    00000031                    : atoi.c.obj (.text)
                  00101e71    0000002e                    : _ltoa.c.obj (.text)
                  00101e9f    0000002a                    : fd_cmp28.asm.obj (.text)
                  00101ec9    0000002a                    : l_div28.asm.obj (.text)
                  00101ef3    00000029                    : exit.c.obj (.text)
                  00101f1c    00000029                    : fs_tol28.asm.obj (.text)
                  00101f45    00000028     DSP281x_PieCtrl.obj (.text)
                  00101f6d    00000027     rts2800_ml.lib : hostclose.c.obj (.text)
                  00101f94    00000025     demo7.obj (.text:retain)
                  00101fb9    00000025     rts2800_ml.lib : hostunlink.c.obj (.text)
                  00101fde    00000024                    : cpy_tbl.c.obj (.text)
                  00102002    00000023                    : s_copysign.c.obj (.text)
                  00102025    00000022                    : i_div28.asm.obj (.text)
                  00102047    00000021                    : fd_toi28.asm.obj (.text)
                  00102068    00000020     DSP281x_PieVect.obj (.text)
                  00102088    0000001f     rts2800_ml.lib : fd_tol28.asm.obj (.text)
                  001020a7    0000001e                    : ll_cmp28.asm.obj (.text)
                  001020c5    0000001d                    : i_tofd28.asm.obj (.text)
                  001020e2    0000001d                    : memcpy.c.obj (.text)
                  001020ff    0000001c                    : fs_tofd28.asm.obj (.text)
                  0010211b    0000001c                    : l_tofd28.asm.obj (.text)
                  00102137    00000019                    : unlink.c.obj (.text)
                  00102150    00000018                    : ll_aox28.asm.obj (.text)
                  00102168    00000018                    : lseek.c.obj (.text)
                  00102180    00000018                    : write.c.obj (.text)
                  00102198    00000017                    : fs_cmp28.asm.obj (.text)
                  001021af    00000015                    : strncpy.c.obj (.text)
                  001021c4    00000013     DSP281x_Adc.obj (.text)
                  001021d7    00000013     rts2800_ml.lib : ul_tofs28.asm.obj (.text)
                  001021ea    00000011                    : args_main.c.obj (.text)
                  001021fb    00000010                    : memccpy.c.obj (.text)
                  0010220b    0000000e     demo6.obj (.text:retain)
                  00102219    0000000e     rts2800_ml.lib : fd_sub28.asm.obj (.text)
                  00102227    0000000d                    : memchr.c.obj (.text)
                  00102234    0000000b                    : strchr.c.obj (.text)
                  0010223f    0000000b                    : u_div28.asm.obj (.text)
                  0010224a    0000000a                    : strcmp.c.obj (.text)
                  00102254    00000009                    : _lock.c.obj (.text)
                  0010225d    00000009                    : fd_neg28.asm.obj (.text)
                  00102266    00000008     DSP281x_CodeStartBranch.obj (.text)
                  0010226e    00000008     DSP281x_XintfBootReset.obj (.text)
                  00102276    00000008     rts2800_ml.lib : strlen.c.obj (.text)
                  0010227e    00000008                    : wcslen.c.obj (.text)
                  00102286    00000007                    : memset.c.obj (.text)
                  0010228d    00000005                    : strcpy.c.obj (.text)
                  00102292    00000004     main.obj (.text)
                  00102296    00000003     DSP281x_DBGIER.obj (.text)
                  00102299    00000003     rts2800_ml.lib : remove.c.obj (.text)
                  0010229c    00000002                    : pre_init.c.obj (.text)
                  0010229e    00000001                    : startup.c.obj (.text)

CsmPwlFile 
*          1    003f7ff8    00000008     UNINITIALIZED
                  003f7ff8    00000008     DSP281x_GlobalVariableDefs.obj (CsmPwlFile)

.pinit     0    003f8002    00000000     UNINITIALIZED

.reset     0    003fffc0    00000002     DSECT
                  003fffc0    00000002     rts2800_ml.lib : boot28.asm.obj (.reset)

.stack     1    00000400    00000400     UNINITIALIZED
                  00000400    00000400     --HOLE--

.ebss      1    001022a0    000001e4     UNINITIALIZED
                  001022a0    00000018     DSP281x_CpuTimers.obj (.ebss)
                  001022b8    00000008     rts2800_ml.lib : hostopen.c.obj (.ebss:_parmbuf)
                  001022c0    000000a0                    : defs.c.obj (.ebss:___TI_tmpnams)
                  00102360    0000000a     demo9.obj (.ebss:_msg)
                  0010236a    00000006     demo5.obj (.ebss)
                  00102370    00000006     rts2800_ml.lib : exit.c.obj (.ebss)
                  00102376    00000004     demo9.obj (.ebss:_DisData_Bit)
                  0010237a    00000004     demo4.obj (.ebss)
                  0010237e    00000002     rts2800_ml.lib : _lock.c.obj (.ebss:__lock)
                  00102380    00000078                    : defs.c.obj (.ebss:__ftable)
                  001023f8    00000004     demo6.obj (.ebss)
                  001023fc    00000004     rts2800_ml.lib : memory.c.obj (.ebss)
                  00102400    00000048                    : host_device.c.obj (.ebss:__device)
                  00102448    00000028                    : host_device.c.obj (.ebss:__stream)
                  00102470    00000003     demo7.obj (.ebss)
                  00102473    00000003     demo9.obj (.ebss)
                  00102476    00000002     rts2800_ml.lib : _lock.c.obj (.ebss:__unlock)
                  00102478    00000002     demo1.obj (.ebss)
                  0010247a    00000002     demo2.obj (.ebss)
                  0010247c    00000002     demo3.obj (.ebss)
                  0010247e    00000002     demo8.obj (.ebss)
                  00102480    00000001     rts2800_ml.lib : defs.c.obj (.ebss)
                  00102481    00000001                    : errno.c.obj (.ebss)
                  00102482    00000001                    : fopen.c.obj (.ebss)
                  00102483    00000001                    : open.c.obj (.ebss)

.esysmem   1    003f9000    00000400     UNINITIALIZED
                  003f9000    00000004     rts2800_ml.lib : memory.c.obj (.esysmem)
                  003f9004    000003fc     --HOLE--

.econst    1    003f9400    00000328     
                  003f9400    00000101     rts2800_ml.lib : ctype.c.obj (.econst:.string:__ctypes_)
                  003f9501    00000001     --HOLE-- [fill = 0]
                  003f9502    00000100     DSP281x_PieVect.obj (.econst:_PieVectTableInit)
                  003f9602    00000044     demo9.obj (.econst:.string)
                  003f9646    0000002e     demo5.obj (.econst:.string)
                  003f9674    00000026     rts2800_ml.lib : _printfi.c.obj (.econst:.string)
                  003f969a    00000020     demo7.obj (.econst:.string)
                  003f96ba    0000001c     rts2800_ml.lib : _printfi.c.obj (.econst)
                  003f96d6    0000001c                    : s_scalbn.c.obj (.econst)
                  003f96f2    00000014     demo2.obj (.econst:.string)
                  003f9706    0000000b     demo4.obj (.econst:.string)
                  003f9711    00000001     --HOLE-- [fill = 0]
                  003f9712    0000000b     demo8.obj (.econst:.string)
                  003f971d    00000001     --HOLE-- [fill = 0]
                  003f971e    00000008     rts2800_ml.lib : s_frexp.c.obj (.econst)
                  003f9726    00000002                    : fputs.c.obj (.econst:.string)

csmpasswds 
*          0    00000076    00000008     
                  00000076    00000008     DSP281x_CSMPasswords.obj (csmpasswds)

reset_vec 
*          0    0000007e    00000002     
                  0000007e    00000002     DSP281x_XintfBootReset.obj (reset_vec)

.cio       1    001024c0    00000120     UNINITIALIZED
                  001024c0    00000120     rts2800_ml.lib : trgmsg.c.obj (.cio)

MODULE SUMMARY

       Module                           code   initialized data   uninitialized data
       ------                           ----   ----------------   ------------------
    .\
       DSP281x_GlobalVariableDefs.obj   0      0                  1401              
       main.obj                         4      0                  0                 
    +--+--------------------------------+------+------------------+--------------------+
       Total:                           4      0                  1401              
                                                                                    
    .\demos\
       demo9.obj                        444    97                 17                
       demo4.obj                        53     24                 4                 
       demo7.obj                        37     40                 3                 
       demo5.obj                        0      50                 6                 
       demo2.obj                        0      20                 2                 
       demo6.obj                        14     0                  4                 
       demo8.obj                        0      15                 2                 
       demo3.obj                        0      8                  2                 
       demo1.obj                        0      5                  2                 
    +--+--------------------------------+------+------------------+--------------------+
       Total:                           548    259                42                
                                                                                    
    .\source\
       DSP281x_DefaultIsr.obj           335    0                  0                 
       DSP281x_PieVect.obj              32     256                0                 
       DSP281x_SysCtrl.obj              134    0                  0                 
       DSP281x_CSMPasswords.obj         0      126                0                 
       DSP281x_PieCtrl.obj              40     0                  0                 
       DSP281x_CpuTimers.obj            0      0                  24                
       DSP281x_Adc.obj                  19     0                  0                 
       DSP281x_CodeStartBranch.obj      10     0                  0                 
       DSP281x_XintfBootReset.obj       8      2                  0                 
       DSP281x_usDelay.obj              4      0                  0                 
       DSP281x_DBGIER.obj               3      0                  0                 
    +--+--------------------------------+------+------------------+--------------------+
       Total:                           585    384                24                
                                                                                    
    E:\ccs11.2\installDir\ccs\tools\compiler\ti-cgt-c2000_21.6.0.LTS\lib\rts2800_ml.lib
       _printfi.c.obj                   3224   66                 0                 
       memory.c.obj                     649    4                  4                 
       trgmsg.c.obj                     148    0                  288               
       defs.c.obj                       0      42                 281               
       fopen.c.obj                      286    4                  1                 
       ll_div28.asm.obj                 263    0                  0                 
       ctype.c.obj                      0      257                0                 
       s_scalbn.c.obj                   172    28                 0                 
       fputs.c.obj                      163    2                  0                 
       fd_add28.asm.obj                 156    0                  0                 
       host_device.c.obj                0      41                 112               
       fd_div28.asm.obj                 139    0                  0                 
       fd_mpy28.asm.obj                 131    0                  0                 
       setvbuf.c.obj                    121    0                  0                 
       open.c.obj                       111    4                  1                 
       fflush.c.obj                     107    0                  0                 
       _io_perm.c.obj                   103    0                  0                 
       s_frexp.c.obj                    92     8                  0                 
       hostlseek.c.obj                  93     0                  0                 
       fclose.c.obj                     91     0                  0                 
       fs_mpy28.asm.obj                 90     0                  0                 
       boot28.asm.obj                   84     0                  0                 
       getdevice.c.obj                  80     0                  0                 
       fputc.c.obj                      79     0                  0                 
       hostopen.c.obj                   57     0                  8                 
       hostrename.c.obj                 63     0                  0                 
       exit.c.obj                       41     14                 6                 
       fseek.c.obj                      61     0                  0                 
       hostread.c.obj                   56     0                  0                 
       hostwrite.c.obj                  56     0                  0                 
       printf.c.obj                     52     0                  0                 
       close.c.obj                      51     0                  0                 
       atoi.c.obj                       49     0                  0                 
       _ltoa.c.obj                      46     0                  0                 
       fd_cmp28.asm.obj                 42     0                  0                 
       l_div28.asm.obj                  42     0                  0                 
       fs_tol28.asm.obj                 41     0                  0                 
       hostclose.c.obj                  39     0                  0                 
       hostunlink.c.obj                 37     0                  0                 
       cpy_tbl.c.obj                    36     0                  0                 
       s_copysign.c.obj                 35     0                  0                 
       i_div28.asm.obj                  34     0                  0                 
       fd_toi28.asm.obj                 33     0                  0                 
       fd_tol28.asm.obj                 31     0                  0                 
       ll_cmp28.asm.obj                 30     0                  0                 
       i_tofd28.asm.obj                 29     0                  0                 
       memcpy.c.obj                     29     0                  0                 
       fs_tofd28.asm.obj                28     0                  0                 
       l_tofd28.asm.obj                 28     0                  0                 
       unlink.c.obj                     25     0                  0                 
       ll_aox28.asm.obj                 24     0                  0                 
       lseek.c.obj                      24     0                  0                 
       write.c.obj                      24     0                  0                 
       _lock.c.obj                      9      10                 4                 
       fs_cmp28.asm.obj                 23     0                  0                 
       strncpy.c.obj                    21     0                  0                 
       ul_tofs28.asm.obj                19     0                  0                 
       args_main.c.obj                  17     0                  0                 
       memccpy.c.obj                    16     0                  0                 
       fd_sub28.asm.obj                 14     0                  0                 
       memchr.c.obj                     13     0                  0                 
       strchr.c.obj                     11     0                  0                 
       u_div28.asm.obj                  11     0                  0                 
       strcmp.c.obj                     10     0                  0                 
       fd_neg28.asm.obj                 9      0                  0                 
       strlen.c.obj                     8      0                  0                 
       wcslen.c.obj                     8      0                  0                 
       memset.c.obj                     7      0                  0                 
       errno.c.obj                      0      4                  1                 
       strcpy.c.obj                     5      0                  0                 
       remove.c.obj                     3      0                  0                 
       pre_init.c.obj                   2      0                  0                 
       startup.c.obj                    1      0                  0                 
    +--+--------------------------------+------+------------------+--------------------+
       Total:                           7732   484                706               
                                                                                    
       Heap:                            0      0                  1024              
       Stack:                           0      0                  1024              
    +--+--------------------------------+------+------------------+--------------------+
       Grand Total:                     8869   1127               4221              


GLOBAL DATA SYMBOLS: SORTED BY DATA PAGE

address     data page           name
--------    ----------------    ----
00000400      10 (00000400)     __stack

00000880      22 (00000880)     _DevEmuRegs

00000a80      2a (00000a80)     _FlashRegs

00000ae0      2b (00000ac0)     _CsmRegs

00000b20      2c (00000b00)     _XintfRegs

00000c00      30 (00000c00)     _CpuTimer0Regs
00000c08      30 (00000c00)     _CpuTimer1Regs
00000c10      30 (00000c00)     _CpuTimer2Regs

00000ce0      33 (00000cc0)     _PieCtrlRegs

00000d00      34 (00000d00)     _PieVectTable

00006000     180 (00006000)     _ECanaRegs

00006040     181 (00006040)     _ECanaLAMRegs

00006080     182 (00006080)     _ECanaMOTSRegs

000060c0     183 (000060c0)     _ECanaMOTORegs

00006100     184 (00006100)     _ECanaMboxes

00007010     1c0 (00007000)     _SysCtrlRegs

00007040     1c1 (00007040)     _SpiaRegs
00007050     1c1 (00007040)     _SciaRegs
00007070     1c1 (00007040)     _XIntruptRegs

000070c0     1c3 (000070c0)     _GpioMuxRegs
000070e0     1c3 (000070c0)     _GpioDataRegs

00007100     1c4 (00007100)     _AdcRegs

00007400     1d0 (00007400)     _EvaRegs

00007500     1d4 (00007500)     _EvbRegs

00007750     1dd (00007740)     _ScibRegs

00007800     1e0 (00007800)     _McbspaRegs

001022a0    408a (00102280)     _CpuTimer0
001022a8    408a (00102280)     _CpuTimer1
001022b0    408a (00102280)     _CpuTimer2
001022b8    408a (00102280)     _parmbuf

001022c0    408b (001022c0)     ___TI_tmpnams

0010236a    408d (00102340)     _stop
0010236c    408d (00102340)     _temp5
0010236e    408d (00102340)     _direction
00102370    408d (00102340)     ___TI_enable_exit_profile_output
00102372    408d (00102340)     ___TI_cleanup_ptr
00102374    408d (00102340)     ___TI_dtors_ptr
0010237a    408d (00102340)     _counter
0010237b    408d (00102340)     _light_status
0010237c    408d (00102340)     _counter_p
0010237e    408d (00102340)     __lock

00102380    408e (00102380)     __ftable

001023f8    408f (001023c0)     _WakeCount
001023fa    408f (001023c0)     _LoopCount

00102400    4090 (00102400)     __device

00102448    4091 (00102440)     __stream
00102476    4091 (00102440)     __unlock
00102478    4091 (00102440)     _led_status
0010247a    4091 (00102440)     _B_input
0010247b    4091 (00102440)     _B_output
0010247c    4091 (00102440)     _DisData
0010247d    4091 (00102440)     _Loop

00102480    4092 (00102480)     ___TI_ft_end
00102481    4092 (00102480)     _errno

001024c0    4093 (001024c0)     __CIOBUF_

003f7ff8    fdff (003f7fc0)     _CsmPwl

003f9000    fe40 (003f9000)     __sys_memory

003f9400    fe50 (003f9400)     __ctypes_

003f9502    fe54 (003f9500)     _PieVectTableInit


GLOBAL SYMBOLS: SORTED ALPHABETICALLY BY Name 

page  address   name                            
----  -------   ----                            
1     00100000  .text                           
1     00101ef3  C$$EXIT                         
1     0010165c  C$$IO$$                         
1     0010156d  FD$$ADD                         
1     00101e9f  FD$$CMP                         
1     0010169d  FD$$DIV                         
1     001017ae  FD$$MPY                         
1     0010225d  FD$$NEG                         
1     00102219  FD$$SUB                         
1     00102047  FD$$TOI                         
1     00102088  FD$$TOL                         
1     00102198  FS$$CMP                         
1     00101aff  FS$$MPY                         
1     001020ff  FS$$TOFD                        
1     00101f1c  FS$$TOL                         
1     00102025  I$$DIV                          
1     00102036  I$$MOD                          
1     001020c5  I$$TOFD                         
1     00101ec9  L$$DIV                          
1     00101ed8  L$$MOD                          
1     0010211b  L$$TOFD                         
1     00102150  LL$$AND                         
1     001020a7  LL$$CMP                         
1     00101317  LL$$DIV                         
1     00101353  LL$$MOD                         
1     00102158  LL$$OR                          
1     00102160  LL$$XOR                         
1     0010223f  U$$DIV                          
1     00102244  U$$MOD                          
1     00101ee6  UL$$DIV                         
1     00101eed  UL$$MOD                         
1     001021d7  UL$$TOFS                        
1     001020b9  ULL$$CMP                        
1     0010138d  ULL$$DIV                        
1     001013bc  ULL$$MOD                        
1     0010111d  _ADCINT_ISR                     
1     00007100  _AdcRegs                        
1     0010247a  _B_input                        
1     0010247b  _B_output                       
1     00101163  _CAPINT1_ISR                    
1     00101168  _CAPINT2_ISR                    
1     0010116d  _CAPINT3_ISR                    
1     001011a9  _CAPINT4_ISR                    
1     001011ae  _CAPINT5_ISR                    
1     001011b3  _CAPINT6_ISR                    
1     0010112c  _CMP1INT_ISR                    
1     00101131  _CMP2INT_ISR                    
1     00101136  _CMP3INT_ISR                    
1     00101172  _CMP4INT_ISR                    
1     00101177  _CMP5INT_ISR                    
1     0010117c  _CMP6INT_ISR                    
1     001022a0  _CpuTimer0                      
1     00000c00  _CpuTimer0Regs                  
1     001022a8  _CpuTimer1                      
1     00000c08  _CpuTimer1Regs                  
1     001022b0  _CpuTimer2                      
1     00000c10  _CpuTimer2Regs                  
1     003f7ff8  _CsmPwl                         
1     00000ae0  _CsmRegs                        
1     0010177d  _CsmUnlock                      
1     001010b4  _DATALOG_ISR                    
0     003f80c6  _DSP28x_usDelay                 
1     00000880  _DevEmuRegs                     
1     0010247c  _DisData                        
1     0010173a  _DisableDog                     
1     001011e0  _ECAN0INTA_ISR                  
1     001011e5  _ECAN1INTA_ISR                  
1     00006040  _ECanaLAMRegs                   
1     000060c0  _ECanaMOTORegs                  
1     00006080  _ECanaMOTSRegs                  
1     00006100  _ECanaMboxes                    
1     00006000  _ECanaRegs                      
1     001011ea  _EMPTY_ISR                      
1     001010be  _EMUINT_ISR                     
1     00101f64  _EnableInterrupts               
1     00007400  _EvaRegs                        
1     00007500  _EvbRegs                        
1     00000a80  _FlashRegs                      
1     000070e0  _GpioDataRegs                   
1     000070c0  _GpioMuxRegs                    
1     00101f6d  _HOSTclose                      
1     001019eb  _HOSTlseek                      
1     00101cc8  _HOSTopen                       
1     00101d01  _HOSTread                       
1     00101c4c  _HOSTrename                     
1     00101fb9  _HOSTunlink                     
1     00101d39  _HOSTwrite                      
1     001010c8  _ILLEGAL_ISR                    
1     001010aa  _INT13_ISR                      
1     001010af  _INT14_ISR                      
1     001021c4  _InitAdc                        
1     00101763  _InitPeripheralClocks           
1     00101f45  _InitPieCtrl                    
1     00102068  _InitPieVectTable               
1     00101742  _InitPll                        
1     00101728  _InitSysCtrl                    
1     00101730  _KickDog                        
1     0010247d  _Loop                           
1     001023fa  _LoopCount                      
1     001011c2  _MRINTA_ISR                     
1     001011c7  _MXINTA_ISR                     
1     00007800  _McbspaRegs                     
1     001010c3  _NMI_ISR                        
1     00101109  _PDPINTA_ISR                    
1     0010110e  _PDPINTB_ISR                    
1     001011ef  _PIE_RESERVED                   
1     00000ce0  _PieCtrlRegs                    
1     00000d00  _PieVectTable                   
1     003f9502  _PieVectTableInit               
1     001010b9  _RTOSINT_ISR                    
1     001011cc  _SCIRXINTA_ISR                  
1     001011d6  _SCIRXINTB_ISR                  
1     001011d1  _SCITXINTA_ISR                  
1     001011db  _SCITXINTB_ISR                  
1     001011b8  _SPIRXINTA_ISR                  
1     001011bd  _SPITXINTA_ISR                  
1     00007050  _SciaRegs                       
1     00007750  _ScibRegs                       
1     00102296  _SetDBGIER                      
1     00007040  _SpiaRegs                       
1     00007010  _SysCtrlRegs                    
1     00101140  _T1CINT_ISR                     
1     0010114a  _T1OFINT_ISR                    
1     0010113b  _T1PINT_ISR                     
1     00101145  _T1UFINT_ISR                    
1     00101154  _T2CINT_ISR                     
1     0010115e  _T2OFINT_ISR                    
1     0010114f  _T2PINT_ISR                     
1     00101159  _T2UFINT_ISR                    
1     00101186  _T3CINT_ISR                     
1     00101190  _T3OFINT_ISR                    
1     00101181  _T3PINT_ISR                     
1     0010118b  _T3UFINT_ISR                    
1     0010119a  _T4CINT_ISR                     
1     001011a4  _T4OFINT_ISR                    
1     00101195  _T4PINT_ISR                     
1     0010119f  _T4UFINT_ISR                    
1     00101122  _TINT0_ISR                      
1     001010fa  _USER10_ISR                     
1     001010ff  _USER11_ISR                     
1     00101104  _USER12_ISR                     
1     001010cd  _USER1_ISR                      
1     001010d2  _USER2_ISR                      
1     001010d7  _USER3_ISR                      
1     001010dc  _USER4_ISR                      
1     001010e1  _USER5_ISR                      
1     001010e6  _USER6_ISR                      
1     001010eb  _USER7_ISR                      
1     001010f0  _USER8_ISR                      
1     001010f5  _USER9_ISR                      
1     00101127  _WAKEINT_ISR                    
1     001023f8  _WakeCount                      
1     00101113  _XINT1_ISR                      
1     00101118  _XINT2_ISR                      
1     00007070  _XIntruptRegs                   
1     00000b20  _XintfRegs                      
1     001024c0  __CIOBUF_                       
1     00000800  __STACK_END                     
abs   00000400  __STACK_SIZE                    
abs   00000400  __SYSMEM_SIZE                   
1     00101296  ___TI_cleanup                   
1     00102372  ___TI_cleanup_ptr               
1     00101aa4  ___TI_closefile                 
1     00101919  ___TI_doflush                   
1     00102374  ___TI_dtors_ptr                 
1     00102370  ___TI_enable_exit_profile_output
1     00102480  ___TI_ft_end                    
1     00100f1f  ___TI_heap_check                
1     00100f02  ___TI_heap_largest_available    
1     00100ee5  ___TI_heap_total_available      
1     00101e71  ___TI_ltoa                      
abs   ffffffff  ___TI_pprof_out_hndl            
1     00100b12  ___TI_printfi                   
abs   ffffffff  ___TI_prof_data_size            
abs   ffffffff  ___TI_prof_data_start           
1     001019bf  ___TI_rd_ok                     
1     00101661  ___TI_readmsg                   
1     001022c0  ___TI_tmpnams                   
1     00101609  ___TI_writemsg                  
1     00101984  ___TI_wrt_ok                    
abs   ffffffff  ___binit__                      
abs   ffffffff  ___c_args__                     
0     003f8002  ___cinit__                      
1     0010229f  ___etext__                      
abs   ffffffff  ___pinit__                      
1     00100000  ___text__                       
1     001021ea  __args_main                     
1     003f9400  __ctypes_                       
1     00102400  __device                        
1     00102380  __ftable                        
1     0010237e  __lock                          
1     0010225c  __nop                           
1     00102258  __register_lock                 
1     00102254  __register_unlock               
1     00000400  __stack                         
1     00102448  __stream                        
1     003f9000  __sys_memory                    
1     0010229e  __system_post_cinit             
1     0010229c  __system_pre_init               
1     00102476  __unlock                        
1     00101ef3  _abort                          
1     00101dda  _adc_int                        
1     00100e3f  _aligned_alloc                  
1     00101e40  _atoi                           
1     00101b59  _c_int00                        
1     00100e12  _calloc                         
1     00101e0d  _close                          
1     00101fde  _copy_in                        
1     00102002  _copysignl                      
1     0010237a  _counter                        
1     0010237c  _counter_p                      
1     00101d71  _cpu_timer0_isr                 
1     00100fe0  _demo9                          
1     0010236e  _direction                      
1     00102481  _errno                          
1     00101ef5  _exit                           
1     00101ae6  _fclose                         
1     00101948  _fflush                         
1     00101bad  _finddevice                     
1     001012d1  _fopen                          
1     00101bfd  _fputc                          
1     001014ca  _fputs                          
1     00100cc3  _free                           
1     001012b3  _freopen                        
1     00101a48  _frexpl                         
1     00101c8b  _fseek                          
1     00101c8b  _fseeko                         
1     00101bc8  _getdevice                      
1     0010141e  _ldexpl                         
1     00102478  _led_status                     
1     0010237b  _light_status                   
1     00102168  _lseek                          
1     00102292  _main                           
1     00100c98  _malloc                         
1     00100e3f  _memalign                       
1     001021fb  _memccpy                        
1     00102227  _memchr                         
1     001020e2  _memcpy                         
1     00102286  _memset                         
1     00100e0e  _minit                          
1     001018aa  _open                           
1     001022b8  _parmbuf                        
1     00101dac  _printf                         
1     00101bfd  _putc                           
1     00101c47  _putchar                        
1     0010155a  _puts                           
1     00100d8b  _realloc                        
1     00102299  _remove                         
1     001011f4  _rsvd_ISR                       
1     0010141e  _scalbnl                        
1     00101831  _setvbuf                        
1     0010236a  _stop                           
1     00102234  _strchr                         
1     0010224a  _strcmp                         
1     0010228d  _strcpy                         
1     00102276  _strlen                         
1     001021af  _strncpy                        
1     0010236c  _temp5                          
1     00102137  _unlink                         
1     0010220b  _wakeint_isr                    
1     0010227e  _wcslen                         
1     00102180  _write                          
abs   ffffffff  binit                           
0     003f8002  cinit                           
1     0010229f  etext                           
abs   ffffffff  pinit                           


GLOBAL SYMBOLS: SORTED BY Symbol Address 

page  address   name                            
----  -------   ----                            
0     003f8002  ___cinit__                      
0     003f8002  cinit                           
0     003f80c6  _DSP28x_usDelay                 
1     00000400  __stack                         
1     00000800  __STACK_END                     
1     00000880  _DevEmuRegs                     
1     00000a80  _FlashRegs                      
1     00000ae0  _CsmRegs                        
1     00000b20  _XintfRegs                      
1     00000c00  _CpuTimer0Regs                  
1     00000c08  _CpuTimer1Regs                  
1     00000c10  _CpuTimer2Regs                  
1     00000ce0  _PieCtrlRegs                    
1     00000d00  _PieVectTable                   
1     00006000  _ECanaRegs                      
1     00006040  _ECanaLAMRegs                   
1     00006080  _ECanaMOTSRegs                  
1     000060c0  _ECanaMOTORegs                  
1     00006100  _ECanaMboxes                    
1     00007010  _SysCtrlRegs                    
1     00007040  _SpiaRegs                       
1     00007050  _SciaRegs                       
1     00007070  _XIntruptRegs                   
1     000070c0  _GpioMuxRegs                    
1     000070e0  _GpioDataRegs                   
1     00007100  _AdcRegs                        
1     00007400  _EvaRegs                        
1     00007500  _EvbRegs                        
1     00007750  _ScibRegs                       
1     00007800  _McbspaRegs                     
1     00100000  .text                           
1     00100000  ___text__                       
1     00100b12  ___TI_printfi                   
1     00100c98  _malloc                         
1     00100cc3  _free                           
1     00100d8b  _realloc                        
1     00100e0e  _minit                          
1     00100e12  _calloc                         
1     00100e3f  _aligned_alloc                  
1     00100e3f  _memalign                       
1     00100ee5  ___TI_heap_total_available      
1     00100f02  ___TI_heap_largest_available    
1     00100f1f  ___TI_heap_check                
1     00100fe0  _demo9                          
1     001010aa  _INT13_ISR                      
1     001010af  _INT14_ISR                      
1     001010b4  _DATALOG_ISR                    
1     001010b9  _RTOSINT_ISR                    
1     001010be  _EMUINT_ISR                     
1     001010c3  _NMI_ISR                        
1     001010c8  _ILLEGAL_ISR                    
1     001010cd  _USER1_ISR                      
1     001010d2  _USER2_ISR                      
1     001010d7  _USER3_ISR                      
1     001010dc  _USER4_ISR                      
1     001010e1  _USER5_ISR                      
1     001010e6  _USER6_ISR                      
1     001010eb  _USER7_ISR                      
1     001010f0  _USER8_ISR                      
1     001010f5  _USER9_ISR                      
1     001010fa  _USER10_ISR                     
1     001010ff  _USER11_ISR                     
1     00101104  _USER12_ISR                     
1     00101109  _PDPINTA_ISR                    
1     0010110e  _PDPINTB_ISR                    
1     00101113  _XINT1_ISR                      
1     00101118  _XINT2_ISR                      
1     0010111d  _ADCINT_ISR                     
1     00101122  _TINT0_ISR                      
1     00101127  _WAKEINT_ISR                    
1     0010112c  _CMP1INT_ISR                    
1     00101131  _CMP2INT_ISR                    
1     00101136  _CMP3INT_ISR                    
1     0010113b  _T1PINT_ISR                     
1     00101140  _T1CINT_ISR                     
1     00101145  _T1UFINT_ISR                    
1     0010114a  _T1OFINT_ISR                    
1     0010114f  _T2PINT_ISR                     
1     00101154  _T2CINT_ISR                     
1     00101159  _T2UFINT_ISR                    
1     0010115e  _T2OFINT_ISR                    
1     00101163  _CAPINT1_ISR                    
1     00101168  _CAPINT2_ISR                    
1     0010116d  _CAPINT3_ISR                    
1     00101172  _CMP4INT_ISR                    
1     00101177  _CMP5INT_ISR                    
1     0010117c  _CMP6INT_ISR                    
1     00101181  _T3PINT_ISR                     
1     00101186  _T3CINT_ISR                     
1     0010118b  _T3UFINT_ISR                    
1     00101190  _T3OFINT_ISR                    
1     00101195  _T4PINT_ISR                     
1     0010119a  _T4CINT_ISR                     
1     0010119f  _T4UFINT_ISR                    
1     001011a4  _T4OFINT_ISR                    
1     001011a9  _CAPINT4_ISR                    
1     001011ae  _CAPINT5_ISR                    
1     001011b3  _CAPINT6_ISR                    
1     001011b8  _SPIRXINTA_ISR                  
1     001011bd  _SPITXINTA_ISR                  
1     001011c2  _MRINTA_ISR                     
1     001011c7  _MXINTA_ISR                     
1     001011cc  _SCIRXINTA_ISR                  
1     001011d1  _SCITXINTA_ISR                  
1     001011d6  _SCIRXINTB_ISR                  
1     001011db  _SCITXINTB_ISR                  
1     001011e0  _ECAN0INTA_ISR                  
1     001011e5  _ECAN1INTA_ISR                  
1     001011ea  _EMPTY_ISR                      
1     001011ef  _PIE_RESERVED                   
1     001011f4  _rsvd_ISR                       
1     00101296  ___TI_cleanup                   
1     001012b3  _freopen                        
1     001012d1  _fopen                          
1     00101317  LL$$DIV                         
1     00101353  LL$$MOD                         
1     0010138d  ULL$$DIV                        
1     001013bc  ULL$$MOD                        
1     0010141e  _ldexpl                         
1     0010141e  _scalbnl                        
1     001014ca  _fputs                          
1     0010155a  _puts                           
1     0010156d  FD$$ADD                         
1     00101609  ___TI_writemsg                  
1     0010165c  C$$IO$$                         
1     00101661  ___TI_readmsg                   
1     0010169d  FD$$DIV                         
1     00101728  _InitSysCtrl                    
1     00101730  _KickDog                        
1     0010173a  _DisableDog                     
1     00101742  _InitPll                        
1     00101763  _InitPeripheralClocks           
1     0010177d  _CsmUnlock                      
1     001017ae  FD$$MPY                         
1     00101831  _setvbuf                        
1     001018aa  _open                           
1     00101919  ___TI_doflush                   
1     00101948  _fflush                         
1     00101984  ___TI_wrt_ok                    
1     001019bf  ___TI_rd_ok                     
1     001019eb  _HOSTlseek                      
1     00101a48  _frexpl                         
1     00101aa4  ___TI_closefile                 
1     00101ae6  _fclose                         
1     00101aff  FS$$MPY                         
1     00101b59  _c_int00                        
1     00101bad  _finddevice                     
1     00101bc8  _getdevice                      
1     00101bfd  _fputc                          
1     00101bfd  _putc                           
1     00101c47  _putchar                        
1     00101c4c  _HOSTrename                     
1     00101c8b  _fseek                          
1     00101c8b  _fseeko                         
1     00101cc8  _HOSTopen                       
1     00101d01  _HOSTread                       
1     00101d39  _HOSTwrite                      
1     00101d71  _cpu_timer0_isr                 
1     00101dac  _printf                         
1     00101dda  _adc_int                        
1     00101e0d  _close                          
1     00101e40  _atoi                           
1     00101e71  ___TI_ltoa                      
1     00101e9f  FD$$CMP                         
1     00101ec9  L$$DIV                          
1     00101ed8  L$$MOD                          
1     00101ee6  UL$$DIV                         
1     00101eed  UL$$MOD                         
1     00101ef3  C$$EXIT                         
1     00101ef3  _abort                          
1     00101ef5  _exit                           
1     00101f1c  FS$$TOL                         
1     00101f45  _InitPieCtrl                    
1     00101f64  _EnableInterrupts               
1     00101f6d  _HOSTclose                      
1     00101fb9  _HOSTunlink                     
1     00101fde  _copy_in                        
1     00102002  _copysignl                      
1     00102025  I$$DIV                          
1     00102036  I$$MOD                          
1     00102047  FD$$TOI                         
1     00102068  _InitPieVectTable               
1     00102088  FD$$TOL                         
1     001020a7  LL$$CMP                         
1     001020b9  ULL$$CMP                        
1     001020c5  I$$TOFD                         
1     001020e2  _memcpy                         
1     001020ff  FS$$TOFD                        
1     0010211b  L$$TOFD                         
1     00102137  _unlink                         
1     00102150  LL$$AND                         
1     00102158  LL$$OR                          
1     00102160  LL$$XOR                         
1     00102168  _lseek                          
1     00102180  _write                          
1     00102198  FS$$CMP                         
1     001021af  _strncpy                        
1     001021c4  _InitAdc                        
1     001021d7  UL$$TOFS                        
1     001021ea  __args_main                     
1     001021fb  _memccpy                        
1     0010220b  _wakeint_isr                    
1     00102219  FD$$SUB                         
1     00102227  _memchr                         
1     00102234  _strchr                         
1     0010223f  U$$DIV                          
1     00102244  U$$MOD                          
1     0010224a  _strcmp                         
1     00102254  __register_unlock               
1     00102258  __register_lock                 
1     0010225c  __nop                           
1     0010225d  FD$$NEG                         
1     00102276  _strlen                         
1     0010227e  _wcslen                         
1     00102286  _memset                         
1     0010228d  _strcpy                         
1     00102292  _main                           
1     00102296  _SetDBGIER                      
1     00102299  _remove                         
1     0010229c  __system_pre_init               
1     0010229e  __system_post_cinit             
1     0010229f  ___etext__                      
1     0010229f  etext                           
1     001022a0  _CpuTimer0                      
1     001022a8  _CpuTimer1                      
1     001022b0  _CpuTimer2                      
1     001022b8  _parmbuf                        
1     001022c0  ___TI_tmpnams                   
1     0010236a  _stop                           
1     0010236c  _temp5                          
1     0010236e  _direction                      
1     00102370  ___TI_enable_exit_profile_output
1     00102372  ___TI_cleanup_ptr               
1     00102374  ___TI_dtors_ptr                 
1     0010237a  _counter                        
1     0010237b  _light_status                   
1     0010237c  _counter_p                      
1     0010237e  __lock                          
1     00102380  __ftable                        
1     001023f8  _WakeCount                      
1     001023fa  _LoopCount                      
1     00102400  __device                        
1     00102448  __stream                        
1     00102476  __unlock                        
1     00102478  _led_status                     
1     0010247a  _B_input                        
1     0010247b  _B_output                       
1     0010247c  _DisData                        
1     0010247d  _Loop                           
1     00102480  ___TI_ft_end                    
1     00102481  _errno                          
1     001024c0  __CIOBUF_                       
1     003f7ff8  _CsmPwl                         
1     003f9000  __sys_memory                    
1     003f9400  __ctypes_                       
1     003f9502  _PieVectTableInit               
abs   00000400  __STACK_SIZE                    
abs   00000400  __SYSMEM_SIZE                   
abs   ffffffff  ___TI_pprof_out_hndl            
abs   ffffffff  ___TI_prof_data_size            
abs   ffffffff  ___TI_prof_data_start           
abs   ffffffff  ___binit__                      
abs   ffffffff  ___c_args__                     
abs   ffffffff  ___pinit__                      
abs   ffffffff  binit                           
abs   ffffffff  pinit                           

[266 symbols]
