<?xml version="1.0" encoding="ISO-8859-1" ?>
<link_info>
   <banner>TMS320C2000 Linker PC v21.6.0.LTS</banner>
   <copyright>Copyright (c) 1996-2018 Texas Instruments Incorporated</copyright>
   <link_time>0x627e5473</link_time>
   <link_errors>0x0</link_errors>
   <output_file>allDemo.out</output_file>
   <entry_point>
      <name>_c_int00</name>
      <address>0x101b4c</address>
   </entry_point>
   <input_file_list>
      <input_file id="fl-2">
         <path>.\</path>
         <kind>object</kind>
         <file>DSP281x_GlobalVariableDefs.obj</file>
         <name>DSP281x_GlobalVariableDefs.obj</name>
      </input_file>
      <input_file id="fl-3">
         <path>.\</path>
         <kind>object</kind>
         <file>main.obj</file>
         <name>main.obj</name>
      </input_file>
      <input_file id="fl-4">
         <path>.\demos\</path>
         <kind>object</kind>
         <file>demo1.obj</file>
         <name>demo1.obj</name>
      </input_file>
      <input_file id="fl-5">
         <path>.\demos\</path>
         <kind>object</kind>
         <file>demo2.obj</file>
         <name>demo2.obj</name>
      </input_file>
      <input_file id="fl-6">
         <path>.\demos\</path>
         <kind>object</kind>
         <file>demo3.obj</file>
         <name>demo3.obj</name>
      </input_file>
      <input_file id="fl-7">
         <path>.\demos\</path>
         <kind>object</kind>
         <file>demo4.obj</file>
         <name>demo4.obj</name>
      </input_file>
      <input_file id="fl-8">
         <path>.\demos\</path>
         <kind>object</kind>
         <file>demo5.obj</file>
         <name>demo5.obj</name>
      </input_file>
      <input_file id="fl-9">
         <path>.\demos\</path>
         <kind>object</kind>
         <file>demo6.obj</file>
         <name>demo6.obj</name>
      </input_file>
      <input_file id="fl-a">
         <path>.\demos\</path>
         <kind>object</kind>
         <file>demo7.obj</file>
         <name>demo7.obj</name>
      </input_file>
      <input_file id="fl-b">
         <path>.\demos\</path>
         <kind>object</kind>
         <file>demo8.obj</file>
         <name>demo8.obj</name>
      </input_file>
      <input_file id="fl-c">
         <path>.\demos\</path>
         <kind>object</kind>
         <file>demo9.obj</file>
         <name>demo9.obj</name>
      </input_file>
      <input_file id="fl-d">
         <path>.\source\</path>
         <kind>object</kind>
         <file>DSP281x_Adc.obj</file>
         <name>DSP281x_Adc.obj</name>
      </input_file>
      <input_file id="fl-e">
         <path>.\source\</path>
         <kind>object</kind>
         <file>DSP281x_CSMPasswords.obj</file>
         <name>DSP281x_CSMPasswords.obj</name>
      </input_file>
      <input_file id="fl-f">
         <path>.\source\</path>
         <kind>object</kind>
         <file>DSP281x_CodeStartBranch.obj</file>
         <name>DSP281x_CodeStartBranch.obj</name>
      </input_file>
      <input_file id="fl-10">
         <path>.\source\</path>
         <kind>object</kind>
         <file>DSP281x_CpuTimers.obj</file>
         <name>DSP281x_CpuTimers.obj</name>
      </input_file>
      <input_file id="fl-11">
         <path>.\source\</path>
         <kind>object</kind>
         <file>DSP281x_DBGIER.obj</file>
         <name>DSP281x_DBGIER.obj</name>
      </input_file>
      <input_file id="fl-12">
         <path>.\source\</path>
         <kind>object</kind>
         <file>DSP281x_DefaultIsr.obj</file>
         <name>DSP281x_DefaultIsr.obj</name>
      </input_file>
      <input_file id="fl-13">
         <path>.\source\</path>
         <kind>object</kind>
         <file>DSP281x_ECan.obj</file>
         <name>DSP281x_ECan.obj</name>
      </input_file>
      <input_file id="fl-14">
         <path>.\source\</path>
         <kind>object</kind>
         <file>DSP281x_Ev.obj</file>
         <name>DSP281x_Ev.obj</name>
      </input_file>
      <input_file id="fl-15">
         <path>.\source\</path>
         <kind>object</kind>
         <file>DSP281x_Gpio.obj</file>
         <name>DSP281x_Gpio.obj</name>
      </input_file>
      <input_file id="fl-16">
         <path>.\source\</path>
         <kind>object</kind>
         <file>DSP281x_InitPeripherals.obj</file>
         <name>DSP281x_InitPeripherals.obj</name>
      </input_file>
      <input_file id="fl-17">
         <path>.\source\</path>
         <kind>object</kind>
         <file>DSP281x_MemCopy.obj</file>
         <name>DSP281x_MemCopy.obj</name>
      </input_file>
      <input_file id="fl-18">
         <path>.\source\</path>
         <kind>object</kind>
         <file>DSP281x_PieCtrl.obj</file>
         <name>DSP281x_PieCtrl.obj</name>
      </input_file>
      <input_file id="fl-19">
         <path>.\source\</path>
         <kind>object</kind>
         <file>DSP281x_PieVect.obj</file>
         <name>DSP281x_PieVect.obj</name>
      </input_file>
      <input_file id="fl-1a">
         <path>.\source\</path>
         <kind>object</kind>
         <file>DSP281x_Sci.obj</file>
         <name>DSP281x_Sci.obj</name>
      </input_file>
      <input_file id="fl-1b">
         <path>.\source\</path>
         <kind>object</kind>
         <file>DSP281x_Spi.obj</file>
         <name>DSP281x_Spi.obj</name>
      </input_file>
      <input_file id="fl-1c">
         <path>.\source\</path>
         <kind>object</kind>
         <file>DSP281x_SysCtrl.obj</file>
         <name>DSP281x_SysCtrl.obj</name>
      </input_file>
      <input_file id="fl-1d">
         <path>.\source\</path>
         <kind>object</kind>
         <file>DSP281x_XIntrupt.obj</file>
         <name>DSP281x_XIntrupt.obj</name>
      </input_file>
      <input_file id="fl-1e">
         <path>.\source\</path>
         <kind>object</kind>
         <file>DSP281x_Xintf.obj</file>
         <name>DSP281x_Xintf.obj</name>
      </input_file>
      <input_file id="fl-1f">
         <path>.\source\</path>
         <kind>object</kind>
         <file>DSP281x_XintfBootReset.obj</file>
         <name>DSP281x_XintfBootReset.obj</name>
      </input_file>
      <input_file id="fl-20">
         <path>.\source\</path>
         <kind>object</kind>
         <file>DSP281x_usDelay.obj</file>
         <name>DSP281x_usDelay.obj</name>
      </input_file>
      <input_file id="fl-25">
         <kind>object</kind>
         <file>&lt;internal&gt;</file>
         <name>&lt;internal&gt;</name>
      </input_file>
      <input_file id="fl-31">
         <path>E:\ccs11.2\installDir\ccs\tools\compiler\ti-cgt-c2000_21.6.0.LTS\lib\</path>
         <kind>archive</kind>
         <file>rts2800_ml.lib</file>
         <name>printf.c.obj</name>
      </input_file>
      <input_file id="fl-32">
         <path>E:\ccs11.2\installDir\ccs\tools\compiler\ti-cgt-c2000_21.6.0.LTS\lib\</path>
         <kind>archive</kind>
         <file>rts2800_ml.lib</file>
         <name>_printfi.c.obj</name>
      </input_file>
      <input_file id="fl-33">
         <path>E:\ccs11.2\installDir\ccs\tools\compiler\ti-cgt-c2000_21.6.0.LTS\lib\</path>
         <kind>archive</kind>
         <file>rts2800_ml.lib</file>
         <name>fputc.c.obj</name>
      </input_file>
      <input_file id="fl-34">
         <path>E:\ccs11.2\installDir\ccs\tools\compiler\ti-cgt-c2000_21.6.0.LTS\lib\</path>
         <kind>archive</kind>
         <file>rts2800_ml.lib</file>
         <name>fputs.c.obj</name>
      </input_file>
      <input_file id="fl-35">
         <path>E:\ccs11.2\installDir\ccs\tools\compiler\ti-cgt-c2000_21.6.0.LTS\lib\</path>
         <kind>archive</kind>
         <file>rts2800_ml.lib</file>
         <name>_io_perm.c.obj</name>
      </input_file>
      <input_file id="fl-36">
         <path>E:\ccs11.2\installDir\ccs\tools\compiler\ti-cgt-c2000_21.6.0.LTS\lib\</path>
         <kind>archive</kind>
         <file>rts2800_ml.lib</file>
         <name>setvbuf.c.obj</name>
      </input_file>
      <input_file id="fl-37">
         <path>E:\ccs11.2\installDir\ccs\tools\compiler\ti-cgt-c2000_21.6.0.LTS\lib\</path>
         <kind>archive</kind>
         <file>rts2800_ml.lib</file>
         <name>s_frexp.c.obj</name>
      </input_file>
      <input_file id="fl-38">
         <path>E:\ccs11.2\installDir\ccs\tools\compiler\ti-cgt-c2000_21.6.0.LTS\lib\</path>
         <kind>archive</kind>
         <file>rts2800_ml.lib</file>
         <name>s_scalbn.c.obj</name>
      </input_file>
      <input_file id="fl-39">
         <path>E:\ccs11.2\installDir\ccs\tools\compiler\ti-cgt-c2000_21.6.0.LTS\lib\</path>
         <kind>archive</kind>
         <file>rts2800_ml.lib</file>
         <name>boot28.asm.obj</name>
      </input_file>
      <input_file id="fl-3a">
         <path>E:\ccs11.2\installDir\ccs\tools\compiler\ti-cgt-c2000_21.6.0.LTS\lib\</path>
         <kind>archive</kind>
         <file>rts2800_ml.lib</file>
         <name>fd_add28.asm.obj</name>
      </input_file>
      <input_file id="fl-3b">
         <path>E:\ccs11.2\installDir\ccs\tools\compiler\ti-cgt-c2000_21.6.0.LTS\lib\</path>
         <kind>archive</kind>
         <file>rts2800_ml.lib</file>
         <name>fd_cmp28.asm.obj</name>
      </input_file>
      <input_file id="fl-3c">
         <path>E:\ccs11.2\installDir\ccs\tools\compiler\ti-cgt-c2000_21.6.0.LTS\lib\</path>
         <kind>archive</kind>
         <file>rts2800_ml.lib</file>
         <name>fd_mpy28.asm.obj</name>
      </input_file>
      <input_file id="fl-3d">
         <path>E:\ccs11.2\installDir\ccs\tools\compiler\ti-cgt-c2000_21.6.0.LTS\lib\</path>
         <kind>archive</kind>
         <file>rts2800_ml.lib</file>
         <name>fd_neg28.asm.obj</name>
      </input_file>
      <input_file id="fl-3e">
         <path>E:\ccs11.2\installDir\ccs\tools\compiler\ti-cgt-c2000_21.6.0.LTS\lib\</path>
         <kind>archive</kind>
         <file>rts2800_ml.lib</file>
         <name>fd_sub28.asm.obj</name>
      </input_file>
      <input_file id="fl-3f">
         <path>E:\ccs11.2\installDir\ccs\tools\compiler\ti-cgt-c2000_21.6.0.LTS\lib\</path>
         <kind>archive</kind>
         <file>rts2800_ml.lib</file>
         <name>fd_toi28.asm.obj</name>
      </input_file>
      <input_file id="fl-40">
         <path>E:\ccs11.2\installDir\ccs\tools\compiler\ti-cgt-c2000_21.6.0.LTS\lib\</path>
         <kind>archive</kind>
         <file>rts2800_ml.lib</file>
         <name>fd_tol28.asm.obj</name>
      </input_file>
      <input_file id="fl-41">
         <path>E:\ccs11.2\installDir\ccs\tools\compiler\ti-cgt-c2000_21.6.0.LTS\lib\</path>
         <kind>archive</kind>
         <file>rts2800_ml.lib</file>
         <name>fs_cmp28.asm.obj</name>
      </input_file>
      <input_file id="fl-42">
         <path>E:\ccs11.2\installDir\ccs\tools\compiler\ti-cgt-c2000_21.6.0.LTS\lib\</path>
         <kind>archive</kind>
         <file>rts2800_ml.lib</file>
         <name>fs_mpy28.asm.obj</name>
      </input_file>
      <input_file id="fl-43">
         <path>E:\ccs11.2\installDir\ccs\tools\compiler\ti-cgt-c2000_21.6.0.LTS\lib\</path>
         <kind>archive</kind>
         <file>rts2800_ml.lib</file>
         <name>fs_tol28.asm.obj</name>
      </input_file>
      <input_file id="fl-44">
         <path>E:\ccs11.2\installDir\ccs\tools\compiler\ti-cgt-c2000_21.6.0.LTS\lib\</path>
         <kind>archive</kind>
         <file>rts2800_ml.lib</file>
         <name>ll_aox28.asm.obj</name>
      </input_file>
      <input_file id="fl-45">
         <path>E:\ccs11.2\installDir\ccs\tools\compiler\ti-cgt-c2000_21.6.0.LTS\lib\</path>
         <kind>archive</kind>
         <file>rts2800_ml.lib</file>
         <name>ll_cmp28.asm.obj</name>
      </input_file>
      <input_file id="fl-46">
         <path>E:\ccs11.2\installDir\ccs\tools\compiler\ti-cgt-c2000_21.6.0.LTS\lib\</path>
         <kind>archive</kind>
         <file>rts2800_ml.lib</file>
         <name>ll_div28.asm.obj</name>
      </input_file>
      <input_file id="fl-47">
         <path>E:\ccs11.2\installDir\ccs\tools\compiler\ti-cgt-c2000_21.6.0.LTS\lib\</path>
         <kind>archive</kind>
         <file>rts2800_ml.lib</file>
         <name>i_tofd28.asm.obj</name>
      </input_file>
      <input_file id="fl-48">
         <path>E:\ccs11.2\installDir\ccs\tools\compiler\ti-cgt-c2000_21.6.0.LTS\lib\</path>
         <kind>archive</kind>
         <file>rts2800_ml.lib</file>
         <name>i_div28.asm.obj</name>
      </input_file>
      <input_file id="fl-49">
         <path>E:\ccs11.2\installDir\ccs\tools\compiler\ti-cgt-c2000_21.6.0.LTS\lib\</path>
         <kind>archive</kind>
         <file>rts2800_ml.lib</file>
         <name>u_div28.asm.obj</name>
      </input_file>
      <input_file id="fl-4a">
         <path>E:\ccs11.2\installDir\ccs\tools\compiler\ti-cgt-c2000_21.6.0.LTS\lib\</path>
         <kind>archive</kind>
         <file>rts2800_ml.lib</file>
         <name>l_tofd28.asm.obj</name>
      </input_file>
      <input_file id="fl-4b">
         <path>E:\ccs11.2\installDir\ccs\tools\compiler\ti-cgt-c2000_21.6.0.LTS\lib\</path>
         <kind>archive</kind>
         <file>rts2800_ml.lib</file>
         <name>ul_tofs28.asm.obj</name>
      </input_file>
      <input_file id="fl-4c">
         <path>E:\ccs11.2\installDir\ccs\tools\compiler\ti-cgt-c2000_21.6.0.LTS\lib\</path>
         <kind>archive</kind>
         <file>rts2800_ml.lib</file>
         <name>fs_tofd28.asm.obj</name>
      </input_file>
      <input_file id="fl-4d">
         <path>E:\ccs11.2\installDir\ccs\tools\compiler\ti-cgt-c2000_21.6.0.LTS\lib\</path>
         <kind>archive</kind>
         <file>rts2800_ml.lib</file>
         <name>fd_div28.asm.obj</name>
      </input_file>
      <input_file id="fl-4e">
         <path>E:\ccs11.2\installDir\ccs\tools\compiler\ti-cgt-c2000_21.6.0.LTS\lib\</path>
         <kind>archive</kind>
         <file>rts2800_ml.lib</file>
         <name>cpy_tbl.c.obj</name>
      </input_file>
      <input_file id="fl-4f">
         <path>E:\ccs11.2\installDir\ccs\tools\compiler\ti-cgt-c2000_21.6.0.LTS\lib\</path>
         <kind>archive</kind>
         <file>rts2800_ml.lib</file>
         <name>memcpy.c.obj</name>
      </input_file>
      <input_file id="fl-50">
         <path>E:\ccs11.2\installDir\ccs\tools\compiler\ti-cgt-c2000_21.6.0.LTS\lib\</path>
         <kind>archive</kind>
         <file>rts2800_ml.lib</file>
         <name>pre_init.c.obj</name>
      </input_file>
      <input_file id="fl-51">
         <path>E:\ccs11.2\installDir\ccs\tools\compiler\ti-cgt-c2000_21.6.0.LTS\lib\</path>
         <kind>archive</kind>
         <file>rts2800_ml.lib</file>
         <name>startup.c.obj</name>
      </input_file>
      <input_file id="fl-52">
         <path>E:\ccs11.2\installDir\ccs\tools\compiler\ti-cgt-c2000_21.6.0.LTS\lib\</path>
         <kind>archive</kind>
         <file>rts2800_ml.lib</file>
         <name>exit.c.obj</name>
      </input_file>
      <input_file id="fl-53">
         <path>E:\ccs11.2\installDir\ccs\tools\compiler\ti-cgt-c2000_21.6.0.LTS\lib\</path>
         <kind>archive</kind>
         <file>rts2800_ml.lib</file>
         <name>_lock.c.obj</name>
      </input_file>
      <input_file id="fl-54">
         <path>E:\ccs11.2\installDir\ccs\tools\compiler\ti-cgt-c2000_21.6.0.LTS\lib\</path>
         <kind>archive</kind>
         <file>rts2800_ml.lib</file>
         <name>_ltoa.c.obj</name>
      </input_file>
      <input_file id="fl-55">
         <path>E:\ccs11.2\installDir\ccs\tools\compiler\ti-cgt-c2000_21.6.0.LTS\lib\</path>
         <kind>archive</kind>
         <file>rts2800_ml.lib</file>
         <name>args_main.c.obj</name>
      </input_file>
      <input_file id="fl-56">
         <path>E:\ccs11.2\installDir\ccs\tools\compiler\ti-cgt-c2000_21.6.0.LTS\lib\</path>
         <kind>archive</kind>
         <file>rts2800_ml.lib</file>
         <name>atoi.c.obj</name>
      </input_file>
      <input_file id="fl-57">
         <path>E:\ccs11.2\installDir\ccs\tools\compiler\ti-cgt-c2000_21.6.0.LTS\lib\</path>
         <kind>archive</kind>
         <file>rts2800_ml.lib</file>
         <name>ctype.c.obj</name>
      </input_file>
      <input_file id="fl-58">
         <path>E:\ccs11.2\installDir\ccs\tools\compiler\ti-cgt-c2000_21.6.0.LTS\lib\</path>
         <kind>archive</kind>
         <file>rts2800_ml.lib</file>
         <name>defs.c.obj</name>
      </input_file>
      <input_file id="fl-59">
         <path>E:\ccs11.2\installDir\ccs\tools\compiler\ti-cgt-c2000_21.6.0.LTS\lib\</path>
         <kind>archive</kind>
         <file>rts2800_ml.lib</file>
         <name>memccpy.c.obj</name>
      </input_file>
      <input_file id="fl-5a">
         <path>E:\ccs11.2\installDir\ccs\tools\compiler\ti-cgt-c2000_21.6.0.LTS\lib\</path>
         <kind>archive</kind>
         <file>rts2800_ml.lib</file>
         <name>memchr.c.obj</name>
      </input_file>
      <input_file id="fl-5b">
         <path>E:\ccs11.2\installDir\ccs\tools\compiler\ti-cgt-c2000_21.6.0.LTS\lib\</path>
         <kind>archive</kind>
         <file>rts2800_ml.lib</file>
         <name>memory.c.obj</name>
      </input_file>
      <input_file id="fl-5c">
         <path>E:\ccs11.2\installDir\ccs\tools\compiler\ti-cgt-c2000_21.6.0.LTS\lib\</path>
         <kind>archive</kind>
         <file>rts2800_ml.lib</file>
         <name>memset.c.obj</name>
      </input_file>
      <input_file id="fl-5d">
         <path>E:\ccs11.2\installDir\ccs\tools\compiler\ti-cgt-c2000_21.6.0.LTS\lib\</path>
         <kind>archive</kind>
         <file>rts2800_ml.lib</file>
         <name>strchr.c.obj</name>
      </input_file>
      <input_file id="fl-5e">
         <path>E:\ccs11.2\installDir\ccs\tools\compiler\ti-cgt-c2000_21.6.0.LTS\lib\</path>
         <kind>archive</kind>
         <file>rts2800_ml.lib</file>
         <name>strcpy.c.obj</name>
      </input_file>
      <input_file id="fl-5f">
         <path>E:\ccs11.2\installDir\ccs\tools\compiler\ti-cgt-c2000_21.6.0.LTS\lib\</path>
         <kind>archive</kind>
         <file>rts2800_ml.lib</file>
         <name>strlen.c.obj</name>
      </input_file>
      <input_file id="fl-60">
         <path>E:\ccs11.2\installDir\ccs\tools\compiler\ti-cgt-c2000_21.6.0.LTS\lib\</path>
         <kind>archive</kind>
         <file>rts2800_ml.lib</file>
         <name>write.c.obj</name>
      </input_file>
      <input_file id="fl-61">
         <path>E:\ccs11.2\installDir\ccs\tools\compiler\ti-cgt-c2000_21.6.0.LTS\lib\</path>
         <kind>archive</kind>
         <file>rts2800_ml.lib</file>
         <name>host_device.c.obj</name>
      </input_file>
      <input_file id="fl-62">
         <path>E:\ccs11.2\installDir\ccs\tools\compiler\ti-cgt-c2000_21.6.0.LTS\lib\</path>
         <kind>archive</kind>
         <file>rts2800_ml.lib</file>
         <name>errno.c.obj</name>
      </input_file>
      <input_file id="fl-63">
         <path>E:\ccs11.2\installDir\ccs\tools\compiler\ti-cgt-c2000_21.6.0.LTS\lib\</path>
         <kind>archive</kind>
         <file>rts2800_ml.lib</file>
         <name>wcslen.c.obj</name>
      </input_file>
      <input_file id="fl-64">
         <path>E:\ccs11.2\installDir\ccs\tools\compiler\ti-cgt-c2000_21.6.0.LTS\lib\</path>
         <kind>archive</kind>
         <file>rts2800_ml.lib</file>
         <name>fflush.c.obj</name>
      </input_file>
      <input_file id="fl-65">
         <path>E:\ccs11.2\installDir\ccs\tools\compiler\ti-cgt-c2000_21.6.0.LTS\lib\</path>
         <kind>archive</kind>
         <file>rts2800_ml.lib</file>
         <name>fopen.c.obj</name>
      </input_file>
      <input_file id="fl-66">
         <path>E:\ccs11.2\installDir\ccs\tools\compiler\ti-cgt-c2000_21.6.0.LTS\lib\</path>
         <kind>archive</kind>
         <file>rts2800_ml.lib</file>
         <name>fseek.c.obj</name>
      </input_file>
      <input_file id="fl-67">
         <path>E:\ccs11.2\installDir\ccs\tools\compiler\ti-cgt-c2000_21.6.0.LTS\lib\</path>
         <kind>archive</kind>
         <file>rts2800_ml.lib</file>
         <name>s_copysign.c.obj</name>
      </input_file>
      <input_file id="fl-68">
         <path>E:\ccs11.2\installDir\ccs\tools\compiler\ti-cgt-c2000_21.6.0.LTS\lib\</path>
         <kind>archive</kind>
         <file>rts2800_ml.lib</file>
         <name>l_div28.asm.obj</name>
      </input_file>
      <input_file id="fl-69">
         <path>E:\ccs11.2\installDir\ccs\tools\compiler\ti-cgt-c2000_21.6.0.LTS\lib\</path>
         <kind>archive</kind>
         <file>rts2800_ml.lib</file>
         <name>hostclose.c.obj</name>
      </input_file>
      <input_file id="fl-6a">
         <path>E:\ccs11.2\installDir\ccs\tools\compiler\ti-cgt-c2000_21.6.0.LTS\lib\</path>
         <kind>archive</kind>
         <file>rts2800_ml.lib</file>
         <name>hostlseek.c.obj</name>
      </input_file>
      <input_file id="fl-6b">
         <path>E:\ccs11.2\installDir\ccs\tools\compiler\ti-cgt-c2000_21.6.0.LTS\lib\</path>
         <kind>archive</kind>
         <file>rts2800_ml.lib</file>
         <name>hostopen.c.obj</name>
      </input_file>
      <input_file id="fl-6c">
         <path>E:\ccs11.2\installDir\ccs\tools\compiler\ti-cgt-c2000_21.6.0.LTS\lib\</path>
         <kind>archive</kind>
         <file>rts2800_ml.lib</file>
         <name>hostread.c.obj</name>
      </input_file>
      <input_file id="fl-6d">
         <path>E:\ccs11.2\installDir\ccs\tools\compiler\ti-cgt-c2000_21.6.0.LTS\lib\</path>
         <kind>archive</kind>
         <file>rts2800_ml.lib</file>
         <name>hostrename.c.obj</name>
      </input_file>
      <input_file id="fl-6e">
         <path>E:\ccs11.2\installDir\ccs\tools\compiler\ti-cgt-c2000_21.6.0.LTS\lib\</path>
         <kind>archive</kind>
         <file>rts2800_ml.lib</file>
         <name>hostunlink.c.obj</name>
      </input_file>
      <input_file id="fl-6f">
         <path>E:\ccs11.2\installDir\ccs\tools\compiler\ti-cgt-c2000_21.6.0.LTS\lib\</path>
         <kind>archive</kind>
         <file>rts2800_ml.lib</file>
         <name>hostwrite.c.obj</name>
      </input_file>
      <input_file id="fl-70">
         <path>E:\ccs11.2\installDir\ccs\tools\compiler\ti-cgt-c2000_21.6.0.LTS\lib\</path>
         <kind>archive</kind>
         <file>rts2800_ml.lib</file>
         <name>trgmsg.c.obj</name>
      </input_file>
      <input_file id="fl-71">
         <path>E:\ccs11.2\installDir\ccs\tools\compiler\ti-cgt-c2000_21.6.0.LTS\lib\</path>
         <kind>archive</kind>
         <file>rts2800_ml.lib</file>
         <name>open.c.obj</name>
      </input_file>
      <input_file id="fl-72">
         <path>E:\ccs11.2\installDir\ccs\tools\compiler\ti-cgt-c2000_21.6.0.LTS\lib\</path>
         <kind>archive</kind>
         <file>rts2800_ml.lib</file>
         <name>lseek.c.obj</name>
      </input_file>
      <input_file id="fl-73">
         <path>E:\ccs11.2\installDir\ccs\tools\compiler\ti-cgt-c2000_21.6.0.LTS\lib\</path>
         <kind>archive</kind>
         <file>rts2800_ml.lib</file>
         <name>fclose.c.obj</name>
      </input_file>
      <input_file id="fl-74">
         <path>E:\ccs11.2\installDir\ccs\tools\compiler\ti-cgt-c2000_21.6.0.LTS\lib\</path>
         <kind>archive</kind>
         <file>rts2800_ml.lib</file>
         <name>getdevice.c.obj</name>
      </input_file>
      <input_file id="fl-75">
         <path>E:\ccs11.2\installDir\ccs\tools\compiler\ti-cgt-c2000_21.6.0.LTS\lib\</path>
         <kind>archive</kind>
         <file>rts2800_ml.lib</file>
         <name>strcmp.c.obj</name>
      </input_file>
      <input_file id="fl-76">
         <path>E:\ccs11.2\installDir\ccs\tools\compiler\ti-cgt-c2000_21.6.0.LTS\lib\</path>
         <kind>archive</kind>
         <file>rts2800_ml.lib</file>
         <name>strncpy.c.obj</name>
      </input_file>
      <input_file id="fl-77">
         <path>E:\ccs11.2\installDir\ccs\tools\compiler\ti-cgt-c2000_21.6.0.LTS\lib\</path>
         <kind>archive</kind>
         <file>rts2800_ml.lib</file>
         <name>remove.c.obj</name>
      </input_file>
      <input_file id="fl-78">
         <path>E:\ccs11.2\installDir\ccs\tools\compiler\ti-cgt-c2000_21.6.0.LTS\lib\</path>
         <kind>archive</kind>
         <file>rts2800_ml.lib</file>
         <name>close.c.obj</name>
      </input_file>
      <input_file id="fl-79">
         <path>E:\ccs11.2\installDir\ccs\tools\compiler\ti-cgt-c2000_21.6.0.LTS\lib\</path>
         <kind>archive</kind>
         <file>rts2800_ml.lib</file>
         <name>unlink.c.obj</name>
      </input_file>
   </input_file_list>
   <object_component_list>
      <object_component id="oc-43">
         <name>PieVectTableFile</name>
         <uninitialized>true</uninitialized>
         <run_address>0xd00</run_address>
         <size>0x100</size>
         <input_file_ref idref="fl-2"/>
      </object_component>
      <object_component id="oc-41">
         <name>DevEmuRegsFile</name>
         <uninitialized>true</uninitialized>
         <run_address>0x880</run_address>
         <size>0xd0</size>
         <input_file_ref idref="fl-2"/>
      </object_component>
      <object_component id="oc-2e">
         <name>FlashRegsFile</name>
         <uninitialized>true</uninitialized>
         <run_address>0xa80</run_address>
         <size>0x8</size>
         <input_file_ref idref="fl-2"/>
      </object_component>
      <object_component id="oc-32">
         <name>CsmRegsFile</name>
         <uninitialized>true</uninitialized>
         <run_address>0xae0</run_address>
         <size>0x10</size>
         <input_file_ref idref="fl-2"/>
      </object_component>
      <object_component id="oc-39">
         <name>XintfRegsFile</name>
         <uninitialized>true</uninitialized>
         <run_address>0xb20</run_address>
         <size>0x20</size>
         <input_file_ref idref="fl-2"/>
      </object_component>
      <object_component id="oc-2a">
         <name>CpuTimer0RegsFile</name>
         <uninitialized>true</uninitialized>
         <run_address>0xc00</run_address>
         <size>0x8</size>
         <input_file_ref idref="fl-2"/>
      </object_component>
      <object_component id="oc-2b">
         <name>CpuTimer1RegsFile</name>
         <uninitialized>true</uninitialized>
         <run_address>0xc08</run_address>
         <size>0x8</size>
         <input_file_ref idref="fl-2"/>
      </object_component>
      <object_component id="oc-2c">
         <name>CpuTimer2RegsFile</name>
         <uninitialized>true</uninitialized>
         <run_address>0xc10</run_address>
         <size>0x8</size>
         <input_file_ref idref="fl-2"/>
      </object_component>
      <object_component id="oc-35">
         <name>PieCtrlRegsFile</name>
         <uninitialized>true</uninitialized>
         <run_address>0xce0</run_address>
         <size>0x1a</size>
         <input_file_ref idref="fl-2"/>
      </object_component>
      <object_component id="oc-3d">
         <name>ECanaRegsFile</name>
         <uninitialized>true</uninitialized>
         <run_address>0x6000</run_address>
         <size>0x34</size>
         <input_file_ref idref="fl-2"/>
      </object_component>
      <object_component id="oc-3e">
         <name>ECanaLAMRegsFile</name>
         <uninitialized>true</uninitialized>
         <run_address>0x6040</run_address>
         <size>0x40</size>
         <input_file_ref idref="fl-2"/>
      </object_component>
      <object_component id="oc-42">
         <name>ECanaMboxesFile</name>
         <uninitialized>true</uninitialized>
         <run_address>0x6100</run_address>
         <size>0x100</size>
         <input_file_ref idref="fl-2"/>
      </object_component>
      <object_component id="oc-3f">
         <name>ECanaMOTSRegsFile</name>
         <uninitialized>true</uninitialized>
         <run_address>0x6080</run_address>
         <size>0x40</size>
         <input_file_ref idref="fl-2"/>
      </object_component>
      <object_component id="oc-40">
         <name>ECanaMOTORegsFile</name>
         <uninitialized>true</uninitialized>
         <run_address>0x60c0</run_address>
         <size>0x40</size>
         <input_file_ref idref="fl-2"/>
      </object_component>
      <object_component id="oc-38">
         <name>SysCtrlRegsFile</name>
         <uninitialized>true</uninitialized>
         <run_address>0x7010</run_address>
         <size>0x20</size>
         <input_file_ref idref="fl-2"/>
      </object_component>
      <object_component id="oc-31">
         <name>SpiaRegsFile</name>
         <uninitialized>true</uninitialized>
         <run_address>0x7040</run_address>
         <size>0x10</size>
         <input_file_ref idref="fl-2"/>
      </object_component>
      <object_component id="oc-2f">
         <name>SciaRegsFile</name>
         <uninitialized>true</uninitialized>
         <run_address>0x7050</run_address>
         <size>0x10</size>
         <input_file_ref idref="fl-2"/>
      </object_component>
      <object_component id="oc-33">
         <name>XIntruptRegsFile</name>
         <uninitialized>true</uninitialized>
         <run_address>0x7070</run_address>
         <size>0x10</size>
         <input_file_ref idref="fl-2"/>
      </object_component>
      <object_component id="oc-37">
         <name>GpioMuxRegsFile</name>
         <uninitialized>true</uninitialized>
         <run_address>0x70c0</run_address>
         <size>0x20</size>
         <input_file_ref idref="fl-2"/>
      </object_component>
      <object_component id="oc-36">
         <name>GpioDataRegsFile</name>
         <uninitialized>true</uninitialized>
         <run_address>0x70e0</run_address>
         <size>0x20</size>
         <input_file_ref idref="fl-2"/>
      </object_component>
      <object_component id="oc-34">
         <name>AdcRegsFile</name>
         <uninitialized>true</uninitialized>
         <run_address>0x7100</run_address>
         <size>0x1a</size>
         <input_file_ref idref="fl-2"/>
      </object_component>
      <object_component id="oc-3b">
         <name>EvaRegsFile</name>
         <uninitialized>true</uninitialized>
         <run_address>0x7400</run_address>
         <size>0x32</size>
         <input_file_ref idref="fl-2"/>
      </object_component>
      <object_component id="oc-3c">
         <name>EvbRegsFile</name>
         <uninitialized>true</uninitialized>
         <run_address>0x7500</run_address>
         <size>0x32</size>
         <input_file_ref idref="fl-2"/>
      </object_component>
      <object_component id="oc-30">
         <name>ScibRegsFile</name>
         <uninitialized>true</uninitialized>
         <run_address>0x7750</run_address>
         <size>0x10</size>
         <input_file_ref idref="fl-2"/>
      </object_component>
      <object_component id="oc-3a">
         <name>McbspaRegsFile</name>
         <uninitialized>true</uninitialized>
         <run_address>0x7800</run_address>
         <size>0x25</size>
         <input_file_ref idref="fl-2"/>
      </object_component>
      <object_component id="oc-2d">
         <name>CsmPwlFile</name>
         <uninitialized>true</uninitialized>
         <run_address>0x3f7ff8</run_address>
         <size>0x8</size>
         <input_file_ref idref="fl-2"/>
      </object_component>
      <object_component id="oc-99">
         <name>codestart</name>
         <load_address>0x3f8000</load_address>
         <run_address>0x3f8000</run_address>
         <size>0x2</size>
         <input_file_ref idref="fl-f"/>
      </object_component>
      <object_component id="oc-f1">
         <name>ramfuncs</name>
         <load_address>0x3f80be</load_address>
         <run_address>0x3f80be</run_address>
         <size>0x4</size>
         <input_file_ref idref="fl-20"/>
      </object_component>
      <object_component id="oc-28e">
         <name>.text</name>
         <load_address>0x100000</load_address>
         <run_address>0x100000</run_address>
         <size>0x69c</size>
         <input_file_ref idref="fl-32"/>
      </object_component>
      <object_component id="oc-27c">
         <name>.text:__TI_printfi</name>
         <load_address>0x10069c</load_address>
         <run_address>0x10069c</run_address>
         <size>0x5fc</size>
         <input_file_ref idref="fl-32"/>
      </object_component>
      <object_component id="oc-29c">
         <name>.text</name>
         <load_address>0x100c98</load_address>
         <run_address>0x100c98</run_address>
         <size>0x289</size>
         <input_file_ref idref="fl-5b"/>
      </object_component>
      <object_component id="oc-271">
         <name>.text</name>
         <load_address>0x100f21</load_address>
         <run_address>0x100f21</run_address>
         <size>0x17c</size>
         <input_file_ref idref="fl-c"/>
      </object_component>
      <object_component id="oc-aa">
         <name>.text:retain</name>
         <load_address>0x10109d</load_address>
         <run_address>0x10109d</run_address>
         <size>0x14f</size>
         <input_file_ref idref="fl-12"/>
      </object_component>
      <object_component id="oc-29d">
         <name>.text</name>
         <load_address>0x1011ec</load_address>
         <run_address>0x1011ec</run_address>
         <size>0x11e</size>
         <input_file_ref idref="fl-65"/>
      </object_component>
      <object_component id="oc-165">
         <name>.text</name>
         <load_address>0x10130a</load_address>
         <run_address>0x10130a</run_address>
         <size>0x107</size>
         <input_file_ref idref="fl-46"/>
      </object_component>
      <object_component id="oc-299">
         <name>.text</name>
         <load_address>0x101411</load_address>
         <run_address>0x101411</run_address>
         <size>0xac</size>
         <input_file_ref idref="fl-38"/>
      </object_component>
      <object_component id="oc-277">
         <name>.text</name>
         <load_address>0x1014bd</load_address>
         <run_address>0x1014bd</run_address>
         <size>0xa3</size>
         <input_file_ref idref="fl-34"/>
      </object_component>
      <object_component id="oc-129">
         <name>.text</name>
         <load_address>0x101560</load_address>
         <run_address>0x101560</run_address>
         <size>0x9c</size>
         <input_file_ref idref="fl-3a"/>
      </object_component>
      <object_component id="oc-2af">
         <name>.text</name>
         <load_address>0x1015fc</load_address>
         <run_address>0x1015fc</run_address>
         <size>0x94</size>
         <input_file_ref idref="fl-70"/>
      </object_component>
      <object_component id="oc-188">
         <name>.text</name>
         <load_address>0x101690</load_address>
         <run_address>0x101690</run_address>
         <size>0x8b</size>
         <input_file_ref idref="fl-4d"/>
      </object_component>
      <object_component id="oc-27f">
         <name>.text</name>
         <load_address>0x10171b</load_address>
         <run_address>0x10171b</run_address>
         <size>0x86</size>
         <input_file_ref idref="fl-1c"/>
      </object_component>
      <object_component id="oc-133">
         <name>.text</name>
         <load_address>0x1017a1</load_address>
         <run_address>0x1017a1</run_address>
         <size>0x83</size>
         <input_file_ref idref="fl-3c"/>
      </object_component>
      <object_component id="oc-293">
         <name>.text</name>
         <load_address>0x101824</load_address>
         <run_address>0x101824</run_address>
         <size>0x79</size>
         <input_file_ref idref="fl-36"/>
      </object_component>
      <object_component id="oc-2a1">
         <name>.text</name>
         <load_address>0x10189d</load_address>
         <run_address>0x10189d</run_address>
         <size>0x6f</size>
         <input_file_ref idref="fl-71"/>
      </object_component>
      <object_component id="oc-287">
         <name>.text</name>
         <load_address>0x10190c</load_address>
         <run_address>0x10190c</run_address>
         <size>0x6b</size>
         <input_file_ref idref="fl-64"/>
      </object_component>
      <object_component id="oc-286">
         <name>.text</name>
         <load_address>0x101977</load_address>
         <run_address>0x101977</run_address>
         <size>0x67</size>
         <input_file_ref idref="fl-35"/>
      </object_component>
      <object_component id="oc-2a7">
         <name>.text</name>
         <load_address>0x1019de</load_address>
         <run_address>0x1019de</run_address>
         <size>0x5d</size>
         <input_file_ref idref="fl-6a"/>
      </object_component>
      <object_component id="oc-298">
         <name>.text</name>
         <load_address>0x101a3b</load_address>
         <run_address>0x101a3b</run_address>
         <size>0x5c</size>
         <input_file_ref idref="fl-37"/>
      </object_component>
      <object_component id="oc-2a2">
         <name>.text</name>
         <load_address>0x101a97</load_address>
         <run_address>0x101a97</run_address>
         <size>0x5b</size>
         <input_file_ref idref="fl-73"/>
      </object_component>
      <object_component id="oc-151">
         <name>.text</name>
         <load_address>0x101af2</load_address>
         <run_address>0x101af2</run_address>
         <size>0x5a</size>
         <input_file_ref idref="fl-42"/>
      </object_component>
      <object_component id="oc-28">
         <name>.text</name>
         <load_address>0x101b4c</load_address>
         <run_address>0x101b4c</run_address>
         <size>0x54</size>
         <input_file_ref idref="fl-39"/>
      </object_component>
      <object_component id="oc-2aa">
         <name>.text</name>
         <load_address>0x101ba0</load_address>
         <run_address>0x101ba0</run_address>
         <size>0x50</size>
         <input_file_ref idref="fl-74"/>
      </object_component>
      <object_component id="oc-276">
         <name>.text</name>
         <load_address>0x101bf0</load_address>
         <run_address>0x101bf0</run_address>
         <size>0x4f</size>
         <input_file_ref idref="fl-33"/>
      </object_component>
      <object_component id="oc-2a9">
         <name>.text</name>
         <load_address>0x101c3f</load_address>
         <run_address>0x101c3f</run_address>
         <size>0x3f</size>
         <input_file_ref idref="fl-6d"/>
      </object_component>
      <object_component id="oc-292">
         <name>.text</name>
         <load_address>0x101c7e</load_address>
         <run_address>0x101c7e</run_address>
         <size>0x3d</size>
         <input_file_ref idref="fl-66"/>
      </object_component>
      <object_component id="oc-2a3">
         <name>.text</name>
         <load_address>0x101cbb</load_address>
         <run_address>0x101cbb</run_address>
         <size>0x39</size>
         <input_file_ref idref="fl-6b"/>
      </object_component>
      <object_component id="oc-2a5">
         <name>.text</name>
         <load_address>0x101cf4</load_address>
         <run_address>0x101cf4</run_address>
         <size>0x38</size>
         <input_file_ref idref="fl-6c"/>
      </object_component>
      <object_component id="oc-2a6">
         <name>.text</name>
         <load_address>0x101d2c</load_address>
         <run_address>0x101d2c</run_address>
         <size>0x38</size>
         <input_file_ref idref="fl-6f"/>
      </object_component>
      <object_component id="oc-62">
         <name>.text:retain</name>
         <load_address>0x101d64</load_address>
         <run_address>0x101d64</run_address>
         <size>0x35</size>
         <input_file_ref idref="fl-7"/>
      </object_component>
      <object_component id="oc-8b">
         <name>.text:retain</name>
         <load_address>0x101d99</load_address>
         <run_address>0x101d99</run_address>
         <size>0x34</size>
         <input_file_ref idref="fl-c"/>
      </object_component>
      <object_component id="oc-270">
         <name>.text</name>
         <load_address>0x101dcd</load_address>
         <run_address>0x101dcd</run_address>
         <size>0x34</size>
         <input_file_ref idref="fl-31"/>
      </object_component>
      <object_component id="oc-2ab">
         <name>.text</name>
         <load_address>0x101e01</load_address>
         <run_address>0x101e01</run_address>
         <size>0x33</size>
         <input_file_ref idref="fl-78"/>
      </object_component>
      <object_component id="oc-28b">
         <name>.text</name>
         <load_address>0x101e34</load_address>
         <run_address>0x101e34</run_address>
         <size>0x31</size>
         <input_file_ref idref="fl-56"/>
      </object_component>
      <object_component id="oc-297">
         <name>.text</name>
         <load_address>0x101e65</load_address>
         <run_address>0x101e65</run_address>
         <size>0x2e</size>
         <input_file_ref idref="fl-54"/>
      </object_component>
      <object_component id="oc-12e">
         <name>.text</name>
         <load_address>0x101e93</load_address>
         <run_address>0x101e93</run_address>
         <size>0x2a</size>
         <input_file_ref idref="fl-3b"/>
      </object_component>
      <object_component id="oc-20e">
         <name>.text</name>
         <load_address>0x101ebd</load_address>
         <run_address>0x101ebd</run_address>
         <size>0x2a</size>
         <input_file_ref idref="fl-68"/>
      </object_component>
      <object_component id="oc-26f">
         <name>.text</name>
         <load_address>0x101ee7</load_address>
         <run_address>0x101ee7</run_address>
         <size>0x29</size>
         <input_file_ref idref="fl-52"/>
      </object_component>
      <object_component id="oc-156">
         <name>.text</name>
         <load_address>0x101f10</load_address>
         <run_address>0x101f10</run_address>
         <size>0x29</size>
         <input_file_ref idref="fl-43"/>
      </object_component>
      <object_component id="oc-280">
         <name>.text</name>
         <load_address>0x101f39</load_address>
         <run_address>0x101f39</run_address>
         <size>0x28</size>
         <input_file_ref idref="fl-18"/>
      </object_component>
      <object_component id="oc-2a4">
         <name>.text</name>
         <load_address>0x101f61</load_address>
         <run_address>0x101f61</run_address>
         <size>0x27</size>
         <input_file_ref idref="fl-69"/>
      </object_component>
      <object_component id="oc-7a">
         <name>.text:retain</name>
         <load_address>0x101f88</load_address>
         <run_address>0x101f88</run_address>
         <size>0x25</size>
         <input_file_ref idref="fl-a"/>
      </object_component>
      <object_component id="oc-2a8">
         <name>.text</name>
         <load_address>0x101fad</load_address>
         <run_address>0x101fad</run_address>
         <size>0x25</size>
         <input_file_ref idref="fl-6e"/>
      </object_component>
      <object_component id="oc-26c">
         <name>.text</name>
         <load_address>0x101fd2</load_address>
         <run_address>0x101fd2</run_address>
         <size>0x24</size>
         <input_file_ref idref="fl-4e"/>
      </object_component>
      <object_component id="oc-2a0">
         <name>.text</name>
         <load_address>0x101ff6</load_address>
         <run_address>0x101ff6</run_address>
         <size>0x23</size>
         <input_file_ref idref="fl-67"/>
      </object_component>
      <object_component id="oc-16f">
         <name>.text</name>
         <load_address>0x102019</load_address>
         <run_address>0x102019</run_address>
         <size>0x22</size>
         <input_file_ref idref="fl-48"/>
      </object_component>
      <object_component id="oc-142">
         <name>.text</name>
         <load_address>0x10203b</load_address>
         <run_address>0x10203b</run_address>
         <size>0x21</size>
         <input_file_ref idref="fl-3f"/>
      </object_component>
      <object_component id="oc-281">
         <name>.text</name>
         <load_address>0x10205c</load_address>
         <run_address>0x10205c</run_address>
         <size>0x20</size>
         <input_file_ref idref="fl-19"/>
      </object_component>
      <object_component id="oc-147">
         <name>.text</name>
         <load_address>0x10207c</load_address>
         <run_address>0x10207c</run_address>
         <size>0x1f</size>
         <input_file_ref idref="fl-40"/>
      </object_component>
      <object_component id="oc-160">
         <name>.text</name>
         <load_address>0x10209b</load_address>
         <run_address>0x10209b</run_address>
         <size>0x1e</size>
         <input_file_ref idref="fl-45"/>
      </object_component>
      <object_component id="oc-16a">
         <name>.text</name>
         <load_address>0x1020b9</load_address>
         <run_address>0x1020b9</run_address>
         <size>0x1d</size>
         <input_file_ref idref="fl-47"/>
      </object_component>
      <object_component id="oc-272">
         <name>.text</name>
         <load_address>0x1020d6</load_address>
         <run_address>0x1020d6</run_address>
         <size>0x1d</size>
         <input_file_ref idref="fl-4f"/>
      </object_component>
      <object_component id="oc-183">
         <name>.text</name>
         <load_address>0x1020f3</load_address>
         <run_address>0x1020f3</run_address>
         <size>0x1c</size>
         <input_file_ref idref="fl-4c"/>
      </object_component>
      <object_component id="oc-179">
         <name>.text</name>
         <load_address>0x10210f</load_address>
         <run_address>0x10210f</run_address>
         <size>0x1c</size>
         <input_file_ref idref="fl-4a"/>
      </object_component>
      <object_component id="oc-2b2">
         <name>.text</name>
         <load_address>0x10212b</load_address>
         <run_address>0x10212b</run_address>
         <size>0x19</size>
         <input_file_ref idref="fl-79"/>
      </object_component>
      <object_component id="oc-15b">
         <name>.text</name>
         <load_address>0x102144</load_address>
         <run_address>0x102144</run_address>
         <size>0x18</size>
         <input_file_ref idref="fl-44"/>
      </object_component>
      <object_component id="oc-29b">
         <name>.text</name>
         <load_address>0x10215c</load_address>
         <run_address>0x10215c</run_address>
         <size>0x18</size>
         <input_file_ref idref="fl-72"/>
      </object_component>
      <object_component id="oc-288">
         <name>.text</name>
         <load_address>0x102174</load_address>
         <run_address>0x102174</run_address>
         <size>0x18</size>
         <input_file_ref idref="fl-60"/>
      </object_component>
      <object_component id="oc-14c">
         <name>.text</name>
         <load_address>0x10218c</load_address>
         <run_address>0x10218c</run_address>
         <size>0x17</size>
         <input_file_ref idref="fl-41"/>
      </object_component>
      <object_component id="oc-2b1">
         <name>.text</name>
         <load_address>0x1021a3</load_address>
         <run_address>0x1021a3</run_address>
         <size>0x15</size>
         <input_file_ref idref="fl-76"/>
      </object_component>
      <object_component id="oc-282">
         <name>.text</name>
         <load_address>0x1021b8</load_address>
         <run_address>0x1021b8</run_address>
         <size>0x13</size>
         <input_file_ref idref="fl-d"/>
      </object_component>
      <object_component id="oc-17e">
         <name>.text</name>
         <load_address>0x1021cb</load_address>
         <run_address>0x1021cb</run_address>
         <size>0x13</size>
         <input_file_ref idref="fl-4b"/>
      </object_component>
      <object_component id="oc-26e">
         <name>.text</name>
         <load_address>0x1021de</load_address>
         <run_address>0x1021de</run_address>
         <size>0x11</size>
         <input_file_ref idref="fl-55"/>
      </object_component>
      <object_component id="oc-28f">
         <name>.text</name>
         <load_address>0x1021ef</load_address>
         <run_address>0x1021ef</run_address>
         <size>0x10</size>
         <input_file_ref idref="fl-59"/>
      </object_component>
      <object_component id="oc-72">
         <name>.text:retain</name>
         <load_address>0x1021ff</load_address>
         <run_address>0x1021ff</run_address>
         <size>0xe</size>
         <input_file_ref idref="fl-9"/>
      </object_component>
      <object_component id="oc-13d">
         <name>.text</name>
         <load_address>0x10220d</load_address>
         <run_address>0x10220d</run_address>
         <size>0xe</size>
         <input_file_ref idref="fl-3e"/>
      </object_component>
      <object_component id="oc-28a">
         <name>.text</name>
         <load_address>0x10221b</load_address>
         <run_address>0x10221b</run_address>
         <size>0xd</size>
         <input_file_ref idref="fl-5a"/>
      </object_component>
      <object_component id="oc-29a">
         <name>.text</name>
         <load_address>0x102228</load_address>
         <run_address>0x102228</run_address>
         <size>0xb</size>
         <input_file_ref idref="fl-5d"/>
      </object_component>
      <object_component id="oc-174">
         <name>.text</name>
         <load_address>0x102233</load_address>
         <run_address>0x102233</run_address>
         <size>0xb</size>
         <input_file_ref idref="fl-49"/>
      </object_component>
      <object_component id="oc-2b0">
         <name>.text</name>
         <load_address>0x10223e</load_address>
         <run_address>0x10223e</run_address>
         <size>0xa</size>
         <input_file_ref idref="fl-75"/>
      </object_component>
      <object_component id="oc-285">
         <name>.text</name>
         <load_address>0x102248</load_address>
         <run_address>0x102248</run_address>
         <size>0x9</size>
         <input_file_ref idref="fl-53"/>
      </object_component>
      <object_component id="oc-138">
         <name>.text</name>
         <load_address>0x102251</load_address>
         <run_address>0x102251</run_address>
         <size>0x9</size>
         <input_file_ref idref="fl-3d"/>
      </object_component>
      <object_component id="oc-98">
         <name>.text</name>
         <load_address>0x10225a</load_address>
         <run_address>0x10225a</run_address>
         <size>0x8</size>
         <input_file_ref idref="fl-f"/>
      </object_component>
      <object_component id="oc-eb">
         <name>.text</name>
         <load_address>0x102262</load_address>
         <run_address>0x102262</run_address>
         <size>0x8</size>
         <input_file_ref idref="fl-1f"/>
      </object_component>
      <object_component id="oc-289">
         <name>.text</name>
         <load_address>0x10226a</load_address>
         <run_address>0x10226a</run_address>
         <size>0x8</size>
         <input_file_ref idref="fl-5f"/>
      </object_component>
      <object_component id="oc-290">
         <name>.text</name>
         <load_address>0x102272</load_address>
         <run_address>0x102272</run_address>
         <size>0x8</size>
         <input_file_ref idref="fl-63"/>
      </object_component>
      <object_component id="oc-28c">
         <name>.text</name>
         <load_address>0x10227a</load_address>
         <run_address>0x10227a</run_address>
         <size>0x7</size>
         <input_file_ref idref="fl-5c"/>
      </object_component>
      <object_component id="oc-28d">
         <name>.text</name>
         <load_address>0x102281</load_address>
         <run_address>0x102281</run_address>
         <size>0x5</size>
         <input_file_ref idref="fl-5e"/>
      </object_component>
      <object_component id="oc-273">
         <name>.text</name>
         <load_address>0x102286</load_address>
         <run_address>0x102286</run_address>
         <size>0x4</size>
         <input_file_ref idref="fl-3"/>
      </object_component>
      <object_component id="oc-a4">
         <name>.text</name>
         <load_address>0x10228a</load_address>
         <run_address>0x10228a</run_address>
         <size>0x3</size>
         <input_file_ref idref="fl-11"/>
      </object_component>
      <object_component id="oc-2ad">
         <name>.text</name>
         <load_address>0x10228d</load_address>
         <run_address>0x10228d</run_address>
         <size>0x3</size>
         <input_file_ref idref="fl-77"/>
      </object_component>
      <object_component id="oc-26b">
         <name>.text</name>
         <load_address>0x102290</load_address>
         <run_address>0x102290</run_address>
         <size>0x2</size>
         <input_file_ref idref="fl-50"/>
      </object_component>
      <object_component id="oc-26d">
         <name>.text</name>
         <load_address>0x102292</load_address>
         <run_address>0x102292</run_address>
         <size>0x1</size>
         <input_file_ref idref="fl-51"/>
      </object_component>
      <object_component id="oc-279">
         <name>.cinit:__ftable</name>
         <load_address>0x3f8002</load_address>
         <run_address>0x3f8002</run_address>
         <size>0x26</size>
         <input_file_ref idref="fl-58"/>
      </object_component>
      <object_component id="oc-29f">
         <name>.cinit:__device</name>
         <load_address>0x3f8028</load_address>
         <run_address>0x3f8028</run_address>
         <size>0x1b</size>
         <input_file_ref idref="fl-61"/>
      </object_component>
      <object_component id="oc-295">
         <name>.cinit:__stream</name>
         <load_address>0x3f8043</load_address>
         <run_address>0x3f8043</run_address>
         <size>0xe</size>
         <input_file_ref idref="fl-61"/>
      </object_component>
      <object_component id="oc-1a2">
         <name>.cinit</name>
         <load_address>0x3f8051</load_address>
         <run_address>0x3f8051</run_address>
         <size>0xe</size>
         <input_file_ref idref="fl-52"/>
      </object_component>
      <object_component id="oc-284">
         <name>.cinit:_msg</name>
         <load_address>0x3f805f</load_address>
         <run_address>0x3f805f</run_address>
         <size>0xd</size>
         <input_file_ref idref="fl-c"/>
      </object_component>
      <object_component id="oc-60">
         <name>.cinit</name>
         <load_address>0x3f806c</load_address>
         <run_address>0x3f806c</run_address>
         <size>0xd</size>
         <input_file_ref idref="fl-7"/>
      </object_component>
      <object_component id="oc-59">
         <name>.cinit</name>
         <load_address>0x3f8079</load_address>
         <run_address>0x3f8079</run_address>
         <size>0x8</size>
         <input_file_ref idref="fl-6"/>
      </object_component>
      <object_component id="oc-78">
         <name>.cinit</name>
         <load_address>0x3f8081</load_address>
         <run_address>0x3f8081</run_address>
         <size>0x8</size>
         <input_file_ref idref="fl-a"/>
      </object_component>
      <object_component id="oc-275">
         <name>.cinit:__lock</name>
         <load_address>0x3f8089</load_address>
         <run_address>0x3f8089</run_address>
         <size>0x5</size>
         <input_file_ref idref="fl-53"/>
      </object_component>
      <object_component id="oc-27b">
         <name>.cinit:__unlock</name>
         <load_address>0x3f808e</load_address>
         <run_address>0x3f808e</run_address>
         <size>0x5</size>
         <input_file_ref idref="fl-53"/>
      </object_component>
      <object_component id="oc-4b">
         <name>.cinit</name>
         <load_address>0x3f8093</load_address>
         <run_address>0x3f8093</run_address>
         <size>0x5</size>
         <input_file_ref idref="fl-4"/>
      </object_component>
      <object_component id="oc-27e">
         <name>.cinit:_DisData_Bit</name>
         <load_address>0x3f8098</load_address>
         <run_address>0x3f8098</run_address>
         <size>0x4</size>
         <input_file_ref idref="fl-c"/>
      </object_component>
      <object_component id="oc-69">
         <name>.cinit</name>
         <load_address>0x3f809c</load_address>
         <run_address>0x3f809c</run_address>
         <size>0x4</size>
         <input_file_ref idref="fl-8"/>
      </object_component>
      <object_component id="oc-81">
         <name>.cinit</name>
         <load_address>0x3f80a0</load_address>
         <run_address>0x3f80a0</run_address>
         <size>0x4</size>
         <input_file_ref idref="fl-b"/>
      </object_component>
      <object_component id="oc-89">
         <name>.cinit</name>
         <load_address>0x3f80a4</load_address>
         <run_address>0x3f80a4</run_address>
         <size>0x4</size>
         <input_file_ref idref="fl-c"/>
      </object_component>
      <object_component id="oc-1bf">
         <name>.cinit</name>
         <load_address>0x3f80a8</load_address>
         <run_address>0x3f80a8</run_address>
         <size>0x4</size>
         <input_file_ref idref="fl-58"/>
      </object_component>
      <object_component id="oc-1f0">
         <name>.cinit</name>
         <load_address>0x3f80ac</load_address>
         <run_address>0x3f80ac</run_address>
         <size>0x4</size>
         <input_file_ref idref="fl-62"/>
      </object_component>
      <object_component id="oc-1fe">
         <name>.cinit</name>
         <load_address>0x3f80b0</load_address>
         <run_address>0x3f80b0</run_address>
         <size>0x4</size>
         <input_file_ref idref="fl-65"/>
      </object_component>
      <object_component id="oc-1cd">
         <name>.cinit</name>
         <load_address>0x3f80b4</load_address>
         <run_address>0x3f80b4</run_address>
         <size>0x4</size>
         <input_file_ref idref="fl-5b"/>
      </object_component>
      <object_component id="oc-23d">
         <name>.cinit</name>
         <load_address>0x3f80b8</load_address>
         <run_address>0x3f80b8</run_address>
         <size>0x4</size>
         <input_file_ref idref="fl-71"/>
      </object_component>
      <object_component id="oc-124">
         <name>.reset</name>
         <load_address>0x3fffc0</load_address>
         <run_address>0x3fffc0</run_address>
         <size>0x2</size>
         <input_file_ref idref="fl-39"/>
      </object_component>
      <object_component id="oc-123">
         <name>.stack</name>
         <uninitialized>true</uninitialized>
         <run_address>0x400</run_address>
         <size>0x0</size>
         <input_file_ref idref="fl-39"/>
      </object_component>
      <object_component id="oc-2ec">
         <name>.stack</name>
         <uninitialized>true</uninitialized>
         <run_address>0x400</run_address>
         <size>0x0</size>
      </object_component>
      <object_component id="oc-4c">
         <name>.ebss</name>
         <uninitialized>true</uninitialized>
         <run_address>0x10246a</run_address>
         <size>0x2</size>
         <input_file_ref idref="fl-4"/>
      </object_component>
      <object_component id="oc-52">
         <name>.ebss</name>
         <uninitialized>true</uninitialized>
         <run_address>0x10246c</run_address>
         <size>0x2</size>
         <input_file_ref idref="fl-5"/>
      </object_component>
      <object_component id="oc-5a">
         <name>.ebss</name>
         <uninitialized>true</uninitialized>
         <run_address>0x10246e</run_address>
         <size>0x2</size>
         <input_file_ref idref="fl-6"/>
      </object_component>
      <object_component id="oc-61">
         <name>.ebss</name>
         <uninitialized>true</uninitialized>
         <run_address>0x102458</run_address>
         <size>0x4</size>
         <input_file_ref idref="fl-7"/>
      </object_component>
      <object_component id="oc-6a">
         <name>.ebss</name>
         <uninitialized>true</uninitialized>
         <run_address>0x1023f8</run_address>
         <size>0x6</size>
         <input_file_ref idref="fl-8"/>
      </object_component>
      <object_component id="oc-71">
         <name>.ebss</name>
         <uninitialized>true</uninitialized>
         <run_address>0x10245c</run_address>
         <size>0x4</size>
         <input_file_ref idref="fl-9"/>
      </object_component>
      <object_component id="oc-79">
         <name>.ebss</name>
         <uninitialized>true</uninitialized>
         <run_address>0x102464</run_address>
         <size>0x3</size>
         <input_file_ref idref="fl-a"/>
      </object_component>
      <object_component id="oc-82">
         <name>.ebss</name>
         <uninitialized>true</uninitialized>
         <run_address>0x102470</run_address>
         <size>0x2</size>
         <input_file_ref idref="fl-b"/>
      </object_component>
      <object_component id="oc-8a">
         <name>.ebss</name>
         <uninitialized>true</uninitialized>
         <run_address>0x102467</run_address>
         <size>0x1</size>
         <input_file_ref idref="fl-c"/>
      </object_component>
      <object_component id="oc-27d">
         <name>.ebss:_DisData_Bit</name>
         <uninitialized>true</uninitialized>
         <run_address>0x1022bc</run_address>
         <size>0x4</size>
         <input_file_ref idref="fl-c"/>
      </object_component>
      <object_component id="oc-283">
         <name>.ebss:_msg</name>
         <uninitialized>true</uninitialized>
         <run_address>0x102448</run_address>
         <size>0xa</size>
         <input_file_ref idref="fl-c"/>
      </object_component>
      <object_component id="oc-9f">
         <name>.ebss</name>
         <uninitialized>true</uninitialized>
         <run_address>0x102360</run_address>
         <size>0x18</size>
         <input_file_ref idref="fl-10"/>
      </object_component>
      <object_component id="oc-1a3">
         <name>.ebss</name>
         <uninitialized>true</uninitialized>
         <run_address>0x102452</run_address>
         <size>0x6</size>
         <input_file_ref idref="fl-52"/>
      </object_component>
      <object_component id="oc-274">
         <name>.ebss:__lock</name>
         <uninitialized>true</uninitialized>
         <run_address>0x1023fe</run_address>
         <size>0x2</size>
         <input_file_ref idref="fl-53"/>
      </object_component>
      <object_component id="oc-27a">
         <name>.ebss:__unlock</name>
         <uninitialized>true</uninitialized>
         <run_address>0x102468</run_address>
         <size>0x2</size>
         <input_file_ref idref="fl-53"/>
      </object_component>
      <object_component id="oc-1c0">
         <name>.ebss</name>
         <uninitialized>true</uninitialized>
         <run_address>0x102472</run_address>
         <size>0x1</size>
         <input_file_ref idref="fl-58"/>
      </object_component>
      <object_component id="oc-278">
         <name>.ebss:__ftable</name>
         <uninitialized>true</uninitialized>
         <run_address>0x102380</run_address>
         <size>0x78</size>
         <input_file_ref idref="fl-58"/>
      </object_component>
      <object_component id="oc-2ac">
         <name>.ebss:___TI_tmpnams</name>
         <uninitialized>true</uninitialized>
         <run_address>0x1022c0</run_address>
         <size>0xa0</size>
         <input_file_ref idref="fl-58"/>
      </object_component>
      <object_component id="oc-1ce">
         <name>.ebss</name>
         <uninitialized>true</uninitialized>
         <run_address>0x102460</run_address>
         <size>0x4</size>
         <input_file_ref idref="fl-5b"/>
      </object_component>
      <object_component id="oc-294">
         <name>.ebss:__stream</name>
         <uninitialized>true</uninitialized>
         <run_address>0x102294</run_address>
         <size>0x28</size>
         <input_file_ref idref="fl-61"/>
      </object_component>
      <object_component id="oc-29e">
         <name>.ebss:__device</name>
         <uninitialized>true</uninitialized>
         <run_address>0x102400</run_address>
         <size>0x48</size>
         <input_file_ref idref="fl-61"/>
      </object_component>
      <object_component id="oc-1f1">
         <name>.ebss</name>
         <uninitialized>true</uninitialized>
         <run_address>0x102473</run_address>
         <size>0x1</size>
         <input_file_ref idref="fl-62"/>
      </object_component>
      <object_component id="oc-1ff">
         <name>.ebss</name>
         <uninitialized>true</uninitialized>
         <run_address>0x102474</run_address>
         <size>0x1</size>
         <input_file_ref idref="fl-65"/>
      </object_component>
      <object_component id="oc-2ae">
         <name>.ebss:_parmbuf</name>
         <uninitialized>true</uninitialized>
         <run_address>0x102378</run_address>
         <size>0x8</size>
         <input_file_ref idref="fl-6b"/>
      </object_component>
      <object_component id="oc-23e">
         <name>.ebss</name>
         <uninitialized>true</uninitialized>
         <run_address>0x102475</run_address>
         <size>0x1</size>
         <input_file_ref idref="fl-71"/>
      </object_component>
      <object_component id="oc-296">
         <name>.econst:.string:__ctypes_</name>
         <load_address>0x3f9400</load_address>
         <run_address>0x3f9400</run_address>
         <size>0x101</size>
         <input_file_ref idref="fl-57"/>
      </object_component>
      <object_component id="oc-291">
         <name>.econst:_PieVectTableInit</name>
         <load_address>0x3f9502</load_address>
         <run_address>0x3f9502</run_address>
         <size>0x100</size>
         <input_file_ref idref="fl-19"/>
      </object_component>
      <object_component id="oc-8c">
         <name>.econst:.string</name>
         <load_address>0x3f9602</load_address>
         <run_address>0x3f9602</run_address>
         <size>0x44</size>
         <input_file_ref idref="fl-c"/>
      </object_component>
      <object_component id="oc-6b">
         <name>.econst:.string</name>
         <load_address>0x3f9646</load_address>
         <run_address>0x3f9646</run_address>
         <size>0x2e</size>
         <input_file_ref idref="fl-8"/>
      </object_component>
      <object_component id="oc-fd">
         <name>.econst:.string</name>
         <load_address>0x3f9674</load_address>
         <run_address>0x3f9674</run_address>
         <size>0x26</size>
         <input_file_ref idref="fl-32"/>
      </object_component>
      <object_component id="oc-7b">
         <name>.econst:.string</name>
         <load_address>0x3f969a</load_address>
         <run_address>0x3f969a</run_address>
         <size>0x20</size>
         <input_file_ref idref="fl-a"/>
      </object_component>
      <object_component id="oc-fc">
         <name>.econst</name>
         <load_address>0x3f96ba</load_address>
         <run_address>0x3f96ba</run_address>
         <size>0x1c</size>
         <input_file_ref idref="fl-32"/>
      </object_component>
      <object_component id="oc-11e">
         <name>.econst</name>
         <load_address>0x3f96d6</load_address>
         <run_address>0x3f96d6</run_address>
         <size>0x1c</size>
         <input_file_ref idref="fl-38"/>
      </object_component>
      <object_component id="oc-53">
         <name>.econst:.string</name>
         <load_address>0x3f96f2</load_address>
         <run_address>0x3f96f2</run_address>
         <size>0x14</size>
         <input_file_ref idref="fl-5"/>
      </object_component>
      <object_component id="oc-63">
         <name>.econst:.string</name>
         <load_address>0x3f9706</load_address>
         <run_address>0x3f9706</run_address>
         <size>0xb</size>
         <input_file_ref idref="fl-7"/>
      </object_component>
      <object_component id="oc-83">
         <name>.econst:.string</name>
         <load_address>0x3f9712</load_address>
         <run_address>0x3f9712</run_address>
         <size>0xb</size>
         <input_file_ref idref="fl-b"/>
      </object_component>
      <object_component id="oc-118">
         <name>.econst</name>
         <load_address>0x3f971e</load_address>
         <run_address>0x3f971e</run_address>
         <size>0x8</size>
         <input_file_ref idref="fl-37"/>
      </object_component>
      <object_component id="oc-108">
         <name>.econst:.string</name>
         <load_address>0x3f9726</load_address>
         <run_address>0x3f9726</run_address>
         <size>0x2</size>
         <input_file_ref idref="fl-34"/>
      </object_component>
      <object_component id="oc-1cf">
         <name>.esysmem</name>
         <uninitialized>true</uninitialized>
         <run_address>0x3f9000</run_address>
         <size>0x4</size>
         <input_file_ref idref="fl-5b"/>
      </object_component>
      <object_component id="oc-2ed">
         <name>.esysmem</name>
         <uninitialized>true</uninitialized>
         <run_address>0x3f9000</run_address>
         <size>0x0</size>
      </object_component>
      <object_component id="oc-29">
         <name>.debug_info</name>
         <load_address>0x0</load_address>
         <run_address>0x0</run_address>
         <size>0x1357d</size>
         <input_file_ref idref="fl-2"/>
      </object_component>
      <object_component id="oc-45">
         <name>.debug_info</name>
         <load_address>0x1357d</load_address>
         <run_address>0x1357d</run_address>
         <size>0x2fd</size>
         <input_file_ref idref="fl-3"/>
      </object_component>
      <object_component id="oc-4a">
         <name>.debug_info</name>
         <load_address>0x1387a</load_address>
         <run_address>0x1387a</run_address>
         <size>0x3eca</size>
         <input_file_ref idref="fl-4"/>
      </object_component>
      <object_component id="oc-51">
         <name>.debug_info</name>
         <load_address>0x17744</load_address>
         <run_address>0x17744</run_address>
         <size>0x3f79</size>
         <input_file_ref idref="fl-5"/>
      </object_component>
      <object_component id="oc-58">
         <name>.debug_info</name>
         <load_address>0x1b6bd</load_address>
         <run_address>0x1b6bd</run_address>
         <size>0x4713</size>
         <input_file_ref idref="fl-6"/>
      </object_component>
      <object_component id="oc-5f">
         <name>.debug_info</name>
         <load_address>0x1fdd0</load_address>
         <run_address>0x1fdd0</run_address>
         <size>0x596b</size>
         <input_file_ref idref="fl-7"/>
      </object_component>
      <object_component id="oc-68">
         <name>.debug_info</name>
         <load_address>0x2573b</load_address>
         <run_address>0x2573b</run_address>
         <size>0x3fba</size>
         <input_file_ref idref="fl-8"/>
      </object_component>
      <object_component id="oc-70">
         <name>.debug_info</name>
         <load_address>0x296f5</load_address>
         <run_address>0x296f5</run_address>
         <size>0x2048</size>
         <input_file_ref idref="fl-9"/>
      </object_component>
      <object_component id="oc-77">
         <name>.debug_info</name>
         <load_address>0x2b73d</load_address>
         <run_address>0x2b73d</run_address>
         <size>0x5aa9</size>
         <input_file_ref idref="fl-a"/>
      </object_component>
      <object_component id="oc-80">
         <name>.debug_info</name>
         <load_address>0x311e6</load_address>
         <run_address>0x311e6</run_address>
         <size>0x5c9a</size>
         <input_file_ref idref="fl-b"/>
      </object_component>
      <object_component id="oc-88">
         <name>.debug_info</name>
         <load_address>0x36e80</load_address>
         <run_address>0x36e80</run_address>
         <size>0x7850</size>
         <input_file_ref idref="fl-c"/>
      </object_component>
      <object_component id="oc-91">
         <name>.debug_info</name>
         <load_address>0x3e6d0</load_address>
         <run_address>0x3e6d0</run_address>
         <size>0x114a</size>
         <input_file_ref idref="fl-d"/>
      </object_component>
      <object_component id="oc-9b">
         <name>.debug_info</name>
         <load_address>0x3f81a</load_address>
         <run_address>0x3f81a</run_address>
         <size>0x127</size>
         <input_file_ref idref="fl-f"/>
      </object_component>
      <object_component id="oc-9e">
         <name>.debug_info</name>
         <load_address>0x3f941</load_address>
         <run_address>0x3f941</run_address>
         <size>0x795</size>
         <input_file_ref idref="fl-10"/>
      </object_component>
      <object_component id="oc-a6">
         <name>.debug_info</name>
         <load_address>0x400d6</load_address>
         <run_address>0x400d6</run_address>
         <size>0xe8</size>
         <input_file_ref idref="fl-11"/>
      </object_component>
      <object_component id="oc-a9">
         <name>.debug_info</name>
         <load_address>0x401be</load_address>
         <run_address>0x401be</run_address>
         <size>0x1dc9</size>
         <input_file_ref idref="fl-12"/>
      </object_component>
      <object_component id="oc-af">
         <name>.debug_info</name>
         <load_address>0x41f87</load_address>
         <run_address>0x41f87</run_address>
         <size>0x5c63</size>
         <input_file_ref idref="fl-13"/>
      </object_component>
      <object_component id="oc-b4">
         <name>.debug_info</name>
         <load_address>0x47bea</load_address>
         <run_address>0x47bea</run_address>
         <size>0x2ac</size>
         <input_file_ref idref="fl-14"/>
      </object_component>
      <object_component id="oc-b9">
         <name>.debug_info</name>
         <load_address>0x47e96</load_address>
         <run_address>0x47e96</run_address>
         <size>0x1aa0</size>
         <input_file_ref idref="fl-15"/>
      </object_component>
      <object_component id="oc-be">
         <name>.debug_info</name>
         <load_address>0x49936</load_address>
         <run_address>0x49936</run_address>
         <size>0x36d</size>
         <input_file_ref idref="fl-16"/>
      </object_component>
      <object_component id="oc-c3">
         <name>.debug_info</name>
         <load_address>0x49ca3</load_address>
         <run_address>0x49ca3</run_address>
         <size>0x2c4</size>
         <input_file_ref idref="fl-17"/>
      </object_component>
      <object_component id="oc-c8">
         <name>.debug_info</name>
         <load_address>0x49f67</load_address>
         <run_address>0x49f67</run_address>
         <size>0xab5</size>
         <input_file_ref idref="fl-18"/>
      </object_component>
      <object_component id="oc-cd">
         <name>.debug_info</name>
         <load_address>0x4aa1c</load_address>
         <run_address>0x4aa1c</run_address>
         <size>0x1fdd</size>
         <input_file_ref idref="fl-19"/>
      </object_component>
      <object_component id="oc-d2">
         <name>.debug_info</name>
         <load_address>0x4c9f9</load_address>
         <run_address>0x4c9f9</run_address>
         <size>0x2ad</size>
         <input_file_ref idref="fl-1a"/>
      </object_component>
      <object_component id="oc-d7">
         <name>.debug_info</name>
         <load_address>0x4cca6</load_address>
         <run_address>0x4cca6</run_address>
         <size>0x22c8</size>
         <input_file_ref idref="fl-1b"/>
      </object_component>
      <object_component id="oc-dc">
         <name>.debug_info</name>
         <load_address>0x4ef6e</load_address>
         <run_address>0x4ef6e</run_address>
         <size>0x1563</size>
         <input_file_ref idref="fl-1c"/>
      </object_component>
      <object_component id="oc-e1">
         <name>.debug_info</name>
         <load_address>0x504d1</load_address>
         <run_address>0x504d1</run_address>
         <size>0x2b2</size>
         <input_file_ref idref="fl-1d"/>
      </object_component>
      <object_component id="oc-e6">
         <name>.debug_info</name>
         <load_address>0x50783</load_address>
         <run_address>0x50783</run_address>
         <size>0x81c</size>
         <input_file_ref idref="fl-1e"/>
      </object_component>
      <object_component id="oc-ee">
         <name>.debug_info</name>
         <load_address>0x50f9f</load_address>
         <run_address>0x50f9f</run_address>
         <size>0xed</size>
         <input_file_ref idref="fl-1f"/>
      </object_component>
      <object_component id="oc-f3">
         <name>.debug_info</name>
         <load_address>0x5108c</load_address>
         <run_address>0x5108c</run_address>
         <size>0xea</size>
         <input_file_ref idref="fl-20"/>
      </object_component>
      <object_component id="oc-f6">
         <name>.debug_info</name>
         <load_address>0x51176</load_address>
         <run_address>0x51176</run_address>
         <size>0x6ad</size>
         <input_file_ref idref="fl-31"/>
      </object_component>
      <object_component id="oc-fb">
         <name>.debug_info</name>
         <load_address>0x51823</load_address>
         <run_address>0x51823</run_address>
         <size>0x29bd</size>
         <input_file_ref idref="fl-32"/>
      </object_component>
      <object_component id="oc-102">
         <name>.debug_info</name>
         <load_address>0x541e0</load_address>
         <run_address>0x541e0</run_address>
         <size>0x5da</size>
         <input_file_ref idref="fl-33"/>
      </object_component>
      <object_component id="oc-107">
         <name>.debug_info</name>
         <load_address>0x547ba</load_address>
         <run_address>0x547ba</run_address>
         <size>0x790</size>
         <input_file_ref idref="fl-34"/>
      </object_component>
      <object_component id="oc-10d">
         <name>.debug_info</name>
         <load_address>0x54f4a</load_address>
         <run_address>0x54f4a</run_address>
         <size>0x559</size>
         <input_file_ref idref="fl-35"/>
      </object_component>
      <object_component id="oc-112">
         <name>.debug_info</name>
         <load_address>0x554a3</load_address>
         <run_address>0x554a3</run_address>
         <size>0x5a2</size>
         <input_file_ref idref="fl-36"/>
      </object_component>
      <object_component id="oc-117">
         <name>.debug_info</name>
         <load_address>0x55a45</load_address>
         <run_address>0x55a45</run_address>
         <size>0x43f</size>
         <input_file_ref idref="fl-37"/>
      </object_component>
      <object_component id="oc-11d">
         <name>.debug_info</name>
         <load_address>0x55e84</load_address>
         <run_address>0x55e84</run_address>
         <size>0x4cb</size>
         <input_file_ref idref="fl-38"/>
      </object_component>
      <object_component id="oc-125">
         <name>.debug_info</name>
         <load_address>0x5634f</load_address>
         <run_address>0x5634f</run_address>
         <size>0x173</size>
         <input_file_ref idref="fl-39"/>
      </object_component>
      <object_component id="oc-12a">
         <name>.debug_info</name>
         <load_address>0x564c2</load_address>
         <run_address>0x564c2</run_address>
         <size>0x114</size>
         <input_file_ref idref="fl-3a"/>
      </object_component>
      <object_component id="oc-12f">
         <name>.debug_info</name>
         <load_address>0x565d6</load_address>
         <run_address>0x565d6</run_address>
         <size>0x120</size>
         <input_file_ref idref="fl-3b"/>
      </object_component>
      <object_component id="oc-134">
         <name>.debug_info</name>
         <load_address>0x566f6</load_address>
         <run_address>0x566f6</run_address>
         <size>0x114</size>
         <input_file_ref idref="fl-3c"/>
      </object_component>
      <object_component id="oc-139">
         <name>.debug_info</name>
         <load_address>0x5680a</load_address>
         <run_address>0x5680a</run_address>
         <size>0x114</size>
         <input_file_ref idref="fl-3d"/>
      </object_component>
      <object_component id="oc-13e">
         <name>.debug_info</name>
         <load_address>0x5691e</load_address>
         <run_address>0x5691e</run_address>
         <size>0x122</size>
         <input_file_ref idref="fl-3e"/>
      </object_component>
      <object_component id="oc-143">
         <name>.debug_info</name>
         <load_address>0x56a40</load_address>
         <run_address>0x56a40</run_address>
         <size>0x114</size>
         <input_file_ref idref="fl-3f"/>
      </object_component>
      <object_component id="oc-148">
[...]
         <value>0x10172d</value>
         <object_component_ref idref="oc-27f"/>
      </symbol>
      <symbol id="sm-333">
         <name>_InitPeripheralClocks</name>
         <value>0x101756</value>
         <object_component_ref idref="oc-27f"/>
      </symbol>
      <symbol id="sm-335">
         <name>_KickDog</name>
         <value>0x101723</value>
         <object_component_ref idref="oc-27f"/>
      </symbol>
      <symbol id="sm-337">
         <name>_CsmUnlock</name>
         <value>0x101770</value>
         <object_component_ref idref="oc-27f"/>
      </symbol>
      <symbol id="sm-339">
         <name>_InitSysCtrl</name>
         <value>0x10171b</value>
         <object_component_ref idref="oc-27f"/>
      </symbol>
      <symbol id="sm-368">
         <name>_DSP28x_usDelay</name>
         <value>0x3f80be</value>
         <object_component_ref idref="oc-f1"/>
      </symbol>
      <symbol id="sm-378">
         <name>_printf</name>
         <value>0x101dd3</value>
         <object_component_ref idref="oc-270"/>
      </symbol>
      <symbol id="sm-4dd">
         <name>___TI_printfi</name>
         <value>0x100b12</value>
         <object_component_ref idref="oc-27c"/>
      </symbol>
      <symbol id="sm-4f0">
         <name>_putchar</name>
         <value>0x101c3a</value>
         <object_component_ref idref="oc-276"/>
      </symbol>
      <symbol id="sm-4f2">
         <name>_putc</name>
         <value>0x101bf0</value>
         <object_component_ref idref="oc-276"/>
      </symbol>
      <symbol id="sm-4f3">
         <name>_fputc</name>
         <value>0x101bf0</value>
         <object_component_ref idref="oc-276"/>
      </symbol>
      <symbol id="sm-510">
         <name>_puts</name>
         <value>0x10154d</value>
         <object_component_ref idref="oc-277"/>
      </symbol>
      <symbol id="sm-512">
         <name>_fputs</name>
         <value>0x1014bd</value>
         <object_component_ref idref="oc-277"/>
      </symbol>
      <symbol id="sm-52a">
         <name>___TI_rd_ok</name>
         <value>0x1019b2</value>
         <object_component_ref idref="oc-286"/>
      </symbol>
      <symbol id="sm-52c">
         <name>___TI_wrt_ok</name>
         <value>0x101977</value>
         <object_component_ref idref="oc-286"/>
      </symbol>
      <symbol id="sm-544">
         <name>_setvbuf</name>
         <value>0x101824</value>
         <object_component_ref idref="oc-293"/>
      </symbol>
      <symbol id="sm-558">
         <name>_frexpl</name>
         <value>0x101a3b</value>
         <object_component_ref idref="oc-298"/>
      </symbol>
      <symbol id="sm-577">
         <name>_scalbnl</name>
         <value>0x101411</value>
         <object_component_ref idref="oc-299"/>
      </symbol>
      <symbol id="sm-579">
         <name>_ldexpl</name>
         <value>0x101411</value>
         <object_component_ref idref="oc-299"/>
      </symbol>
      <symbol id="sm-594">
         <name>_c_int00</name>
         <value>0x101b4c</value>
         <object_component_ref idref="oc-28"/>
      </symbol>
      <symbol id="sm-595">
         <name>__stack</name>
         <value>0x400</value>
         <object_component_ref idref="oc-123"/>
      </symbol>
      <symbol id="sm-5b0">
         <name>FD$$ADD</name>
         <value>0x101560</value>
         <object_component_ref idref="oc-129"/>
      </symbol>
      <symbol id="sm-5c0">
         <name>FD$$CMP</name>
         <value>0x101e93</value>
         <object_component_ref idref="oc-12e"/>
      </symbol>
      <symbol id="sm-5d2">
         <name>FD$$MPY</name>
         <value>0x1017a1</value>
         <object_component_ref idref="oc-133"/>
      </symbol>
      <symbol id="sm-5df">
         <name>FD$$NEG</name>
         <value>0x102251</value>
         <object_component_ref idref="oc-138"/>
      </symbol>
      <symbol id="sm-5eb">
         <name>FD$$SUB</name>
         <value>0x10220d</value>
         <object_component_ref idref="oc-13d"/>
      </symbol>
      <symbol id="sm-5fa">
         <name>FD$$TOI</name>
         <value>0x10203b</value>
         <object_component_ref idref="oc-142"/>
      </symbol>
      <symbol id="sm-609">
         <name>FD$$TOL</name>
         <value>0x10207c</value>
         <object_component_ref idref="oc-147"/>
      </symbol>
      <symbol id="sm-61b">
         <name>FS$$CMP</name>
         <value>0x10218c</value>
         <object_component_ref idref="oc-14c"/>
      </symbol>
      <symbol id="sm-62c">
         <name>FS$$MPY</name>
         <value>0x101af2</value>
         <object_component_ref idref="oc-151"/>
      </symbol>
      <symbol id="sm-63f">
         <name>FS$$TOL</name>
         <value>0x101f10</value>
         <object_component_ref idref="oc-156"/>
      </symbol>
      <symbol id="sm-64b">
         <name>LL$$AND</name>
         <value>0x102144</value>
         <object_component_ref idref="oc-15b"/>
      </symbol>
      <symbol id="sm-64c">
         <name>LL$$OR</name>
         <value>0x10214c</value>
         <object_component_ref idref="oc-15b"/>
      </symbol>
      <symbol id="sm-64d">
         <name>LL$$XOR</name>
         <value>0x102154</value>
         <object_component_ref idref="oc-15b"/>
      </symbol>
      <symbol id="sm-65b">
         <name>ULL$$CMP</name>
         <value>0x1020ad</value>
         <object_component_ref idref="oc-160"/>
      </symbol>
      <symbol id="sm-65c">
         <name>LL$$CMP</name>
         <value>0x10209b</value>
         <object_component_ref idref="oc-160"/>
      </symbol>
      <symbol id="sm-688">
         <name>ULL$$MOD</name>
         <value>0x1013af</value>
         <object_component_ref idref="oc-165"/>
      </symbol>
      <symbol id="sm-689">
         <name>ULL$$DIV</name>
         <value>0x101380</value>
         <object_component_ref idref="oc-165"/>
      </symbol>
      <symbol id="sm-68a">
         <name>LL$$MOD</name>
         <value>0x101346</value>
         <object_component_ref idref="oc-165"/>
      </symbol>
      <symbol id="sm-68b">
         <name>LL$$DIV</name>
         <value>0x10130a</value>
         <object_component_ref idref="oc-165"/>
      </symbol>
      <symbol id="sm-69b">
         <name>I$$TOFD</name>
         <value>0x1020b9</value>
         <object_component_ref idref="oc-16a"/>
      </symbol>
      <symbol id="sm-6a9">
         <name>I$$MOD</name>
         <value>0x10202a</value>
         <object_component_ref idref="oc-16f"/>
      </symbol>
      <symbol id="sm-6aa">
         <name>I$$DIV</name>
         <value>0x102019</value>
         <object_component_ref idref="oc-16f"/>
      </symbol>
      <symbol id="sm-6b6">
         <name>U$$MOD</name>
         <value>0x102238</value>
         <object_component_ref idref="oc-174"/>
      </symbol>
      <symbol id="sm-6b7">
         <name>U$$DIV</name>
         <value>0x102233</value>
         <object_component_ref idref="oc-174"/>
      </symbol>
      <symbol id="sm-6c7">
         <name>L$$TOFD</name>
         <value>0x10210f</value>
         <object_component_ref idref="oc-179"/>
      </symbol>
      <symbol id="sm-6d7">
         <name>UL$$TOFS</name>
         <value>0x1021cb</value>
         <object_component_ref idref="oc-17e"/>
      </symbol>
      <symbol id="sm-6e7">
         <name>FS$$TOFD</name>
         <value>0x1020f3</value>
         <object_component_ref idref="oc-183"/>
      </symbol>
      <symbol id="sm-6fe">
         <name>FD$$DIV</name>
         <value>0x101690</value>
         <object_component_ref idref="oc-188"/>
      </symbol>
      <symbol id="sm-70d">
         <name>_copy_in</name>
         <value>0x101fd2</value>
         <object_component_ref idref="oc-26c"/>
      </symbol>
      <symbol id="sm-71f">
         <name>_memcpy</name>
         <value>0x1020d6</value>
         <object_component_ref idref="oc-272"/>
      </symbol>
      <symbol id="sm-72c">
         <name>__system_pre_init</name>
         <value>0x102290</value>
         <object_component_ref idref="oc-26b"/>
      </symbol>
      <symbol id="sm-73a">
         <name>__system_post_cinit</name>
         <value>0x102292</value>
         <object_component_ref idref="oc-26d"/>
      </symbol>
      <symbol id="sm-74f">
         <name>C$$EXIT</name>
         <value>0x101ee7</value>
         <object_component_ref idref="oc-26f"/>
      </symbol>
      <symbol id="sm-750">
         <name>_exit</name>
         <value>0x101ee9</value>
         <object_component_ref idref="oc-26f"/>
      </symbol>
      <symbol id="sm-752">
         <name>___TI_cleanup_ptr</name>
         <value>0x102454</value>
         <object_component_ref idref="oc-1a3"/>
      </symbol>
      <symbol id="sm-753">
         <name>___TI_enable_exit_profile_output</name>
         <value>0x102452</value>
         <object_component_ref idref="oc-1a3"/>
      </symbol>
      <symbol id="sm-754">
         <name>_abort</name>
         <value>0x101ee7</value>
         <object_component_ref idref="oc-26f"/>
      </symbol>
      <symbol id="sm-756">
         <name>___TI_dtors_ptr</name>
         <value>0x102456</value>
         <object_component_ref idref="oc-1a3"/>
      </symbol>
      <symbol id="sm-76a">
         <name>__unlock</name>
         <value>0x102468</value>
         <object_component_ref idref="oc-27a"/>
      </symbol>
      <symbol id="sm-76b">
         <name>__lock</name>
         <value>0x1023fe</value>
         <object_component_ref idref="oc-274"/>
      </symbol>
      <symbol id="sm-76c">
         <name>__register_lock</name>
         <value>0x10224c</value>
         <object_component_ref idref="oc-285"/>
      </symbol>
      <symbol id="sm-76e">
         <name>__nop</name>
         <value>0x102250</value>
         <object_component_ref idref="oc-285"/>
      </symbol>
      <symbol id="sm-770">
         <name>__register_unlock</name>
         <value>0x102248</value>
         <object_component_ref idref="oc-285"/>
      </symbol>
      <symbol id="sm-77f">
         <name>___TI_ltoa</name>
         <value>0x101e65</value>
         <object_component_ref idref="oc-297"/>
      </symbol>
      <symbol id="sm-78f">
         <name>__args_main</name>
         <value>0x1021de</value>
         <object_component_ref idref="oc-26e"/>
      </symbol>
      <symbol id="sm-7a4">
         <name>_atoi</name>
         <value>0x101e34</value>
         <object_component_ref idref="oc-28b"/>
      </symbol>
      <symbol id="sm-7ad">
         <name>__ctypes_</name>
         <value>0x3f9400</value>
         <object_component_ref idref="oc-296"/>
      </symbol>
      <symbol id="sm-7be">
         <name>___TI_ft_end</name>
         <value>0x102472</value>
         <object_component_ref idref="oc-1c0"/>
      </symbol>
      <symbol id="sm-7bf">
         <name>___TI_tmpnams</name>
         <value>0x1022c0</value>
         <object_component_ref idref="oc-2ac"/>
      </symbol>
      <symbol id="sm-7c0">
         <name>__ftable</name>
         <value>0x102380</value>
         <object_component_ref idref="oc-278"/>
      </symbol>
      <symbol id="sm-7cf">
         <name>_memccpy</name>
         <value>0x1021ef</value>
         <object_component_ref idref="oc-28f"/>
      </symbol>
      <symbol id="sm-7df">
         <name>_memchr</name>
         <value>0x10221b</value>
         <object_component_ref idref="oc-28a"/>
      </symbol>
      <symbol id="sm-83e">
         <name>__sys_memory</name>
         <value>0x3f9000</value>
         <object_component_ref idref="oc-1cf"/>
      </symbol>
      <symbol id="sm-83f">
         <name>___TI_heap_total_available</name>
         <value>0x100ee5</value>
         <object_component_ref idref="oc-29c"/>
      </symbol>
      <symbol id="sm-841">
         <name>_realloc</name>
         <value>0x100d8b</value>
         <object_component_ref idref="oc-29c"/>
      </symbol>
      <symbol id="sm-843">
         <name>___TI_heap_check</name>
         <value>0x100f1f</value>
         <object_component_ref idref="oc-29c"/>
      </symbol>
      <symbol id="sm-845">
         <name>_free</name>
         <value>0x100cc3</value>
         <object_component_ref idref="oc-29c"/>
      </symbol>
      <symbol id="sm-847">
         <name>_memalign</name>
         <value>0x100e3f</value>
         <object_component_ref idref="oc-29c"/>
      </symbol>
      <symbol id="sm-848">
         <name>_calloc</name>
         <value>0x100e12</value>
         <object_component_ref idref="oc-29c"/>
      </symbol>
      <symbol id="sm-84a">
         <name>_malloc</name>
         <value>0x100c98</value>
         <object_component_ref idref="oc-29c"/>
      </symbol>
      <symbol id="sm-84c">
         <name>_aligned_alloc</name>
         <value>0x100e3f</value>
         <object_component_ref idref="oc-29c"/>
      </symbol>
      <symbol id="sm-84e">
         <name>_minit</name>
         <value>0x100e0e</value>
         <object_component_ref idref="oc-29c"/>
      </symbol>
      <symbol id="sm-850">
         <name>___TI_heap_largest_available</name>
         <value>0x100f02</value>
         <object_component_ref idref="oc-29c"/>
      </symbol>
      <symbol id="sm-85f">
         <name>_memset</name>
         <value>0x10227a</value>
         <object_component_ref idref="oc-28c"/>
      </symbol>
      <symbol id="sm-86f">
         <name>_strchr</name>
         <value>0x102228</value>
         <object_component_ref idref="oc-29a"/>
      </symbol>
      <symbol id="sm-87d">
         <name>_strcpy</name>
         <value>0x102281</value>
         <object_component_ref idref="oc-28d"/>
      </symbol>
      <symbol id="sm-88b">
         <name>_strlen</name>
         <value>0x10226a</value>
         <object_component_ref idref="oc-289"/>
      </symbol>
      <symbol id="sm-899">
         <name>_write</name>
         <value>0x102174</value>
         <object_component_ref idref="oc-288"/>
      </symbol>
      <symbol id="sm-8aa">
         <name>__device</name>
         <value>0x102400</value>
         <object_component_ref idref="oc-29e"/>
      </symbol>
      <symbol id="sm-8ab">
         <name>__stream</name>
         <value>0x102294</value>
         <object_component_ref idref="oc-294"/>
      </symbol>
      <symbol id="sm-8b5">
         <name>_errno</name>
         <value>0x102473</value>
         <object_component_ref idref="oc-1f1"/>
      </symbol>
      <symbol id="sm-8c3">
         <name>_wcslen</name>
         <value>0x102272</value>
         <object_component_ref idref="oc-290"/>
      </symbol>
      <symbol id="sm-8d9">
         <name>___TI_doflush</name>
         <value>0x10190c</value>
         <object_component_ref idref="oc-287"/>
      </symbol>
      <symbol id="sm-8db">
         <name>_fflush</name>
         <value>0x10193b</value>
         <object_component_ref idref="oc-287"/>
      </symbol>
      <symbol id="sm-918">
         <name>_fopen</name>
         <value>0x1012c4</value>
         <object_component_ref idref="oc-29d"/>
      </symbol>
      <symbol id="sm-91a">
         <name>___TI_cleanup</name>
         <value>0x101289</value>
         <object_component_ref idref="oc-29d"/>
      </symbol>
      <symbol id="sm-91c">
         <name>_freopen</name>
         <value>0x1012a6</value>
         <object_component_ref idref="oc-29d"/>
      </symbol>
      <symbol id="sm-92d">
         <name>_fseek</name>
         <value>0x101c7e</value>
         <object_component_ref idref="oc-292"/>
      </symbol>
      <symbol id="sm-92e">
         <name>_fseeko</name>
         <value>0x101c7e</value>
         <object_component_ref idref="oc-292"/>
      </symbol>
      <symbol id="sm-93c">
         <name>_copysignl</name>
         <value>0x101ff6</value>
         <object_component_ref idref="oc-2a0"/>
      </symbol>
      <symbol id="sm-949">
         <name>UL$$MOD</name>
         <value>0x101ee1</value>
         <object_component_ref idref="oc-20e"/>
      </symbol>
      <symbol id="sm-94a">
         <name>L$$MOD</name>
         <value>0x101ecc</value>
         <object_component_ref idref="oc-20e"/>
      </symbol>
      <symbol id="sm-94b">
         <name>L$$DIV</name>
         <value>0x101ebd</value>
         <object_component_ref idref="oc-20e"/>
      </symbol>
      <symbol id="sm-94c">
         <name>UL$$DIV</name>
         <value>0x101eda</value>
         <object_component_ref idref="oc-20e"/>
      </symbol>
      <symbol id="sm-958">
         <name>_HOSTclose</name>
         <value>0x101f61</value>
         <object_component_ref idref="oc-2a4"/>
      </symbol>
      <symbol id="sm-965">
         <name>_HOSTlseek</name>
         <value>0x1019de</value>
         <object_component_ref idref="oc-2a7"/>
      </symbol>
      <symbol id="sm-975">
         <name>_parmbuf</name>
         <value>0x102378</value>
         <object_component_ref idref="oc-2ae"/>
      </symbol>
      <symbol id="sm-976">
         <name>_HOSTopen</name>
         <value>0x101cbb</value>
         <object_component_ref idref="oc-2a3"/>
      </symbol>
      <symbol id="sm-984">
         <name>_HOSTread</name>
         <value>0x101cf4</value>
         <object_component_ref idref="oc-2a5"/>
      </symbol>
      <symbol id="sm-991">
         <name>_HOSTrename</name>
         <value>0x101c3f</value>
         <object_component_ref idref="oc-2a9"/>
      </symbol>
      <symbol id="sm-99e">
         <name>_HOSTunlink</name>
         <value>0x101fad</value>
         <object_component_ref idref="oc-2a8"/>
      </symbol>
      <symbol id="sm-9ac">
         <name>_HOSTwrite</name>
         <value>0x101d2c</value>
         <object_component_ref idref="oc-2a6"/>
      </symbol>
      <symbol id="sm-9c5">
         <name>___TI_readmsg</name>
         <value>0x101654</value>
         <object_component_ref idref="oc-2af"/>
      </symbol>
      <symbol id="sm-9c7">
         <name>C$$IO$$</name>
         <value>0x10164f</value>
         <object_component_ref idref="oc-2af"/>
      </symbol>
      <symbol id="sm-9c8">
         <name>__CIOBUF_</name>
         <value>0x102480</value>
         <object_component_ref idref="oc-237"/>
      </symbol>
      <symbol id="sm-9c9">
         <name>___TI_writemsg</name>
         <value>0x1015fc</value>
         <object_component_ref idref="oc-2af"/>
      </symbol>
      <symbol id="sm-9e5">
         <name>_open</name>
         <value>0x10189d</value>
         <object_component_ref idref="oc-2a1"/>
      </symbol>
      <symbol id="sm-9f3">
         <name>_lseek</name>
         <value>0x10215c</value>
         <object_component_ref idref="oc-29b"/>
      </symbol>
      <symbol id="sm-a05">
         <name>___TI_closefile</name>
         <value>0x101a97</value>
         <object_component_ref idref="oc-2a2"/>
      </symbol>
      <symbol id="sm-a07">
         <name>_fclose</name>
         <value>0x101ad9</value>
         <object_component_ref idref="oc-2a2"/>
      </symbol>
      <symbol id="sm-a19">
         <name>_finddevice</name>
         <value>0x101ba0</value>
         <object_component_ref idref="oc-2aa"/>
      </symbol>
      <symbol id="sm-a1b">
         <name>_getdevice</name>
         <value>0x101bbb</value>
         <object_component_ref idref="oc-2aa"/>
      </symbol>
      <symbol id="sm-a2a">
         <name>_strcmp</name>
         <value>0x10223e</value>
         <object_component_ref idref="oc-2b0"/>
      </symbol>
      <symbol id="sm-a3b">
         <name>_strncpy</name>
         <value>0x1021a3</value>
         <object_component_ref idref="oc-2b1"/>
      </symbol>
      <symbol id="sm-a48">
         <name>_remove</name>
         <value>0x10228d</value>
         <object_component_ref idref="oc-2ad"/>
      </symbol>
      <symbol id="sm-a59">
         <name>_close</name>
         <value>0x101e01</value>
         <object_component_ref idref="oc-2ab"/>
      </symbol>
      <symbol id="sm-a66">
         <name>_unlink</name>
         <value>0x10212b</value>
         <object_component_ref idref="oc-2b2"/>
      </symbol>
   </symbol_table>
   <title>Link successful</title>
</link_info>
